2026-09-24 03:43:08 | INFO | Site crawler starting
2026-09-24 03:43:08 | INFO | Starting crawl: https://www.mamypoko.com.tw
2026-09-24 03:43:08 | INFO | Max pages: 9000, Delay: 350ms, Timeout: 15000ms
2026-09-24 03:43:08 | INFO | Max retries per URL: 1
2026-09-24 03:43:09 | INFO | Robots.txt disallow rules found: 0
2026-09-24 03:43:11 | INFO | ✓ 1/9000 | Queue: 63 | ✅ https://www.mamypoko.com.tw/...
2026-09-24 03:43:12 | INFO | ✓ 2/9000 | Queue: 71 | ✅ https://www.mamypoko.com.tw/product.php...
2026-09-24 03:43:14 | INFO | ✓ 3/9000 | Queue: 76 | ✅ https://www.mamypoko.com.tw/product_list.php...
2026-09-24 03:43:15 | INFO | ✓ 4/9000 | Queue: 82 | ✅ https://www.mamypoko.com.tw/tkopen.php...
2026-09-24 03:43:17 | INFO | ✓ 5/9000 | Queue: 87 | ✅ https://www.mamypoko.com.tw/tkpants.php...
2026-09-24 03:43:18 | INFO | ✓ 6/9000 | Queue: 87 | ✅ https://www.mamypoko.com.tw/product_12.php...
2026-09-24 03:43:19 | INFO | ✓ 7/9000 | Queue: 87 | ✅ https://www.mamypoko.com.tw/product_14.php...
2026-09-24 03:43:21 | INFO | ✓ 8/9000 | Queue: 90 | ✅ https://www.mamypoko.com.tw/product_02_01.php...
2026-09-24 03:43:22 | INFO | ✓ 9/9000 | Queue: 90 | ✅ https://www.mamypoko.com.tw/product_03_01.php...
2026-09-24 03:43:24 | INFO | ✓ 10/9000 | Queue: 89 | ✅ https://www.mamypoko.com.tw/product_11.php...
2026-09-24 03:43:25 | INFO | ✓ 11/9000 | Queue: 89 | ✅ https://www.mamypoko.com.tw/product_08.php...
2026-09-24 03:43:26 | INFO | ✓ 12/9000 | Queue: 97 | ✅ https://www.mamypoko.com.tw/oyasumiman.php...
2026-09-24 03:43:27 | INFO | ✓ 13/9000 | Queue: 97 | ✅ https://www.mamypoko.com.tw/product_05.php...
2026-09-24 03:43:28 | INFO | ✓ 14/9000 | Queue: 97 | ✅ https://www.mamypoko.com.tw/product_06.php...
2026-09-24 03:43:30 | INFO | ✓ 15/9000 | Queue: 97 | ✅ https://www.mamypoko.com.tw/product_13.php...
2026-09-24 03:43:31 | INFO | ✓ 16/9000 | Queue: 97 | ✅ https://www.mamypoko.com.tw/product_07.php...
2026-09-24 03:43:33 | INFO | ✓ 17/9000 | Queue: 97 | ✅ https://www.mamypoko.com.tw/product_09.php...
2026-09-24 03:43:34 | INFO | ✓ 18/9000 | Queue: 105 | ✅ https://www.mamypoko.com.tw/yuuta.php...
2026-09-24 03:43:35 | INFO | ✓ 19/9000 | Queue: 105 | ✅ https://www.mamypoko.com.tw/introduce.php...
2026-09-24 03:43:37 | INFO | ✓ 20/9000 | Queue: 105 | ✅ https://www.mamypoko.com.tw/introduce_about.php...
2026-09-24 03:43:38 | INFO | ✓ 21/9000 | Queue: 107 | ✅ https://www.mamypoko.com.tw/introduce_about_video0...
2026-09-24 03:43:39 | INFO | ✓ 22/9000 | Queue: 107 | ✅ https://www.mamypoko.com.tw/introduce_about_video0...
2026-09-24 03:43:40 | INFO | ✓ 23/9000 | Queue: 107 | ✅ https://www.mamypoko.com.tw/knowled.php...
2026-09-24 03:43:42 | INFO | ✓ 24/9000 | Queue: 112 | ✅ https://www.mamypoko.com.tw/knowledge_01_07.php...
2026-09-24 03:43:43 | INFO | ✓ 25/9000 | Queue: 150 | ✅ https://www.mamypoko.com.tw/knowledge_02.php...
2026-09-24 03:43:45 | INFO | ✓ 26/9000 | Queue: 153 | ✅ https://www.mamypoko.com.tw/knowledge_03_08.php...
2026-09-24 03:43:46 | INFO | ✓ 27/9000 | Queue: 154 | ✅ https://www.mamypoko.com.tw/member.php...
2026-09-24 03:43:47 | INFO | ✓ 28/9000 | Queue: 154 | ✅ https://www.mamypoko.com.tw/questionnaire.php...
2026-09-24 03:43:48 | INFO | ✓ 29/9000 | Queue: 156 | ✅ https://www.mamypoko.com.tw/gotoshopping.php...
2026-09-24 03:43:49 | INFO | ✓ 30/9000 | Queue: 156 | ✅ https://www.mamypoko.com.tw/video.php...
2026-09-24 03:43:51 | INFO | ✓ 31/9000 | Queue: 156 | ✅ https://www.mamypoko.com.tw/member_policy.php...
2026-09-24 03:43:52 | INFO | ✓ 32/9000 | Queue: 157 | ✅ https://www.mamypoko.com.tw/sitemap.php...
2026-09-24 03:43:54 | INFO | ✓ 33/9000 | Queue: 156 | ✅ https://www.mamypoko.com.tw/line_login_brand.php?r...
2026-09-24 03:43:56 | INFO | ✓ 34/9000 | Queue: 155 | ✅ https://www.mamypoko.com.tw/index.php...
2026-09-24 03:43:57 | INFO | ✓ 35/9000 | Queue: 155 | ✅ https://www.mamypoko.com.tw/knowledge_01_01.php...
2026-09-24 03:43:58 | INFO | ✓ 36/9000 | Queue: 155 | ✅ https://www.mamypoko.com.tw/knowledge_01_02.php...
2026-09-24 03:43:59 | INFO | ✓ 37/9000 | Queue: 155 | ✅ https://www.mamypoko.com.tw/knowledge_01_04.php...
2026-09-24 03:44:01 | INFO | ✓ 38/9000 | Queue: 155 | ✅ https://www.mamypoko.com.tw/knowledge_01_05.php...
2026-09-24 03:44:02 | INFO | ✓ 39/9000 | Queue: 155 | ✅ https://www.mamypoko.com.tw/knowledge_01_06.php...
2026-09-24 03:44:03 | INFO | ✓ 40/9000 | Queue: 155 | ✅ https://www.mamypoko.com.tw/knowledge_01_13.php...
2026-09-24 03:44:04 | INFO | ✓ 41/9000 | Queue: 157 | ✅ https://www.mamypoko.com.tw/knowledge_02_06_01.php...
2026-09-24 03:44:06 | INFO | ✓ 42/9000 | Queue: 157 | ✅ https://www.mamypoko.com.tw/knowledge_01_10.php...
2026-09-24 03:44:07 | INFO | ✓ 43/9000 | Queue: 157 | ✅ https://www.mamypoko.com.tw/knowledge_01_12.php...
2026-09-24 03:44:09 | INFO | ✓ 44/9000 | Queue: 157 | ✅ https://www.mamypoko.com.tw/knowledge_01_14.php...
2026-09-24 03:44:10 | INFO | ✓ 45/9000 | Queue: 157 | ✅ https://www.mamypoko.com.tw/knowledge_01_15.php...
2026-09-24 03:44:11 | INFO | ✓ 46/9000 | Queue: 157 | ✅ https://www.mamypoko.com.tw/knowledge_01_08.php...
2026-09-24 03:44:13 | INFO | ✓ 47/9000 | Queue: 158 | ✅ https://www.mamypoko.com.tw/knowledge_01_11.php...
2026-09-24 03:44:14 | INFO | ✓ 48/9000 | Queue: 158 | ✅ https://www.mamypoko.com.tw/knowledge_01_09.php...
2026-09-24 03:44:16 | INFO | ✓ 49/9000 | Queue: 159 | ✅ https://www.mamypoko.com.tw/product_04_03_01.php...
2026-09-24 03:44:17 | INFO | ✓ 50/9000 | Queue: 163 | ✅ https://www.mamypoko.com.tw/knowledge_01_17.php...
2026-09-24 03:44:18 | INFO | ✓ 51/9000 | Queue: 168 | ✅ https://www.mamypoko.com.tw/knowledge_01_16.php...
2026-09-24 03:44:21 | INFO | ✓ 52/9000 | Queue: 154 | ✅ https://www.mamypoko.com.tw/line_login_brand.php?r...
2026-09-24 03:44:22 | INFO | ✓ 53/9000 | Queue: 165 | ✅ https://www.mamypoko.com.tw/product_01_06.php...
2026-09-24 03:44:23 | INFO | ✓ 54/9000 | Queue: 165 | ✅ https://www.mamypoko.com.tw/product_01_01.php...
2026-09-24 03:44:25 | INFO | ✓ 55/9000 | Queue: 165 | ✅ https://www.mamypoko.com.tw/product_03_05.php...
2026-09-24 03:44:26 | INFO | ✓ 56/9000 | Queue: 166 | ✅ https://www.mamypoko.com.tw/product_04_02.php...
2026-09-24 03:44:27 | INFO | ✓ 57/9000 | Queue: 166 | ✅ https://www.mamypoko.com.tw/product_05_02.php...
2026-09-24 03:44:28 | INFO | ✓ 58/9000 | Queue: 166 | ✅ https://www.mamypoko.com.tw/product_05_03.php...
2026-09-24 03:44:29 | INFO | ✓ 59/9000 | Queue: 166 | ✅ https://www.mamypoko.com.tw/product_07_01.php...
2026-09-24 03:44:31 | INFO | ✓ 60/9000 | Queue: 166 | ✅ https://www.mamypoko.com.tw/product_09_01.php...
2026-09-24 03:44:33 | INFO | ✓ 61/9000 | Queue: 165 | ✅ https://www.mamypoko.com.tw/line_login_brand.php?r...
2026-09-24 03:44:34 | INFO | ✓ 62/9000 | Queue: 166 | ✅ https://www.mamypoko.com.tw/knowledge_01_03.php...
2026-09-24 03:44:36 | INFO | ✓ 63/9000 | Queue: 167 | ✅ https://www.mamypoko.com.tw/product_10_02.php...
2026-09-24 03:44:37 | INFO | ✓ 64/9000 | Queue: 166 | ✅ https://www.mamypoko.com.tw/product_10_01.php...
2026-09-24 03:44:38 | INFO | ✓ 65/9000 | Queue: 165 | ⚠️ https://www.mamypoko.com.tw/product_10_00.php...
2026-09-24 03:44:40 | INFO | ✓ 66/9000 | Queue: 164 | ✅ https://www.mamypoko.com.tw/product_04_05.php...
2026-09-24 03:44:42 | INFO | ✓ 67/9000 | Queue: 163 | ✅ https://www.mamypoko.com.tw/line_login_brand.php?r...
2026-09-24 03:44:44 | INFO | ✓ 68/9000 | Queue: 156 | ✅ https://www.mamypoko.com.tw/line_login_brand.php?r...
2026-09-24 03:44:46 | INFO | ✓ 69/9000 | Queue: 150 | ✅ https://www.mamypoko.com.tw/line_login_brand.php?r...
2026-09-24 03:44:48 | INFO | ✓ 70/9000 | Queue: 149 | ✅ https://www.mamypoko.com.tw/line_login_brand.php?r...
2026-09-24 03:44:50 | INFO | ✓ 71/9000 | Queue: 148 | ✅ https://www.mamypoko.com.tw/line_login_brand.php?r...
2026-09-24 03:44:53 | INFO | ✓ 72/9000 | Queue: 144 | ✅ https://www.mamypoko.com.tw/line_login_brand.php?r...
2026-09-24 03:44:56 | INFO | ✓ 73/9000 | Queue: 143 | ✅ https://www.mamypoko.com.tw/line_login_brand.php?r...
2026-09-24 03:44:58 | INFO | ✓ 74/9000 | Queue: 142 | ✅ https://www.mamypoko.com.tw/line_login_brand.php?r...
2026-09-24 03:45:00 | INFO | ✓ 75/9000 | Queue: 147 | ✅ https://www.mamypoko.com.tw/tkpants/2020.html...
2026-09-24 03:45:01 | INFO | ✓ 76/9000 | Queue: 141 | ✅ https://www.mamypoko.com.tw/line_login_brand.php?r...
2026-09-24 03:45:03 | INFO | ✓ 77/9000 | Queue: 140 | ✅ https://www.mamypoko.com.tw/line_login_brand.php?r...
2026-09-24 03:45:05 | INFO | ✓ 78/9000 | Queue: 139 | ✅ https://www.mamypoko.com.tw/line_login_brand.php?r...
2026-09-24 03:45:07 | INFO | ✓ 79/9000 | Queue: 138 | ✅ https://www.mamypoko.com.tw/line_login_brand.php?r...
2026-09-24 03:45:09 | INFO | ✓ 80/9000 | Queue: 137 | ✅ https://www.mamypoko.com.tw/line_login_brand.php?r...
2026-09-24 03:45:11 | INFO | ✓ 81/9000 | Queue: 136 | ✅ https://www.mamypoko.com.tw/line_login_brand.php?r...
2026-09-24 03:45:12 | INFO | ✓ 82/9000 | Queue: 136 | ✅ https://www.mamypoko.com.tw/hospital_point.php...
2026-09-24 03:45:14 | INFO | ✓ 83/9000 | Queue: 136 | ✅ https://www.mamypoko.com.tw/hospital_history.php...
2026-09-24 03:45:15 | INFO | ✓ 84/9000 | Queue: 136 | ✅ https://www.mamypoko.com.tw/hospital_voice.php...
2026-09-24 03:45:16 | INFO | ✓ 85/9000 | Queue: 137 | ✅ https://www.mamypoko.com.tw/hospital_hospital.php...
2026-09-24 03:45:17 | INFO | ✓ 86/9000 | Queue: 137 | ✅ https://www.mamypoko.com.tw/hospital_recommend.php...
2026-09-24 03:45:19 | INFO | ✓ 87/9000 | Queue: 137 | ✅ https://www.mamypoko.com.tw/hospital_news.php...
2026-09-24 03:45:20 | INFO | ✓ 88/9000 | Queue: 138 | ✅ https://www.mamypoko.com.tw/hospital_product_a.php...
2026-09-24 03:45:22 | INFO | ✓ 89/9000 | Queue: 137 | ✅ https://www.mamypoko.com.tw/line_login_brand.php?r...
2026-09-24 03:45:24 | INFO | ✓ 90/9000 | Queue: 136 | ✅ https://www.mamypoko.com.tw/line_login_brand.php?r...
2026-09-24 03:45:26 | INFO | ✓ 91/9000 | Queue: 135 | ✅ https://www.mamypoko.com.tw/line_login_brand.php?r...
2026-09-24 03:45:29 | INFO | ✓ 92/9000 | Queue: 134 | ❌ https://www.mamypoko.com.tw/images/introduce/0709_...
2026-09-24 03:45:32 | INFO | ✓ 93/9000 | Queue: 133 | ❌ https://www.mamypoko.com.tw/images/introduce/0709_...
2026-09-24 03:45:34 | INFO | ✓ 94/9000 | Queue: 132 | ✅ https://www.mamypoko.com.tw/line_login_brand.php?r...
2026-09-24 03:45:36 | INFO | ✓ 95/9000 | Queue: 131 | ✅ https://www.mamypoko.com.tw/line_login_brand.php?r...
2026-09-24 03:45:38 | INFO | ✓ 96/9000 | Queue: 130 | ✅ https://www.mamypoko.com.tw/line_login_brand.php?r...
2026-09-24 03:45:40 | INFO | ✓ 97/9000 | Queue: 132 | ✅ https://www.mamypoko.com.tw/product_02_03.php...
2026-09-24 03:45:42 | INFO | ✓ 98/9000 | Queue: 134 | ✅ https://www.mamypoko.com.tw/knowledge_01_18.php...
2026-09-24 03:45:43 | INFO | ✓ 99/9000 | Queue: 134 | ✅ https://www.mamypoko.com.tw/knowledge_01_19.php...
2026-09-24 03:45:45 | INFO | ✓ 100/9000 | Queue: 133 | ✅ https://www.mamypoko.com.tw/line_login_brand.php?r...
2026-09-24 03:45:45 | INFO | Checkpoint saved: 100 visited, 133 queued
2026-09-24 03:45:46 | INFO | ✓ 101/9000 | Queue: 133 | ✅ https://www.mamypoko.com.tw/knowledge_02_01_01_a.p...
2026-09-24 03:45:47 | INFO | ✓ 102/9000 | Queue: 133 | ✅ https://www.mamypoko.com.tw/knowledge_02_01_02_a.p...
2026-09-24 03:45:48 | INFO | ✓ 103/9000 | Queue: 133 | ✅ https://www.mamypoko.com.tw/knowledge_02_01_03_a.p...
2026-09-24 03:45:50 | INFO | ✓ 104/9000 | Queue: 133 | ✅ https://www.mamypoko.com.tw/knowledge_02_01_04_a.p...
2026-09-24 03:45:51 | INFO | ✓ 105/9000 | Queue: 133 | ✅ https://www.mamypoko.com.tw/knowledge_02_01_01_b.p...
2026-09-24 03:45:52 | INFO | ✓ 106/9000 | Queue: 133 | ✅ https://www.mamypoko.com.tw/knowledge_02_01_02_b.p...
2026-09-24 03:45:53 | INFO | ✓ 107/9000 | Queue: 133 | ✅ https://www.mamypoko.com.tw/knowledge_02_01_03_b.p...
2026-09-24 03:45:55 | INFO | ✓ 108/9000 | Queue: 133 | ✅ https://www.mamypoko.com.tw/knowledge_02_01_04_b.p...
2026-09-24 03:45:56 | INFO | ✓ 109/9000 | Queue: 133 | ✅ https://www.mamypoko.com.tw/knowledge_02_01_01_c.p...
2026-09-24 03:45:57 | INFO | ✓ 110/9000 | Queue: 133 | ✅ https://www.mamypoko.com.tw/knowledge_02_01_02_c.p...
2026-09-24 03:45:58 | INFO | ✓ 111/9000 | Queue: 133 | ✅ https://www.mamypoko.com.tw/knowledge_02_01_03_c.p...
2026-09-24 03:46:00 | INFO | ✓ 112/9000 | Queue: 133 | ✅ https://www.mamypoko.com.tw/knowledge_02_01_04_c.p...
2026-09-24 03:46:01 | INFO | ✓ 113/9000 | Queue: 133 | ✅ https://www.mamypoko.com.tw/knowledge_02_01_05_a.p...
2026-09-24 03:46:02 | INFO | ✓ 114/9000 | Queue: 133 | ✅ https://www.mamypoko.com.tw/knowledge_02_01_06_a.p...
2026-09-24 03:46:03 | INFO | ✓ 115/9000 | Queue: 133 | ✅ https://www.mamypoko.com.tw/knowledge_02_01_07_a.p...
2026-09-24 03:46:04 | INFO | ✓ 116/9000 | Queue: 133 | ✅ https://www.mamypoko.com.tw/knowledge_02_01_05_b.p...
2026-09-24 03:46:06 | INFO | ✓ 117/9000 | Queue: 133 | ✅ https://www.mamypoko.com.tw/knowledge_02_01_06_b.p...
2026-09-24 03:46:07 | INFO | ✓ 118/9000 | Queue: 133 | ✅ https://www.mamypoko.com.tw/knowledge_02_01_07_b.p...
2026-09-24 03:46:08 | INFO | ✓ 119/9000 | Queue: 133 | ✅ https://www.mamypoko.com.tw/knowledge_02_01_05_c.p...
2026-09-24 03:46:09 | INFO | ✓ 120/9000 | Queue: 133 | ✅ https://www.mamypoko.com.tw/knowledge_02_01_06_c.p...
2026-09-24 03:46:11 | INFO | ✓ 121/9000 | Queue: 133 | ✅ https://www.mamypoko.com.tw/knowledge_02_01_07_c.p...
2026-09-24 03:46:12 | INFO | ✓ 122/9000 | Queue: 133 | ✅ https://www.mamypoko.com.tw/knowledge_02_01_08_a.p...
2026-09-24 03:46:13 | INFO | ✓ 123/9000 | Queue: 134 | ✅ https://www.mamypoko.com.tw/knowledge_02_01_09_a.p...
2026-09-24 03:46:14 | INFO | ✓ 124/9000 | Queue: 134 | ✅ https://www.mamypoko.com.tw/knowledge_02_01_10_a.p...
2026-09-24 03:46:15 | INFO | ✓ 125/9000 | Queue: 134 | ✅ https://www.mamypoko.com.tw/knowledge_02_01_08_b.p...
2026-09-24 03:46:17 | INFO | ✓ 126/9000 | Queue: 134 | ✅ https://www.mamypoko.com.tw/knowledge_02_01_09_b.p...
2026-09-24 03:46:18 | INFO | ✓ 127/9000 | Queue: 134 | ✅ https://www.mamypoko.com.tw/knowledge_02_01_10_b.p...
2026-09-24 03:46:19 | INFO | ✓ 128/9000 | Queue: 134 | ✅ https://www.mamypoko.com.tw/knowledge_02_01_08_c.p...
2026-09-24 03:46:20 | INFO | ✓ 129/9000 | Queue: 134 | ✅ https://www.mamypoko.com.tw/knowledge_02_01_09_c.p...
2026-09-24 03:46:22 | INFO | ✓ 130/9000 | Queue: 134 | ✅ https://www.mamypoko.com.tw/knowledge_02_01_10_c.p...
2026-09-24 03:46:23 | INFO | ✓ 131/9000 | Queue: 134 | ✅ https://www.mamypoko.com.tw/knowledge_02_02_01.php...
2026-09-24 03:46:24 | INFO | ✓ 132/9000 | Queue: 134 | ✅ https://www.mamypoko.com.tw/knowledge_02_02_02.php...
2026-09-24 03:46:25 | INFO | ✓ 133/9000 | Queue: 134 | ✅ https://www.mamypoko.com.tw/knowledge_02_03_01.php...
2026-09-24 03:46:26 | INFO | ✓ 134/9000 | Queue: 150 | ✅ https://www.mamypoko.com.tw/knowledge_02_03_02.php...
2026-09-24 03:46:28 | INFO | ✓ 135/9000 | Queue: 150 | ✅ https://www.mamypoko.com.tw/knowledge_02_04_01.php...
2026-09-24 03:46:29 | INFO | ✓ 136/9000 | Queue: 162 | ✅ https://www.mamypoko.com.tw/knowledge_02_04_02.php...
2026-09-24 03:46:30 | INFO | ✓ 137/9000 | Queue: 162 | ✅ https://www.mamypoko.com.tw/knowledge_02_05_01.php...
2026-09-24 03:46:31 | INFO | ✓ 138/9000 | Queue: 175 | ✅ https://www.mamypoko.com.tw/knowledge_02_05_02.php...
2026-09-24 03:46:33 | INFO | ✓ 139/9000 | Queue: 174 | ✅ https://www.mamypoko.com.tw/line_login_brand.php?r...
2026-09-24 03:46:35 | INFO | ✓ 140/9000 | Queue: 170 | ✅ https://www.mamypoko.com.tw/line_login_brand.php?r...
2026-09-24 03:46:36 | INFO | ✓ 141/9000 | Queue: 168 | ✅ https://www.mamypoko.com.tw/line_login_brand.php?r...
2026-09-24 03:46:39 | INFO | ✓ 142/9000 | Queue: 167 | ✅ https://www.mamypoko.com.tw/line_login_brand.php?r...
2026-09-24 03:46:41 | INFO | ✓ 143/9000 | Queue: 164 | ✅ https://www.mamypoko.com.tw/line_login_brand.php?r...
2026-09-24 03:46:43 | INFO | ✓ 144/9000 | Queue: 163 | ✅ https://www.mamypoko.com.tw/line_login_brand.php?r...
2026-09-24 03:46:44 | INFO | ✓ 145/9000 | Queue: 162 | ✅ https://www.mamypoko.com.tw/line_login_brand.php?r...
2026-09-24 03:46:45 | INFO | ✓ 146/9000 | Queue: 164 | ✅ https://www.mamypoko.com.tw/news.php...
2026-09-24 03:46:47 | INFO | ✓ 147/9000 | Queue: 163 | ✅ https://www.mamypoko.com.tw/line_login_brand.php?r...
2026-09-24 03:46:49 | INFO | ✓ 148/9000 | Queue: 162 | ✅ https://www.mamypoko.com.tw/line_login_brand.php?r...
2026-09-24 03:46:51 | INFO | ✓ 149/9000 | Queue: 161 | ✅ https://www.mamypoko.com.tw/line_login_brand.php?r...
2026-09-24 03:46:53 | INFO | ✓ 150/9000 | Queue: 160 | ✅ https://www.mamypoko.com.tw/line_login_brand.php?r...
2026-09-24 03:46:54 | INFO | ✓ 151/9000 | Queue: 159 | ✅ https://www.mamypoko.com.tw/line_login_brand.php?r...
2026-09-24 03:46:56 | INFO | ✓ 152/9000 | Queue: 158 | ✅ https://www.mamypoko.com.tw/line_login_brand.php?r...
2026-09-24 03:46:57 | INFO | ✓ 153/9000 | Queue: 157 | ⚠️ https://www.mamypoko.com.tw/knowledge_02_06.php...
2026-09-24 03:46:59 | INFO | ✓ 154/9000 | Queue: 156 | ✅ https://www.mamypoko.com.tw/line_login_brand.php?r...
2026-09-24 03:47:01 | INFO | ✓ 155/9000 | Queue: 154 | ✅ https://www.mamypoko.com.tw/line_login_brand.php?r...
2026-09-24 03:47:03 | INFO | ✓ 156/9000 | Queue: 153 | ✅ https://www.mamypoko.com.tw/line_login_brand.php?r...
2026-09-24 03:47:06 | INFO | ✓ 157/9000 | Queue: 152 | ✅ https://www.mamypoko.com.tw/line_login_brand.php?r...
2026-09-24 03:47:07 | INFO | ✓ 158/9000 | Queue: 151 | ✅ https://www.mamypoko.com.tw/line_login_brand.php?r...
2026-09-24 03:47:09 | INFO | ✓ 159/9000 | Queue: 150 | ✅ https://www.mamypoko.com.tw/line_login_brand.php?r...
2026-09-24 03:47:10 | INFO | ✓ 160/9000 | Queue: 149 | ✅ https://www.mamypoko.com.tw/line_login_brand.php?r...
2026-09-24 03:47:12 | INFO | ✓ 161/9000 | Queue: 147 | ✅ https://www.mamypoko.com.tw/line_login_brand.php?r...
2026-09-24 03:47:14 | INFO | ✓ 162/9000 | Queue: 153 | ✅ https://www.mamypoko.com.tw/product_04.php...
2026-09-24 03:47:15 | INFO | ✓ 163/9000 | Queue: 152 | ✅ https://www.mamypoko.com.tw/line_login_brand.php?r...
2026-09-24 03:47:17 | INFO | ✓ 164/9000 | Queue: 151 | ✅ https://www.mamypoko.com.tw/line_login_brand.php?r...
2026-09-24 03:47:18 | INFO | ✓ 165/9000 | Queue: 146 | ✅ https://www.mamypoko.com.tw/line_login_brand.php?r...
2026-09-24 03:47:20 | INFO | ✓ 166/9000 | Queue: 134 | ✅ https://www.mamypoko.com.tw/line_login_brand.php?r...
2026-09-24 03:47:22 | INFO | ✓ 167/9000 | Queue: 128 | ✅ https://www.mamypoko.com.tw/line_login_brand.php?r...
2026-09-24 03:47:23 | INFO | ✓ 168/9000 | Queue: 127 | ✅ https://www.mamypoko.com.tw/line_login_brand.php?r...
2026-09-24 03:47:25 | INFO | ✓ 169/9000 | Queue: 126 | ✅ https://www.mamypoko.com.tw/line_login_brand.php?r...
2026-09-24 03:47:26 | INFO | ✓ 170/9000 | Queue: 124 | ✅ https://www.mamypoko.com.tw/line_login_brand.php?r...
2026-09-24 03:47:28 | INFO | ✓ 171/9000 | Queue: 123 | ✅ https://www.mamypoko.com.tw/line_login_brand.php?r...
2026-09-24 03:47:30 | INFO | ✓ 172/9000 | Queue: 122 | ✅ https://www.mamypoko.com.tw/line_login_brand.php?r...
2026-09-24 03:47:32 | INFO | ✓ 173/9000 | Queue: 121 | ✅ https://www.mamypoko.com.tw/line_login_brand.php?r...
2026-09-24 03:47:33 | INFO | ✓ 174/9000 | Queue: 120 | ⚠️ https://www.mamypoko.com.tw/knowledge_01_0%CB%87.p...
2026-09-24 03:47:35 | INFO | ✓ 175/9000 | Queue: 119 | ✅ https://www.mamypoko.com.tw/line_login_brand.php?r...
2026-09-24 03:47:37 | INFO | ✓ 176/9000 | Queue: 164 | ✅ https://www.mamypoko.com.tw/tkopen/2020.html...
2026-09-24 03:47:39 | INFO | ✓ 177/9000 | Queue: 195 | ✅ https://www.mamypoko.com.tw/oyasumiman/2022.html...
2026-09-24 03:47:41 | INFO | ✓ 178/9000 | Queue: 188 | ✅ https://www.mamypoko.com.tw/line_login_brand.php?r...
2026-09-24 03:47:44 | INFO | ✓ 179/9000 | Queue: 186 | ✅ https://www.mamypoko.com.tw/line_login_brand.php?r...
2026-09-24 03:47:46 | INFO | ✓ 180/9000 | Queue: 185 | ✅ https://www.mamypoko.com.tw/line_login_brand.php?r...
2026-09-24 03:47:47 | INFO | ✓ 181/9000 | Queue: 184 | ⚠️ https://www.mamypoko.com.tw/hospital_hosptital.php...
2026-09-24 03:47:48 | INFO | ✓ 182/9000 | Queue: 183 | ✅ https://www.mamypoko.com.tw/line_login_brand.php?r...
2026-09-24 03:47:50 | INFO | ✓ 183/9000 | Queue: 182 | ✅ https://www.mamypoko.com.tw/line_login_brand.php?r...
2026-09-24 03:47:53 | INFO | ✓ 184/9000 | Queue: 181 | ✅ https://www.mamypoko.com.tw/line_login_brand.php?r...
2026-09-24 03:47:54 | INFO | ✓ 185/9000 | Queue: 180 | ✅ https://www.mamypoko.com.tw/line_login_brand.php?r...
2026-09-24 03:47:55 | INFO | ✓ 186/9000 | Queue: 179 | ⚠️ https://www.mamypoko.com.tw/product_01_02.php...
2026-09-24 03:47:57 | INFO | ✓ 187/9000 | Queue: 173 | ✅ https://www.mamypoko.com.tw/line_login_brand.php?r...
2026-09-24 03:47:58 | INFO | ✓ 188/9000 | Queue: 170 | ✅ https://www.mamypoko.com.tw/line_login_brand.php?r...
2026-09-24 03:48:00 | INFO | ✓ 189/9000 | Queue: 169 | ✅ https://www.mamypoko.com.tw/line_login_brand.php?r...
2026-09-24 03:48:02 | INFO | ✓ 190/9000 | Queue: 168 | ✅ https://www.mamypoko.com.tw/line_login_brand.php?r...
2026-09-24 03:48:04 | INFO | ✓ 191/9000 | Queue: 167 | ✅ https://www.mamypoko.com.tw/line_login_brand.php?r...
2026-09-24 03:48:06 | INFO | ✓ 192/9000 | Queue: 166 | ✅ https://www.mamypoko.com.tw/line_login_brand.php?r...
2026-09-24 03:48:07 | INFO | ✓ 193/9000 | Queue: 165 | ✅ https://www.mamypoko.com.tw/line_login_brand.php?r...
2026-09-24 03:48:10 | INFO | ✓ 194/9000 | Queue: 164 | ✅ https://www.mamypoko.com.tw/line_login_brand.php?r...
2026-09-24 03:48:12 | INFO | ✓ 195/9000 | Queue: 163 | ✅ https://www.mamypoko.com.tw/line_login_brand.php?r...
2026-09-24 03:48:13 | INFO | ✓ 196/9000 | Queue: 162 | ✅ https://www.mamypoko.com.tw/line_login_brand.php?r...
2026-09-24 03:48:15 | INFO | ✓ 197/9000 | Queue: 161 | ✅ https://www.mamypoko.com.tw/line_login_brand.php?r...
2026-09-24 03:48:17 | INFO | ✓ 198/9000 | Queue: 160 | ✅ https://www.mamypoko.com.tw/line_login_brand.php?r...
2026-09-24 03:48:19 | INFO | ✓ 199/9000 | Queue: 159 | ✅ https://www.mamypoko.com.tw/line_login_brand.php?r...
2026-09-24 03:48:21 | INFO | ✓ 200/9000 | Queue: 158 | ✅ https://www.mamypoko.com.tw/line_login_brand.php?r...
2026-09-24 03:48:21 | INFO | Checkpoint saved: 200 visited, 158 queued
2026-09-24 03:48:23 | INFO | ✓ 201/9000 | Queue: 157 | ✅ https://www.mamypoko.com.tw/line_login_brand.php?r...
2026-09-24 03:48:25 | INFO | ✓ 202/9000 | Queue: 156 | ✅ https://www.mamypoko.com.tw/line_login_brand.php?r...
2026-09-24 03:48:27 | INFO | ✓ 203/9000 | Queue: 155 | ✅ https://www.mamypoko.com.tw/line_login_brand.php?r...
2026-09-24 03:48:29 | INFO | ✓ 204/9000 | Queue: 154 | ✅ https://www.mamypoko.com.tw/line_login_brand.php?r...
2026-09-24 03:48:30 | INFO | ✓ 205/9000 | Queue: 153 | ✅ https://www.mamypoko.com.tw/line_login_brand.php?r...
2026-09-24 03:48:32 | INFO | ✓ 206/9000 | Queue: 152 | ✅ https://www.mamypoko.com.tw/line_login_brand.php?r...
2026-09-24 03:48:35 | INFO | ✓ 207/9000 | Queue: 151 | ✅ https://www.mamypoko.com.tw/line_login_brand.php?r...
2026-09-24 03:48:36 | INFO | ✓ 208/9000 | Queue: 150 | ✅ https://www.mamypoko.com.tw/line_login_brand.php?r...
2026-09-24 03:48:38 | INFO | ✓ 209/9000 | Queue: 149 | ✅ https://www.mamypoko.com.tw/line_login_brand.php?r...
2026-09-24 03:48:40 | INFO | ✓ 210/9000 | Queue: 148 | ✅ https://www.mamypoko.com.tw/line_login_brand.php?r...
2026-09-24 03:48:41 | INFO | ✓ 211/9000 | Queue: 147 | ✅ https://www.mamypoko.com.tw/line_login_brand.php?r...
2026-09-24 03:48:44 | INFO | ✓ 212/9000 | Queue: 145 | ✅ https://www.mamypoko.com.tw/line_login_brand.php?r...
2026-09-24 03:48:46 | INFO | ✓ 213/9000 | Queue: 144 | ✅ https://www.mamypoko.com.tw/line_login_brand.php?r...
2026-09-24 03:48:47 | INFO | ✓ 214/9000 | Queue: 143 | ✅ https://www.mamypoko.com.tw/line_login_brand.php?r...
2026-09-24 03:48:50 | INFO | ✓ 215/9000 | Queue: 142 | ✅ https://www.mamypoko.com.tw/line_login_brand.php?r...
2026-09-24 03:48:51 | INFO | ✓ 216/9000 | Queue: 141 | ✅ https://www.mamypoko.com.tw/line_login_brand.php?r...
2026-09-24 03:48:54 | INFO | ✓ 217/9000 | Queue: 140 | ✅ https://www.mamypoko.com.tw/line_login_brand.php?r...
2026-09-24 03:48:56 | INFO | ✓ 218/9000 | Queue: 139 | ✅ https://www.mamypoko.com.tw/line_login_brand.php?r...
2026-09-24 03:48:58 | INFO | ✓ 219/9000 | Queue: 138 | ✅ https://www.mamypoko.com.tw/line_login_brand.php?r...
2026-09-24 03:49:00 | INFO | ✓ 220/9000 | Queue: 137 | ✅ https://www.mamypoko.com.tw/line_login_brand.php?r...
2026-09-24 03:49:02 | INFO | ✓ 221/9000 | Queue: 136 | ✅ https://www.mamypoko.com.tw/line_login_brand.php?r...
2026-09-24 03:49:05 | INFO | ✓ 222/9000 | Queue: 135 | ✅ https://www.mamypoko.com.tw/line_login_brand.php?r...
2026-09-24 03:49:06 | INFO | ✓ 223/9000 | Queue: 136 | ✅ https://www.mamypoko.com.tw/knowledge_02_03_02_a.p...
2026-09-24 03:49:07 | INFO | ✓ 224/9000 | Queue: 136 | ✅ https://www.mamypoko.com.tw/knowledge_02_03_02_b.p...
2026-09-24 03:49:08 | INFO | ✓ 225/9000 | Queue: 136 | ✅ https://www.mamypoko.com.tw/knowledge_02_03_02_c.p...
2026-09-24 03:49:09 | INFO | ✓ 226/9000 | Queue: 136 | ✅ https://www.mamypoko.com.tw/knowledge_02_03_02_d.p...
2026-09-24 03:49:11 | INFO | ✓ 227/9000 | Queue: 136 | ✅ https://www.mamypoko.com.tw/knowledge_02_03_02_e.p...
2026-09-24 03:49:12 | INFO | ✓ 228/9000 | Queue: 136 | ✅ https://www.mamypoko.com.tw/knowledge_02_03_02_f.p...
2026-09-24 03:49:14 | INFO | ✓ 229/9000 | Queue: 136 | ✅ https://www.mamypoko.com.tw/knowledge_02_03_02_g.p...
2026-09-24 03:49:15 | INFO | ✓ 230/9000 | Queue: 136 | ✅ https://www.mamypoko.com.tw/knowledge_02_03_02_h.p...
2026-09-24 03:49:16 | INFO | ✓ 231/9000 | Queue: 136 | ✅ https://www.mamypoko.com.tw/knowledge_02_03_02_i.p...
2026-09-24 03:49:17 | INFO | ✓ 232/9000 | Queue: 136 | ✅ https://www.mamypoko.com.tw/knowledge_02_03_02_j.p...
2026-09-24 03:49:18 | INFO | ✓ 233/9000 | Queue: 136 | ✅ https://www.mamypoko.com.tw/knowledge_02_03_02_k.p...
2026-09-24 03:49:20 | INFO | ✓ 234/9000 | Queue: 136 | ✅ https://www.mamypoko.com.tw/knowledge_02_03_02_l.p...
2026-09-24 03:49:21 | INFO | ✓ 235/9000 | Queue: 136 | ✅ https://www.mamypoko.com.tw/knowledge_02_03_02_m.p...
2026-09-24 03:49:22 | INFO | ✓ 236/9000 | Queue: 136 | ✅ https://www.mamypoko.com.tw/knowledge_02_03_02_n.p...
2026-09-24 03:49:24 | INFO | ✓ 237/9000 | Queue: 136 | ✅ https://www.mamypoko.com.tw/knowledge_02_03_02_q.p...
2026-09-24 03:49:25 | INFO | ✓ 238/9000 | Queue: 136 | ✅ https://www.mamypoko.com.tw/knowledge_02_03_02_r.p...
2026-09-24 03:49:27 | INFO | ✓ 239/9000 | Queue: 135 | ✅ https://www.mamypoko.com.tw/line_login_brand.php?r...
2026-09-24 03:49:28 | INFO | ✓ 240/9000 | Queue: 134 | ✅ https://www.mamypoko.com.tw/line_login_brand.php?r...
2026-09-24 03:49:30 | INFO | ✓ 241/9000 | Queue: 134 | ✅ https://www.mamypoko.com.tw/knowledge_02_04_02_a.p...
2026-09-24 03:49:31 | INFO | ✓ 242/9000 | Queue: 134 | ✅ https://www.mamypoko.com.tw/knowledge_02_04_02_b.p...
2026-09-24 03:49:32 | INFO | ✓ 243/9000 | Queue: 134 | ✅ https://www.mamypoko.com.tw/knowledge_02_04_02_c.p...
2026-09-24 03:49:33 | INFO | ✓ 244/9000 | Queue: 134 | ✅ https://www.mamypoko.com.tw/knowledge_02_04_02_d.p...
2026-09-24 03:49:34 | INFO | ✓ 245/9000 | Queue: 134 | ✅ https://www.mamypoko.com.tw/knowledge_02_04_02_e.p...
2026-09-24 03:49:36 | INFO | ✓ 246/9000 | Queue: 134 | ✅ https://www.mamypoko.com.tw/knowledge_02_04_02_f.p...
2026-09-24 03:49:37 | INFO | ✓ 247/9000 | Queue: 134 | ✅ https://www.mamypoko.com.tw/knowledge_02_04_02_g.p...
2026-09-24 03:49:38 | INFO | ✓ 248/9000 | Queue: 134 | ✅ https://www.mamypoko.com.tw/knowledge_02_04_02_h.p...
2026-09-24 03:49:39 | INFO | ✓ 249/9000 | Queue: 134 | ✅ https://www.mamypoko.com.tw/knowledge_02_04_02_i.p...
2026-09-24 03:49:41 | INFO | ✓ 250/9000 | Queue: 134 | ✅ https://www.mamypoko.com.tw/knowledge_02_04_02_j.p...
2026-09-24 03:49:42 | INFO | ✓ 251/9000 | Queue: 134 | ✅ https://www.mamypoko.com.tw/knowledge_02_04_02_k.p...
2026-09-24 03:49:44 | INFO | ✓ 252/9000 | Queue: 135 | ✅ https://www.mamypoko.com.tw/knowledge_02_04_02_l.p...
2026-09-24 03:49:45 | INFO | ✓ 253/9000 | Queue: 134 | ✅ https://www.mamypoko.com.tw/line_login_brand.php?r...
2026-09-24 03:49:47 | INFO | ✓ 254/9000 | Queue: 133 | ✅ https://www.mamypoko.com.tw/line_login_brand.php?r...
2026-09-24 03:49:49 | INFO | ✓ 255/9000 | Queue: 134 | ✅ https://www.mamypoko.com.tw/knowledge_02_05_02_a.p...
2026-09-24 03:49:50 | INFO | ✓ 256/9000 | Queue: 134 | ✅ https://www.mamypoko.com.tw/knowledge_02_05_02_b.p...
2026-09-24 03:49:51 | INFO | ✓ 257/9000 | Queue: 134 | ✅ https://www.mamypoko.com.tw/knowledge_02_05_02_c.p...
2026-09-24 03:49:52 | INFO | ✓ 258/9000 | Queue: 134 | ✅ https://www.mamypoko.com.tw/knowledge_02_05_02_d.p...
2026-09-24 03:49:54 | INFO | ✓ 259/9000 | Queue: 134 | ✅ https://www.mamypoko.com.tw/knowledge_02_05_02_e.p...
2026-09-24 03:49:56 | INFO | ✓ 260/9000 | Queue: 134 | ✅ https://www.mamypoko.com.tw/knowledge_02_05_02_f.p...
2026-09-24 03:49:57 | INFO | ✓ 261/9000 | Queue: 134 | ✅ https://www.mamypoko.com.tw/knowledge_02_05_02_g.p...
2026-09-24 03:49:58 | INFO | ✓ 262/9000 | Queue: 134 | ✅ https://www.mamypoko.com.tw/knowledge_02_05_02_h.p...
2026-09-24 03:49:59 | INFO | ✓ 263/9000 | Queue: 134 | ✅ https://www.mamypoko.com.tw/knowledge_02_05_02_i.p...
2026-09-24 03:50:01 | INFO | ✓ 264/9000 | Queue: 134 | ✅ https://www.mamypoko.com.tw/knowledge_02_05_02_j.p...
2026-09-24 03:50:02 | INFO | ✓ 265/9000 | Queue: 134 | ✅ https://www.mamypoko.com.tw/knowledge_02_05_02_k.p...
2026-09-24 03:50:03 | INFO | ✓ 266/9000 | Queue: 134 | ✅ https://www.mamypoko.com.tw/knowledge_02_05_02_l.p...
2026-09-24 03:50:04 | INFO | ✓ 267/9000 | Queue: 134 | ✅ https://www.mamypoko.com.tw/knowledge_02_05_02_m.p...
2026-09-24 03:50:06 | INFO | ✓ 268/9000 | Queue: 133 | ✅ https://www.mamypoko.com.tw/line_login_brand.php?r...
2026-09-24 03:50:07 | INFO | ✓ 269/9000 | Queue: 134 | ✅ https://www.mamypoko.com.tw/news_detail.php?bbsid=...
2026-09-24 03:50:08 | INFO | ✓ 270/9000 | Queue: 134 | ✅ https://www.mamypoko.com.tw/news_detail.php?bbsid=...
2026-09-24 03:50:09 | INFO | ✓ 271/9000 | Queue: 120 | ⚠️ https://www.mamypoko.com.tw/tkopen/product.php...
2026-09-24 03:50:10 | INFO | ✓ 272/9000 | Queue: 119 | ⚠️ https://www.mamypoko.com.tw/tkopen/product_list.ph...
2026-09-24 03:50:11 | INFO | ✓ 273/9000 | Queue: 118 | ⚠️ https://www.mamypoko.com.tw/tkopen/tkopen.php...
2026-09-24 03:50:12 | INFO | ✓ 274/9000 | Queue: 117 | ⚠️ https://www.mamypoko.com.tw/tkopen/tkpants.php...
2026-09-24 03:50:13 | INFO | ✓ 275/9000 | Queue: 116 | ⚠️ https://www.mamypoko.com.tw/tkopen/product_12.php...
2026-09-24 03:50:14 | INFO | ✓ 276/9000 | Queue: 115 | ⚠️ https://www.mamypoko.com.tw/tkopen/product_14.php...
2026-09-24 03:50:15 | INFO | ✓ 277/9000 | Queue: 114 | ⚠️ https://www.mamypoko.com.tw/tkopen/product_02_01.p...
2026-09-24 03:50:16 | INFO | ✓ 278/9000 | Queue: 113 | ⚠️ https://www.mamypoko.com.tw/tkopen/product_03_01.p...
2026-09-24 03:50:17 | INFO | ✓ 279/9000 | Queue: 112 | ⚠️ https://www.mamypoko.com.tw/tkopen/product_11.php...
2026-09-24 03:50:18 | INFO | ✓ 280/9000 | Queue: 111 | ⚠️ https://www.mamypoko.com.tw/tkopen/product_08.php...
2026-09-24 03:50:19 | INFO | ✓ 281/9000 | Queue: 110 | ⚠️ https://www.mamypoko.com.tw/tkopen/oyasumiman.php...
2026-09-24 03:50:20 | INFO | ✓ 282/9000 | Queue: 109 | ⚠️ https://www.mamypoko.com.tw/tkopen/product_05.php...
2026-09-24 03:50:21 | INFO | ✓ 283/9000 | Queue: 108 | ⚠️ https://www.mamypoko.com.tw/tkopen/product_06.php...
2026-09-24 03:50:22 | INFO | ✓ 284/9000 | Queue: 107 | ⚠️ https://www.mamypoko.com.tw/tkopen/product_13.php...
2026-09-24 03:50:23 | INFO | ✓ 285/9000 | Queue: 106 | ⚠️ https://www.mamypoko.com.tw/tkopen/product_07.php...
2026-09-24 03:50:24 | INFO | ✓ 286/9000 | Queue: 105 | ⚠️ https://www.mamypoko.com.tw/tkopen/product_09.php...
2026-09-24 03:50:26 | INFO | ✓ 287/9000 | Queue: 104 | ⚠️ https://www.mamypoko.com.tw/tkopen/yuuta.php...
2026-09-24 03:50:27 | INFO | ✓ 288/9000 | Queue: 103 | ⚠️ https://www.mamypoko.com.tw/tkopen/introduce.php...
2026-09-24 03:50:28 | INFO | ✓ 289/9000 | Queue: 102 | ⚠️ https://www.mamypoko.com.tw/tkopen/introduce_about...
2026-09-24 03:50:29 | INFO | ✓ 290/9000 | Queue: 101 | ⚠️ https://www.mamypoko.com.tw/tkopen/introduce_about...
2026-09-24 03:50:30 | INFO | ✓ 291/9000 | Queue: 100 | ⚠️ https://www.mamypoko.com.tw/tkopen/introduce_about...
2026-09-24 03:50:31 | INFO | ✓ 292/9000 | Queue: 99 | ⚠️ https://www.mamypoko.com.tw/tkopen/knowled.php...
2026-09-24 03:50:32 | INFO | ✓ 293/9000 | Queue: 98 | ⚠️ https://www.mamypoko.com.tw/tkopen/knowledge_01_07...
2026-09-24 03:50:33 | INFO | ✓ 294/9000 | Queue: 97 | ⚠️ https://www.mamypoko.com.tw/tkopen/knowledge_02.ph...
2026-09-24 03:50:34 | INFO | ✓ 295/9000 | Queue: 96 | ⚠️ https://www.mamypoko.com.tw/tkopen/knowledge_03_08...
2026-09-24 03:50:35 | INFO | ✓ 296/9000 | Queue: 95 | ⚠️ https://www.mamypoko.com.tw/tkopen/member.php...
2026-09-24 03:50:36 | INFO | ✓ 297/9000 | Queue: 94 | ⚠️ https://www.mamypoko.com.tw/tkopen/questionnaire.p...
2026-09-24 03:50:37 | INFO | ✓ 298/9000 | Queue: 93 | ⚠️ https://www.mamypoko.com.tw/tkopen/gotoshopping.ph...
2026-09-24 03:50:38 | INFO | ✓ 299/9000 | Queue: 92 | ⚠️ https://www.mamypoko.com.tw/tkopen/video.php...
2026-09-24 03:50:39 | INFO | ✓ 300/9000 | Queue: 91 | ⚠️ https://www.mamypoko.com.tw/tkopen/member_policy.p...
2026-09-24 03:50:39 | INFO | Checkpoint saved: 300 visited, 91 queued
2026-09-24 03:50:40 | INFO | ✓ 301/9000 | Queue: 90 | ⚠️ https://www.mamypoko.com.tw/tkopen/sitemap.php...
2026-09-24 03:50:41 | INFO | ✓ 302/9000 | Queue: 89 | ⚠️ https://www.mamypoko.com.tw/tkopen/line_login_bran...
2026-09-24 03:50:42 | INFO | ✓ 303/9000 | Queue: 78 | ⚠️ https://www.mamypoko.com.tw/oyasumiman/product.php...
2026-09-24 03:50:43 | INFO | ✓ 304/9000 | Queue: 77 | ⚠️ https://www.mamypoko.com.tw/oyasumiman/product_lis...
2026-09-24 03:50:44 | INFO | ✓ 305/9000 | Queue: 76 | ⚠️ https://www.mamypoko.com.tw/oyasumiman/tkopen.php...
2026-09-24 03:50:45 | INFO | ✓ 306/9000 | Queue: 75 | ⚠️ https://www.mamypoko.com.tw/oyasumiman/tkpants.php...
2026-09-24 03:50:46 | INFO | ✓ 307/9000 | Queue: 74 | ⚠️ https://www.mamypoko.com.tw/oyasumiman/product_12....
2026-09-24 03:50:48 | INFO | ✓ 308/9000 | Queue: 73 | ⚠️ https://www.mamypoko.com.tw/oyasumiman/product_14....
2026-09-24 03:50:49 | INFO | ✓ 309/9000 | Queue: 72 | ⚠️ https://www.mamypoko.com.tw/oyasumiman/product_02_...
2026-09-24 03:50:50 | INFO | ✓ 310/9000 | Queue: 71 | ⚠️ https://www.mamypoko.com.tw/oyasumiman/product_03_...
2026-09-24 03:50:51 | INFO | ✓ 311/9000 | Queue: 70 | ⚠️ https://www.mamypoko.com.tw/oyasumiman/product_11....
2026-09-24 03:50:52 | INFO | ✓ 312/9000 | Queue: 69 | ⚠️ https://www.mamypoko.com.tw/oyasumiman/product_08....
2026-09-24 03:50:53 | INFO | ✓ 313/9000 | Queue: 68 | ⚠️ https://www.mamypoko.com.tw/oyasumiman/oyasumiman....
2026-09-24 03:50:54 | INFO | ✓ 314/9000 | Queue: 67 | ⚠️ https://www.mamypoko.com.tw/oyasumiman/product_05....
2026-09-24 03:50:55 | INFO | ✓ 315/9000 | Queue: 66 | ⚠️ https://www.mamypoko.com.tw/oyasumiman/product_06....
2026-09-24 03:50:56 | INFO | ✓ 316/9000 | Queue: 65 | ⚠️ https://www.mamypoko.com.tw/oyasumiman/product_13....
2026-09-24 03:50:57 | INFO | ✓ 317/9000 | Queue: 64 | ⚠️ https://www.mamypoko.com.tw/oyasumiman/product_07....
2026-09-24 03:50:58 | INFO | ✓ 318/9000 | Queue: 63 | ⚠️ https://www.mamypoko.com.tw/oyasumiman/product_09....
2026-09-24 03:50:59 | INFO | ✓ 319/9000 | Queue: 62 | ⚠️ https://www.mamypoko.com.tw/oyasumiman/yuuta.php...
2026-09-24 03:51:00 | INFO | ✓ 320/9000 | Queue: 61 | ⚠️ https://www.mamypoko.com.tw/oyasumiman/introduce.p...
2026-09-24 03:51:01 | INFO | ✓ 321/9000 | Queue: 60 | ⚠️ https://www.mamypoko.com.tw/oyasumiman/introduce_a...
2026-09-24 03:51:02 | INFO | ✓ 322/9000 | Queue: 59 | ⚠️ https://www.mamypoko.com.tw/oyasumiman/introduce_a...
2026-09-24 03:51:03 | INFO | ✓ 323/9000 | Queue: 58 | ⚠️ https://www.mamypoko.com.tw/oyasumiman/introduce_a...
2026-09-24 03:51:04 | INFO | ✓ 324/9000 | Queue: 57 | ⚠️ https://www.mamypoko.com.tw/oyasumiman/knowled.php...
2026-09-24 03:51:05 | INFO | ✓ 325/9000 | Queue: 56 | ⚠️ https://www.mamypoko.com.tw/oyasumiman/knowledge_0...
2026-09-24 03:51:06 | INFO | ✓ 326/9000 | Queue: 55 | ⚠️ https://www.mamypoko.com.tw/oyasumiman/knowledge_0...
2026-09-24 03:51:07 | INFO | ✓ 327/9000 | Queue: 54 | ⚠️ https://www.mamypoko.com.tw/oyasumiman/knowledge_0...
2026-09-24 03:51:07 | INFO | ✓ 328/9000 | Queue: 53 | ⚠️ https://www.mamypoko.com.tw/oyasumiman/member.php...
2026-09-24 03:51:08 | INFO | ✓ 329/9000 | Queue: 52 | ⚠️ https://www.mamypoko.com.tw/oyasumiman/questionnai...
2026-09-24 03:51:09 | INFO | ✓ 330/9000 | Queue: 51 | ⚠️ https://www.mamypoko.com.tw/oyasumiman/gotoshoppin...
2026-09-24 03:51:11 | INFO | ✓ 331/9000 | Queue: 50 | ⚠️ https://www.mamypoko.com.tw/oyasumiman/video.php...
2026-09-24 03:51:12 | INFO | ✓ 332/9000 | Queue: 49 | ⚠️ https://www.mamypoko.com.tw/oyasumiman/member_poli...
2026-09-24 03:51:12 | INFO | ✓ 333/9000 | Queue: 48 | ⚠️ https://www.mamypoko.com.tw/oyasumiman/sitemap.php...
2026-09-24 03:51:13 | INFO | ✓ 334/9000 | Queue: 47 | ⚠️ https://www.mamypoko.com.tw/oyasumiman/line_login_...
2026-09-24 03:51:15 | INFO | ✓ 335/9000 | Queue: 46 | ✅ https://www.mamypoko.com.tw/line_login_brand.php?r...
2026-09-24 03:51:17 | INFO | ✓ 336/9000 | Queue: 44 | ✅ https://www.mamypoko.com.tw/line_login_brand.php?r...
2026-09-24 03:51:20 | INFO | ✓ 337/9000 | Queue: 43 | ✅ https://www.mamypoko.com.tw/line_login_brand.php?r...
2026-09-24 03:51:22 | INFO | ✓ 338/9000 | Queue: 42 | ✅ https://www.mamypoko.com.tw/line_login_brand.php?r...
2026-09-24 03:51:24 | INFO | ✓ 339/9000 | Queue: 41 | ✅ https://www.mamypoko.com.tw/line_login_brand.php?r...
2026-09-24 03:51:26 | INFO | ✓ 340/9000 | Queue: 40 | ✅ https://www.mamypoko.com.tw/line_login_brand.php?r...
2026-09-24 03:51:28 | INFO | ✓ 341/9000 | Queue: 39 | ✅ https://www.mamypoko.com.tw/line_login_brand.php?r...
2026-09-24 03:51:30 | INFO | ✓ 342/9000 | Queue: 38 | ✅ https://www.mamypoko.com.tw/line_login_brand.php?r...
2026-09-24 03:51:32 | INFO | ✓ 343/9000 | Queue: 37 | ✅ https://www.mamypoko.com.tw/line_login_brand.php?r...
2026-09-24 03:51:34 | INFO | ✓ 344/9000 | Queue: 36 | ✅ https://www.mamypoko.com.tw/line_login_brand.php?r...
2026-09-24 03:51:35 | INFO | ✓ 345/9000 | Queue: 35 | ✅ https://www.mamypoko.com.tw/line_login_brand.php?r...
2026-09-24 03:51:37 | INFO | ✓ 346/9000 | Queue: 34 | ✅ https://www.mamypoko.com.tw/line_login_brand.php?r...
2026-09-24 03:51:38 | INFO | ✓ 347/9000 | Queue: 33 | ✅ https://www.mamypoko.com.tw/line_login_brand.php?r...
2026-09-24 03:51:40 | INFO | ✓ 348/9000 | Queue: 32 | ✅ https://www.mamypoko.com.tw/line_login_brand.php?r...
2026-09-24 03:51:42 | INFO | ✓ 349/9000 | Queue: 31 | ✅ https://www.mamypoko.com.tw/line_login_brand.php?r...
2026-09-24 03:51:44 | INFO | ✓ 350/9000 | Queue: 30 | ✅ https://www.mamypoko.com.tw/line_login_brand.php?r...
2026-09-24 03:51:46 | INFO | ✓ 351/9000 | Queue: 29 | ✅ https://www.mamypoko.com.tw/line_login_brand.php?r...
2026-09-24 03:51:48 | INFO | ✓ 352/9000 | Queue: 28 | ✅ https://www.mamypoko.com.tw/line_login_brand.php?r...
2026-09-24 03:51:49 | INFO | ✓ 353/9000 | Queue: 27 | ✅ https://www.mamypoko.com.tw/line_login_brand.php?r...
2026-09-24 03:51:51 | INFO | ✓ 354/9000 | Queue: 26 | ✅ https://www.mamypoko.com.tw/line_login_brand.php?r...
2026-09-24 03:51:53 | INFO | ✓ 355/9000 | Queue: 25 | ✅ https://www.mamypoko.com.tw/line_login_brand.php?r...
2026-09-24 03:51:55 | INFO | ✓ 356/9000 | Queue: 24 | ✅ https://www.mamypoko.com.tw/line_login_brand.php?r...
2026-09-24 03:51:57 | INFO | ✓ 357/9000 | Queue: 23 | ✅ https://www.mamypoko.com.tw/line_login_brand.php?r...
2026-09-24 03:51:59 | INFO | ✓ 358/9000 | Queue: 22 | ✅ https://www.mamypoko.com.tw/line_login_brand.php?r...
2026-09-24 03:52:01 | INFO | ✓ 359/9000 | Queue: 21 | ✅ https://www.mamypoko.com.tw/line_login_brand.php?r...
2026-09-24 03:52:02 | INFO | ✓ 360/9000 | Queue: 20 | ✅ https://www.mamypoko.com.tw/line_login_brand.php?r...
2026-09-24 03:52:04 | INFO | ✓ 361/9000 | Queue: 19 | ✅ https://www.mamypoko.com.tw/line_login_brand.php?r...
2026-09-24 03:52:06 | INFO | ✓ 362/9000 | Queue: 18 | ✅ https://www.mamypoko.com.tw/line_login_brand.php?r...
2026-09-24 03:52:08 | INFO | ✓ 363/9000 | Queue: 16 | ✅ https://www.mamypoko.com.tw/line_login_brand.php?r...
2026-09-24 03:52:09 | INFO | ✓ 364/9000 | Queue: 14 | ✅ https://www.mamypoko.com.tw/line_login_brand.php?r...
2026-09-24 03:52:11 | INFO | ✓ 365/9000 | Queue: 13 | ✅ https://www.mamypoko.com.tw/line_login_brand.php?r...
2026-09-24 03:52:13 | INFO | ✓ 366/9000 | Queue: 12 | ✅ https://www.mamypoko.com.tw/line_login_brand.php?r...
2026-09-24 03:52:15 | INFO | ✓ 367/9000 | Queue: 11 | ✅ https://www.mamypoko.com.tw/line_login_brand.php?r...
2026-09-24 03:52:16 | INFO | ✓ 368/9000 | Queue: 10 | ✅ https://www.mamypoko.com.tw/line_login_brand.php?r...
2026-09-24 03:52:18 | INFO | ✓ 369/9000 | Queue: 9 | ✅ https://www.mamypoko.com.tw/line_login_brand.php?r...
2026-09-24 03:52:21 | INFO | ✓ 370/9000 | Queue: 8 | ✅ https://www.mamypoko.com.tw/line_login_brand.php?r...
2026-09-24 03:52:22 | INFO | ✓ 371/9000 | Queue: 7 | ✅ https://www.mamypoko.com.tw/line_login_brand.php?r...
2026-09-24 03:52:24 | INFO | ✓ 372/9000 | Queue: 6 | ✅ https://www.mamypoko.com.tw/line_login_brand.php?r...
2026-09-24 03:52:26 | INFO | ✓ 373/9000 | Queue: 5 | ✅ https://www.mamypoko.com.tw/line_login_brand.php?r...
2026-09-24 03:52:27 | INFO | ✓ 374/9000 | Queue: 4 | ✅ https://www.mamypoko.com.tw/line_login_brand.php?r...
2026-09-24 03:52:29 | INFO | ✓ 375/9000 | Queue: 3 | ✅ https://www.mamypoko.com.tw/line_login_brand.php?r...
2026-09-24 03:52:30 | INFO | ✓ 376/9000 | Queue: 13 | ✅ https://www.mamypoko.com.tw/news_detail.php?bbsid=...
2026-09-24 03:52:32 | INFO | ✓ 377/9000 | Queue: 12 | ✅ https://www.mamypoko.com.tw/line_login_brand.php?r...
2026-09-24 03:52:34 | INFO | ✓ 378/9000 | Queue: 11 | ✅ https://www.mamypoko.com.tw/news_detail.php?bbsid=...
2026-09-24 03:52:34 | INFO | Checkpoint saved: 378 visited, 0 queued
2026-09-24 03:52:34 | INFO | CRAWL COMPLETE
2026-09-24 03:52:34 | INFO | Total URLs discovered: 378
2026-09-24 03:52:34 | INFO | Status breakdown:
2026-09-24 03:52:34 | INFO | ❌ 0 (Error/Timeout): 2
2026-09-24 03:52:34 | INFO | ✅ 200 (Success): 307
2026-09-24 03:52:34 | INFO | ⚠️ 404 (Client Error): 69
