2026-09-24 04:29:22 | INFO | Site crawler starting
2026-09-24 04:29:22 | INFO | Starting crawl: https://certainty.com.my
2026-09-24 04:29:22 | INFO | Max pages: 9000, Delay: 350ms, Timeout: 15000ms
2026-09-24 04:29:22 | INFO | Max retries per URL: 1
2026-09-24 04:29:23 | INFO | Robots.txt disallow rules found: 1
2026-09-24 04:29:25 | INFO | ✓ 1/9000 | Queue: 19 | ✅ https://certainty.com.my/...
2026-09-24 04:29:27 | INFO | ✓ 2/9000 | Queue: 18 | ✅ https://certainty.com.my/contact...
2026-09-24 04:29:30 | INFO | ✓ 3/9000 | Queue: 18 | ✅ https://certainty.com.my/product/airy-drypants...
2026-09-24 04:29:33 | INFO | ✓ 4/9000 | Queue: 17 | ✅ https://certainty.com.my/product/dry-maxpants...
2026-09-24 04:29:35 | INFO | ✓ 5/9000 | Queue: 16 | ✅ https://certainty.com.my/about/what-is-adl...
2026-09-24 04:29:38 | INFO | ✓ 6/9000 | Queue: 15 | ✅ https://certainty.com.my/about/causes-of-incontine...
2026-09-24 04:29:41 | INFO | ✓ 7/9000 | Queue: 14 | ✅ https://certainty.com.my/about/type-of-incontinenc...
2026-09-24 04:29:43 | INFO | ✓ 8/9000 | Queue: 13 | ✅ https://certainty.com.my/about/symptoms-of-inconti...
2026-09-24 04:29:46 | INFO | ✓ 9/9000 | Queue: 12 | ✅ https://certainty.com.my/about/incontinence-manage...
2026-09-24 04:29:49 | INFO | ✓ 10/9000 | Queue: 11 | ✅ https://certainty.com.my/product/drypants...
2026-09-24 04:29:51 | INFO | ✓ 11/9000 | Queue: 10 | ⚠️ https://certainty.com.my/product/superpants...
2026-09-24 04:29:54 | INFO | ✓ 12/9000 | Queue: 9 | ✅ https://certainty.com.my/product/maxpants...
2026-09-24 04:29:57 | INFO | ✓ 13/9000 | Queue: 8 | ✅ https://certainty.com.my/product/tape...
2026-09-24 04:29:59 | INFO | ✓ 14/9000 | Queue: 9 | ✅ https://certainty.com.my/privacy-policy...
2026-09-24 04:30:02 | INFO | ✓ 15/9000 | Queue: 7 | ✅ https://certainty.com.my/certainty/privacy-policy...
2026-09-24 04:30:04 | INFO | ✓ 16/9000 | Queue: 6 | ✅ https://certainty.com.my/certainty/dasar-privasi...
2026-09-24 04:30:05 | INFO | Checkpoint saved: 16 visited, 0 queued
2026-09-24 04:30:05 | INFO | CRAWL COMPLETE
2026-09-24 04:30:05 | INFO | Total URLs discovered: 16
2026-09-24 04:30:05 | INFO | Status breakdown:
2026-09-24 04:30:05 | INFO | ✅ 200 (Success): 15
2026-09-24 04:30:05 | INFO | ⚠️ 404 (Client Error): 1
