pages=291 instances=8573 components=86 exactPatterns=477 variants=394
custom           cookieComponent          → cookie-consent         inst=  291 pg= 291 patterns=  1 variants=1  {"au-en":168,"sg-en":123}
custom           article-display          → article-listing        inst=  142 pg=  96 patterns= 16 variants=9  {"au-en":109,"sg-en":33}
custom           keyContact               → key-contacts           inst=  105 pg=  84 patterns=  4 variants=4  {"au-en":67,"sg-en":38}
custom           article-banner           → article-header         inst=   58 pg=  58 patterns=  3 variants=3  {"au-en":28,"sg-en":30}
custom           categories               → article-header         inst=   58 pg=  58 patterns=  2 variants=2  {"au-en":28,"sg-en":30}
custom           topics                   → article-header         inst=   55 pg=  55 patterns=  1 variants=1  {"au-en":29,"sg-en":26}
custom           share                    → share-progress         inst=   38 pg=  38 patterns=  4 variants=1  {"au-en":18,"sg-en":20}
custom           aiSummary                → ai-summary             inst=   38 pg=  38 patterns=  4 variants=3  {"au-en":18,"sg-en":20}
custom           homeLatestThinking       → article-listing        inst=   36 pg=  36 patterns=  2 variants=2  {"au-en":15,"sg-en":21}
custom           par_header               → people-profile         inst=   20 pg=  20 patterns=  1 variants=1  {"au-en":10,"sg-en":10}
custom           pc_fixed_width           → people-profile         inst=   20 pg=  20 patterns=  2 variants=2  {"au-en":10,"sg-en":10}
custom           relatedNews              → article-listing        inst=   20 pg=  20 patterns=  3 variants=2  {"au-en":10,"sg-en":10}
custom           meetOurTeam              → people-finder          inst=   17 pg=  17 patterns=  1 variants=1  {"au-en":17}
custom           peopleContact            → key-contacts           inst=   12 pg=  12 patterns=  1 variants=1  {"au-en":6,"sg-en":6}
custom           meetOurTeamManual        → people-finder          inst=    6 pg=   6 patterns=  1 variants=1  {"au-en":4,"sg-en":2}
custom           exploreArticle           → insights-search        inst=    4 pg=   4 patterns=  1 variants=1  {"au-en":2,"sg-en":2}
custom           exploreExpertiseSearch   → expertise-explorer     inst=    2 pg=   2 patterns=  1 variants=1  {"au-en":1,"sg-en":1}
custom           exploreExpertisePractices → expertise-explorer     inst=    2 pg=   2 patterns=  1 variants=1  {"au-en":1,"sg-en":1}
custom           exploreExpertiseSectors  → expertise-explorer     inst=    2 pg=   2 patterns=  1 variants=1  {"au-en":1,"sg-en":1}
custom           homeFeatureInsights      → article-listing        inst=    2 pg=   2 patterns=  1 variants=1  {"au-en":1,"sg-en":1}
custom           meetOurPeople            → people-finder          inst=    2 pg=   2 patterns=  1 variants=1  {"au-en":1,"sg-en":1}
custom           singleStarPartner        → key-contacts           inst=    1 pg=   1 patterns=  1 variants=1  {"au-en":1}
custom           quickLookUp              → quick-lookup           inst=    1 pg=   1 patterns=  1 variants=1  {"au-en":1}
boilerplate      embed                    → embed                  inst=  635 pg= 291 patterns=  5 variants=5  {"au-en":370,"sg-en":265}
boilerplate      ex-first-box             → columns                inst=  138 pg=  90 patterns= 31 variants=13  {"au-en":86,"sg-en":52}
boilerplate      breadcrumb               → breadcrumbs            inst=  111 pg= 111 patterns=  1 variants=1  {"au-en":64,"sg-en":47}
boilerplate      banner                   → hero                   inst=  105 pg= 105 patterns=  2 variants=2  {"au-en":57,"sg-en":48}
boilerplate      article-publication-download → cards                  inst=   86 pg=  73 patterns=  2 variants=2  {"au-en":45,"sg-en":41}
boilerplate      promoBox                 → hero                   inst=   57 pg=  50 patterns=  3 variants=3  {"au-en":43,"sg-en":14}
boilerplate      videoWithText            → video                  inst=   44 pg=  37 patterns=  8 variants=7  {"au-en":28,"sg-en":16}
boilerplate      columnDisplay            → cards                  inst=   42 pg=  19 patterns=  3 variants=2  {"au-en":26,"sg-en":16}
boilerplate      practise-banner          → hero                   inst=   41 pg=  41 patterns=  2 variants=2  {"au-en":29,"sg-en":12}
boilerplate      trendingInsights         → cards                  inst=   34 pg=  21 patterns=  6 variants=2  {"au-en":23,"sg-en":11}
boilerplate      testimonialQuote         → quote                  inst=   33 pg=  33 patterns=  1 variants=1  {"au-en":23,"sg-en":10}
boilerplate      sector-banner            → hero                   inst=   29 pg=  29 patterns=  2 variants=2  {"au-en":19,"sg-en":10}
boilerplate      article-pub-download     → cards                  inst=   25 pg=  21 patterns=  2 variants=2  {"au-en":11,"sg-en":14}
boilerplate      awardsAndRanking         → cards                  inst=   19 pg=  19 patterns=  1 variants=1  {"au-en":19}
boilerplate      topic-banner             → hero                   inst=   19 pg=  19 patterns=  1 variants=1  {"au-en":18,"sg-en":1}
boilerplate      homePromobox             → cards                  inst=   15 pg=  14 patterns=  3 variants=2  {"au-en":10,"sg-en":5}
boilerplate      imageAndText             → columns                inst=   14 pg=  14 patterns=  3 variants=3  {"au-en":12,"sg-en":2}
boilerplate      subSectorBanner_title    → hero                   inst=   10 pg=  10 patterns=  1 variants=1  {"au-en":10}
boilerplate      sideBar                  → columns                inst=    8 pg=   4 patterns=  1 variants=1  {"au-en":3,"sg-en":5}
boilerplate      accordion                → accordion              inst=    7 pg=   7 patterns=  3 variants=3  {"au-en":5,"sg-en":2}
boilerplate      newNormal                → cards                  inst=    6 pg=   6 patterns=  1 variants=1  {"au-en":4,"sg-en":2}
boilerplate      table                    → table                  inst=    5 pg=   4 patterns=  4 variants=3  {"au-en":2,"sg-en":3}
boilerplate      stats                    → cards                  inst=    4 pg=   4 patterns=  1 variants=1  {"au-en":3,"sg-en":1}
boilerplate      carousel                 → carousel               inst=    4 pg=   2 patterns=  2 variants=1  {"au-en":2,"sg-en":2}
boilerplate      featureInsightWithImage  → cards                  inst=    3 pg=   3 patterns=  2 variants=2  {"au-en":3}
boilerplate      newTable                 → table                  inst=    3 pg=   2 patterns=  3 variants=2  {"au-en":3}
boilerplate      quote                    → quote                  inst=    2 pg=   2 patterns=  1 variants=1  {"au-en":2}
boilerplate      topicsHome               → cards                  inst=    2 pg=   2 patterns=  2 variants=1  {"au-en":1,"sg-en":1}
boilerplate      location                 → cards                  inst=    2 pg=   2 patterns=  1 variants=1  {"au-en":1,"sg-en":1}
boilerplate      search-page              → search                 inst=    2 pg=   2 patterns=  1 variants=1  {"au-en":1,"sg-en":1}
boilerplate      timeline                 → cards                  inst=    1 pg=   1 patterns=  1 variants=1  {"au-en":1}
boilerplate      testimonial              → quote                  inst=    1 pg=   1 patterns=  1 variants=1  {"au-en":1}
default-content  text                     → default-content        inst=  491 pg= 235 patterns=  7 variants=6  {"au-en":280,"sg-en":211}
default-content  banner-image-authors     → default-content        inst=  230 pg= 230 patterns=  2 variants=2  {"au-en":131,"sg-en":99}
default-content  textAndTitle             → default-content        inst=  163 pg=  75 patterns=  5 variants=5  {"au-en":96,"sg-en":67}
default-content  ex-head-title            → default-content        inst=  125 pg= 125 patterns=  2 variants=2  {"au-en":74,"sg-en":51}
default-content  test                     → default-content        inst=  104 pg= 104 patterns=  1 variants=1  {"au-en":56,"sg-en":48}
default-content  image                    → default-content        inst=   98 pg=  38 patterns=  6 variants=6  {"au-en":49,"sg-en":49}
default-content  multi-button             → default-content        inst=   81 pg=  54 patterns=  3 variants=3  {"au-en":41,"sg-en":40}
default-content  article-reference        → default-content        inst=   58 pg=  58 patterns=  2 variants=2  {"au-en":28,"sg-en":30}
default-content  alumniNav                → default-content        inst=   40 pg=  40 patterns=  1 variants=1  {"au-en":24,"sg-en":16}
default-content  title                    → default-content        inst=   40 pg=  40 patterns=  1 variants=1  {"au-en":40}
default-content  padding                  → default-content        inst=   28 pg=  10 patterns=  1 variants=1  {"au-en":23,"sg-en":5}
default-content  starPartner              → default-content        inst=   22 pg=  21 patterns=  3 variants=2  {"au-en":15,"sg-en":7}
default-content  header-mask              → default-content        inst=   20 pg=  20 patterns=  1 variants=1  {"au-en":10,"sg-en":10}
default-content  article-type             → default-content        inst=   19 pg=  19 patterns=  1 variants=1  {"au-en":18,"sg-en":1}
default-content  button                   → default-content        inst=   15 pg=  15 patterns=  1 variants=1  {"au-en":5,"sg-en":10}
default-content  subPractiseBanner_title  → default-content        inst=   12 pg=  12 patterns=  2 variants=2  {"au-en":10,"sg-en":2}
default-content  separator                → default-content        inst=   10 pg=   4 patterns=  1 variants=1  {"au-en":10}
default-content  loading                  → default-content        inst=    8 pg=   8 patterns=  1 variants=1  {"au-en":4,"sg-en":4}
default-content  article-reference-title  → default-content        inst=    8 pg=   8 patterns=  1 variants=1  {"au-en":4,"sg-en":4}
default-content  ghost                    → default-content        inst=    7 pg=   7 patterns=  1 variants=1  {"sg-en":7}
default-content  hidden-h1                → default-content        inst=    2 pg=   2 patterns=  1 variants=1  {"au-en":1,"sg-en":1}
default-content  test-center              → default-content        inst=    1 pg=   1 patterns=  1 variants=1  {"au-en":1}
section          container                → section                inst= 1424 pg= 291 patterns=216 variants=182  {"au-en":856,"sg-en":568}
section          dynamicContainer         → section                inst=  893 pg= 291 patterns=  6 variants=6  {"au-en":520,"sg-en":373}
section          experiencefragment       → fragment               inst=  446 pg= 291 patterns= 10 variants=10  {"au-en":237,"sg-en":209}
section          ex-second-part2          → section                inst=  279 pg=  70 patterns= 26 variants=25  {"au-en":188,"sg-en":91}
section          customer-container       → section                inst=  276 pg= 276 patterns=  2 variants=1  {"au-en":163,"sg-en":113}
section          cmp-container            → section                inst=  276 pg= 276 patterns=  1 variants=1  {"au-en":163,"sg-en":113}
section          ex-second-box            → section                inst=  110 pg=  90 patterns=  9 variants=8  {"au-en":68,"sg-en":42}
chrome           header                   → header                 inst=  572 pg= 276 patterns=  5 variants=3  {"au-en":336,"sg-en":236}
chrome           footer                   → footer                 inst=  276 pg= 276 patterns=  2 variants=1  {"au-en":163,"sg-en":113}
layout families: 29 (29 signatures)
