Render set: 522, already done: 0, todo: 522
  [w1] 20/522 done (ok=20 fail=0) last=https://www.anchorfoodprofessionals.com/dominoscolab/resources/cheese-
  [w0] 40/522 done (ok=40 fail=0) last=https://www.anchorfoodprofessionals.com/dominoscolab/resources/global-
  [w1] 60/522 done (ok=60 fail=0) last=https://www.anchorfoodprofessionals.com/dominoscolab/resources/product
  [w1] 80/522 done (ok=79 fail=0) last=https://www.anchorfoodprofessionals.com/global/en/404.html
  [w0] 100/522 done (ok=101 fail=0) last=https://www.anchorfoodprofessionals.com/global/en/foodnhotelasia/chef-
  [w3] 120/522 done (ok=121 fail=0) last=https://www.anchorfoodprofessionals.com/global/en/inspiration/carrot-a
  [w2] 140/522 done (ok=141 fail=0) last=https://www.anchorfoodprofessionals.com/global/en/inspiration/female-c
  [w3] 160/522 done (ok=160 fail=0) last=https://www.anchorfoodprofessionals.com/global/en/inspiration/milk-cho
  [w3] 180/522 done (ok=180 fail=0) last=https://www.anchorfoodprofessionals.com/global/en/inspiration/scallops
  [w3] 200/522 done (ok=200 fail=0) last=https://www.anchorfoodprofessionals.com/global/en/our-products/butter/
  [w2] 220/522 done (ok=220 fail=0) last=https://www.anchorfoodprofessionals.com/global/en/our-products/cream-c
  [w3] 240/522 done (ok=240 fail=0) last=https://www.anchorfoodprofessionals.com/global/en/solutions/price-lock
  [w3] 260/522 done (ok=260 fail=0) last=https://www.anchorfoodprofessionals.com/yumlive/resources/Plant-based-
  [w0] 280/522 done (ok=280 fail=0) last=https://www.anchorfoodprofessionals.com/yumlive/resources/chef-dannys-
  [w2] 300/522 done (ok=299 fail=0) last=https://www.anchorfoodprofessionals.com/yumlive/resources/cognitive-bi
  [w1] 320/522 done (ok=320 fail=0) last=https://www.anchorfoodprofessionals.com/yumlive/resources/dos-scarcity
  [w1] 340/522 done (ok=340 fail=0) last=https://www.anchorfoodprofessionals.com/yumlive/resources/global-prici
  [w1] 360/522 done (ok=360 fail=0) last=https://www.anchorfoodprofessionals.com/yumlive/resources/global-prici
  [w1] 380/522 done (ok=380 fail=0) last=https://www.anchorfoodprofessionals.com/yumlive/resources/global-suppl
  [w1] 400/522 done (ok=399 fail=0) last=https://www.anchorfoodprofessionals.com/yumlive/resources/global-suppl
  [w0] 420/522 done (ok=418 fail=0) last=https://www.anchorfoodprofessionals.com/yumlive/resources/gypsy-day.ht
  [w2] 440/522 done (ok=440 fail=0) last=https://www.anchorfoodprofessionals.com/yumlive/resources/menu-ideatio
  [w1] 460/522 done (ok=461 fail=0) last=https://www.anchorfoodprofessionals.com/yumlive/resources/pizza-of-the
  [w2] 480/522 done (ok=481 fail=0) last=https://www.anchorfoodprofessionals.com/yumlive/resources/sweet-heat-t
  [w1] 500/522 done (ok=499 fail=0) last=https://www.anchorfoodprofessionals.com/yumlive/resources/trends-repor
  [w2] 520/522 done (ok=520 fail=0) last=https://www.anchorfoodprofessionals.com/yumlive/resources/yum-live1.ht
DONE rendering. ok=522 fail=0 total_processed=522
