2026-09-24 06:30:12 | INFO | Site crawler starting
2026-09-24 06:30:12 | INFO | Starting crawl: https://babylovenappies.com.au
2026-09-24 06:30:12 | INFO | Max pages: 9000, Delay: 350ms, Timeout: 15000ms
2026-09-24 06:30:12 | INFO | Max retries per URL: 1
2026-09-24 06:30:12 | INFO | Robots.txt disallow rules found: 0
2026-09-24 06:30:12 | INFO | ✓ 1/9000 | Queue: 37 | ✅ https://babylovenappies.com.au/...
2026-09-24 06:30:13 | INFO | ✓ 2/9000 | Queue: 36 | ✅ https://babylovenappies.com.au/our-products...
2026-09-24 06:30:13 | INFO | ✓ 3/9000 | Queue: 48 | ✅ https://babylovenappies.com.au/our-products/cosifi...
2026-09-24 06:30:14 | INFO | ✓ 4/9000 | Queue: 63 | ✅ https://babylovenappies.com.au/our-products/nappy-...
2026-09-24 06:30:15 | INFO | ✓ 5/9000 | Queue: 73 | ✅ https://babylovenappies.com.au/our-products/beyond...
2026-09-24 06:30:16 | INFO | ✓ 6/9000 | Queue: 82 | ✅ https://babylovenappies.com.au/our-products/premmi...
2026-09-24 06:30:17 | INFO | ✓ 7/9000 | Queue: 95 | ✅ https://babylovenappies.com.au/our-products/sleepy...
2026-09-24 06:30:17 | INFO | ✓ 8/9000 | Queue: 102 | ✅ https://babylovenappies.com.au/our-products/swim-p...
2026-09-24 06:30:18 | INFO | ✓ 9/9000 | Queue: 109 | ✅ https://babylovenappies.com.au/our-products/baby-w...
2026-09-24 06:30:19 | INFO | ✓ 10/9000 | Queue: 108 | ✅ https://babylovenappies.com.au/about-us...
2026-09-24 06:30:20 | INFO | ✓ 11/9000 | Queue: 107 | ✅ https://babylovenappies.com.au/about-us/our-story...
2026-09-24 06:30:21 | INFO | ✓ 12/9000 | Queue: 107 | ✅ https://babylovenappies.com.au/about-us/sustainabi...
2026-09-24 06:30:21 | INFO | ✓ 13/9000 | Queue: 109 | ✅ https://babylovenappies.com.au/about-us/5-a-day-of...
2026-09-24 06:30:22 | INFO | ✓ 14/9000 | Queue: 108 | ✅ https://babylovenappies.com.au/about-us/contact-us...
2026-09-24 06:30:23 | INFO | ✓ 15/9000 | Queue: 108 | ✅ https://babylovenappies.com.au/news...
2026-09-24 06:30:24 | INFO | ✓ 16/9000 | Queue: 107 | ✅ https://babylovenappies.com.au/sample-products...
2026-09-24 06:30:24 | INFO | ✓ 17/9000 | Queue: 106 | ✅ https://babylovenappies.com.au/sample-products/cos...
2026-09-24 06:30:25 | INFO | ✓ 18/9000 | Queue: 121 | ✅ https://babylovenappies.com.au/where-to-buy...
2026-09-24 06:30:26 | INFO | ✓ 19/9000 | Queue: 127 | ✅ https://babylovenappies.com.au/blog...
2026-09-24 06:30:27 | INFO | ✓ 20/9000 | Queue: 128 | ✅ https://babylovenappies.com.au/sleepynights-guaran...
2026-09-24 06:30:28 | INFO | ✓ 21/9000 | Queue: 128 | ✅ https://babylovenappies.com.au/babylove-x-bluey-ex...
2026-09-24 06:30:28 | INFO | ✓ 22/9000 | Queue: 128 | ✅ https://babylovenappies.com.au/blog/get-to-know-al...
2026-09-24 06:30:29 | INFO | ✓ 23/9000 | Queue: 127 | ✅ https://babylovenappies.com.au/blog?filters=baby...
2026-09-24 06:30:30 | INFO | ✓ 24/9000 | Queue: 126 | ✅ https://babylovenappies.com.au/blog?filters=genera...
2026-09-24 06:30:30 | INFO | ✓ 25/9000 | Queue: 125 | ✅ https://babylovenappies.com.au/blog?filters=parent...
2026-09-24 06:30:31 | INFO | ✓ 26/9000 | Queue: 126 | ✅ https://babylovenappies.com.au/blog/new-to-bluey-w...
2026-09-24 06:30:32 | INFO | ✓ 27/9000 | Queue: 127 | ✅ https://babylovenappies.com.au/blog/prints-on-napp...
2026-09-24 06:30:32 | INFO | ✓ 28/9000 | Queue: 126 | ✅ https://babylovenappies.com.au/blog?filters=nappy-...
2026-09-24 06:30:33 | INFO | ✓ 29/9000 | Queue: 126 | ✅ https://babylovenappies.com.au/modern-slavery-act...
2026-09-24 06:30:34 | INFO | ✓ 30/9000 | Queue: 127 | ✅ https://babylovenappies.com.au/privacy...
2026-09-24 06:30:35 | INFO | ✓ 31/9000 | Queue: 126 | ✅ https://babylovenappies.com.au/terms-of-use...
2026-09-24 06:30:35 | INFO | ✓ 32/9000 | Queue: 125 | ✅ https://babylovenappies.com.au/sample-products/cos...
2026-09-24 06:30:36 | INFO | ✓ 33/9000 | Queue: 123 | ✅ https://babylovenappies.com.au/blog/baby-essential...
2026-09-24 06:30:37 | INFO | ✓ 34/9000 | Queue: 110 | ✅ https://babylovenappies.com.au/blog/quality-time-n...
2026-09-24 06:30:37 | INFO | ✓ 35/9000 | Queue: 109 | ✅ https://babylovenappies.com.au/blog?filters=5-a-da...
2026-09-24 06:30:38 | INFO | ✓ 36/9000 | Queue: 108 | ✅ https://babylovenappies.com.au/blog?filters=curiou...
2026-09-24 06:30:39 | INFO | ✓ 37/9000 | Queue: 107 | ✅ https://babylovenappies.com.au/blog/rediscover-you...
2026-09-24 06:30:40 | INFO | ✓ 38/9000 | Queue: 100 | ✅ https://babylovenappies.com.au/blog/its-official-w...
2026-09-24 06:30:40 | INFO | ✓ 39/9000 | Queue: 99 | ✅ https://babylovenappies.com.au/blog?filters=sustai...
2026-09-24 06:30:41 | INFO | ✓ 40/9000 | Queue: 98 | ✅ https://babylovenappies.com.au/blog/toilet-trainin...
2026-09-24 06:30:42 | INFO | ✓ 41/9000 | Queue: 97 | ✅ https://babylovenappies.com.au/blog/halfway-to-one...
2026-09-24 06:30:43 | INFO | ✓ 42/9000 | Queue: 92 | ✅ https://babylovenappies.com.au/blog/qa-with-miracl...
2026-09-24 06:30:44 | INFO | ✓ 43/9000 | Queue: 91 | ✅ https://babylovenappies.com.au/blog?filters=first-...
2026-09-24 06:30:47 | INFO | ✓ 44/9000 | Queue: 91 | ✅ https://babylovenappies.com.au/blog/taking-your-pr...
2026-09-24 06:30:49 | INFO | ✓ 45/9000 | Queue: 90 | ✅ https://babylovenappies.com.au/blog/helpful-dos-an...
2026-09-24 06:30:51 | INFO | ✓ 46/9000 | Queue: 83 | ✅ https://babylovenappies.com.au/blog/top-three-toil...
2026-09-24 06:30:52 | INFO | ✓ 47/9000 | Queue: 82 | ✅ https://babylovenappies.com.au/blog?filters=nappy-...
2026-09-24 06:30:54 | INFO | ✓ 48/9000 | Queue: 81 | ✅ https://babylovenappies.com.au/blog/embrace-the-ch...
2026-09-24 06:30:56 | INFO | ✓ 49/9000 | Queue: 77 | ✅ https://babylovenappies.com.au/blog/activities-wit...
2026-09-24 06:30:57 | INFO | ✓ 50/9000 | Queue: 81 | ✅ https://babylovenappies.com.au/blog/the-best-toys-...
2026-09-24 06:30:59 | INFO | ✓ 51/9000 | Queue: 80 | ✅ https://babylovenappies.com.au/blog/5-types-of-pla...
2026-09-24 06:31:00 | INFO | ✓ 52/9000 | Queue: 75 | ✅ https://babylovenappies.com.au/blog/good-germs-vs-...
2026-09-24 06:31:01 | INFO | ✓ 53/9000 | Queue: 74 | ✅ https://babylovenappies.com.au/blog?filters=safety...
2026-09-24 06:31:02 | INFO | ✓ 54/9000 | Queue: 73 | ✅ https://babylovenappies.com.au/blog/travelling-wit...
2026-09-24 06:31:04 | INFO | ✓ 55/9000 | Queue: 87 | ✅ https://babylovenappies.com.au/blog/understanding-...
2026-09-24 06:31:05 | INFO | ✓ 56/9000 | Queue: 85 | ✅ https://babylovenappies.com.au/blog/toddler-tumble...
2026-09-24 06:31:07 | INFO | ✓ 57/9000 | Queue: 84 | ✅ https://babylovenappies.com.au/blog/embracing-comp...
2026-09-24 06:31:08 | INFO | ✓ 58/9000 | Queue: 83 | ✅ https://babylovenappies.com.au/wipes-promo...
2026-09-24 06:31:09 | INFO | ✓ 59/9000 | Queue: 85 | ✅ https://babylovenappies.com.au/where-to-buy-nz...
2026-09-24 06:31:11 | INFO | ✓ 60/9000 | Queue: 75 | ✅ https://babylovenappies.com.au/blog/babylove-joins...
2026-09-24 06:31:12 | INFO | ✓ 61/9000 | Queue: 74 | ✅ https://babylovenappies.com.au/blog?filters=news...
2026-09-24 06:31:13 | INFO | ✓ 62/9000 | Queue: 78 | ✅ https://babylovenappies.com.au/blog/how-many-nappi...
2026-09-24 06:31:15 | INFO | ✓ 63/9000 | Queue: 77 | ✅ https://babylovenappies.com.au/blog/holiday-at-hom...
2026-09-24 06:31:16 | INFO | ✓ 64/9000 | Queue: 76 | ✅ https://babylovenappies.com.au/blog/childcare-guid...
2026-09-24 06:31:18 | INFO | ✓ 65/9000 | Queue: 75 | ✅ https://babylovenappies.com.au/blog/back-to-work-h...
2026-09-24 06:31:19 | INFO | ✓ 66/9000 | Queue: 74 | ✅ https://babylovenappies.com.au/blog/want-to-know-m...
2026-09-24 06:31:21 | INFO | ✓ 67/9000 | Queue: 95 | ✅ http://babylovenappies.com.au/sleepynights-guarant...
2026-09-24 06:31:22 | INFO | ✓ 68/9000 | Queue: 94 | ✅ https://babylovenappies.com.au/sleepynights-guaran...
2026-09-24 06:31:24 | INFO | ✓ 69/9000 | Queue: 93 | ✅ https://babylovenappies.com.au/blog/perfect-fit-fo...
2026-09-24 06:31:25 | INFO | ✓ 70/9000 | Queue: 92 | ✅ https://babylovenappies.com.au/blog/setting-up-a-g...
2026-09-24 06:31:27 | INFO | ✓ 71/9000 | Queue: 119 | ✅ https://www.babylovenappies.com.au/...
2026-09-24 06:31:28 | INFO | ✓ 72/9000 | Queue: 121 | ✅ https://babylovenappies.com.au/where-to-find-us...
2026-09-24 06:31:29 | INFO | ✓ 73/9000 | Queue: 118 | ✅ https://babylovenappies.com.au/blog/effective-stra...
2026-09-24 06:31:31 | INFO | ✓ 74/9000 | Queue: 122 | ✅ https://babylovenappies.com.au/blog/causes-of-noct...
2026-09-24 06:31:31 | INFO | ✓ 75/9000 | Queue: 114 | ✅ https://babylovenappies.com.au/blog/toddler/unders...
2026-09-24 06:31:33 | INFO | ✓ 76/9000 | Queue: 101 | ✅ https://babylovenappies.com.au/wipes-promo-legals...
2026-09-24 06:31:34 | INFO | ✓ 77/9000 | Queue: 92 | ✅ https://babylovenappies.com.au/blog/why-and-when-t...
2026-09-24 06:31:36 | INFO | ✓ 78/9000 | Queue: 91 | ✅ https://babylovenappies.com.au/blog/decoding-the-n...
2026-09-24 06:31:37 | INFO | ✓ 79/9000 | Queue: 90 | ✅ https://babylovenappies.com.au/blog/choosing-the-r...
2026-09-24 06:31:38 | INFO | ✓ 80/9000 | Queue: 98 | ✅ http://babylovenappies.com.au/...
2026-09-24 06:31:39 | INFO | ✓ 81/9000 | Queue: 97 | ✅ http://babylovenappies.com.au/our-products...
2026-09-24 06:31:41 | INFO | ✓ 82/9000 | Queue: 109 | ✅ http://babylovenappies.com.au/our-products/cosifit...
2026-09-24 06:31:42 | INFO | ✓ 83/9000 | Queue: 123 | ✅ http://babylovenappies.com.au/our-products/nappy-p...
2026-09-24 06:31:44 | INFO | ✓ 84/9000 | Queue: 133 | ✅ http://babylovenappies.com.au/our-products/beyond-...
2026-09-24 06:31:45 | INFO | ✓ 85/9000 | Queue: 142 | ✅ http://babylovenappies.com.au/our-products/premmie...
2026-09-24 06:31:47 | INFO | ✓ 86/9000 | Queue: 155 | ✅ http://babylovenappies.com.au/our-products/sleepyn...
2026-09-24 06:31:48 | INFO | ✓ 87/9000 | Queue: 162 | ✅ http://babylovenappies.com.au/our-products/swim-pa...
2026-09-24 06:31:49 | INFO | ✓ 88/9000 | Queue: 169 | ✅ http://babylovenappies.com.au/our-products/baby-wi...
2026-09-24 06:31:51 | INFO | ✓ 89/9000 | Queue: 168 | ✅ http://babylovenappies.com.au/about-us...
2026-09-24 06:31:52 | INFO | ✓ 90/9000 | Queue: 167 | ✅ http://babylovenappies.com.au/about-us/our-story...
2026-09-24 06:31:53 | INFO | ✓ 91/9000 | Queue: 167 | ✅ http://babylovenappies.com.au/about-us/sustainabil...
2026-09-24 06:31:54 | INFO | ✓ 92/9000 | Queue: 169 | ✅ http://babylovenappies.com.au/about-us/5-a-day-of-...
2026-09-24 06:31:55 | INFO | ✓ 93/9000 | Queue: 168 | ✅ http://babylovenappies.com.au/about-us/contact-us...
2026-09-24 06:31:56 | INFO | ✓ 94/9000 | Queue: 168 | ✅ http://babylovenappies.com.au/news...
2026-09-24 06:31:57 | INFO | ✓ 95/9000 | Queue: 167 | ✅ http://babylovenappies.com.au/sample-products...
2026-09-24 06:31:58 | INFO | ✓ 96/9000 | Queue: 166 | ✅ http://babylovenappies.com.au/sample-products/cosi...
2026-09-24 06:31:59 | INFO | ✓ 97/9000 | Queue: 166 | ✅ http://babylovenappies.com.au/where-to-buy...
2026-09-24 06:32:01 | INFO | ✓ 98/9000 | Queue: 172 | ✅ http://babylovenappies.com.au/blog...
2026-09-24 06:32:02 | INFO | ✓ 99/9000 | Queue: 172 | ✅ http://babylovenappies.com.au/modern-slavery-act...
2026-09-24 06:32:03 | INFO | ✓ 100/9000 | Queue: 172 | ✅ http://babylovenappies.com.au/privacy...
2026-09-24 06:32:03 | INFO | Checkpoint saved: 100 visited, 172 queued
2026-09-24 06:32:05 | INFO | ✓ 101/9000 | Queue: 171 | ✅ http://babylovenappies.com.au/terms-of-use...
2026-09-24 06:32:06 | INFO | ✓ 102/9000 | Queue: 167 | ✅ https://babylovenappies.com.au/blog/simple-tips-to...
2026-09-24 06:32:07 | INFO | ✓ 103/9000 | Queue: 166 | ✅ https://www.babylovenappies.com.au/our-products...
2026-09-24 06:32:09 | INFO | ✓ 104/9000 | Queue: 167 | ✅ https://www.babylovenappies.com.au/our-products/co...
2026-09-24 06:32:10 | INFO | ✓ 105/9000 | Queue: 170 | ✅ https://www.babylovenappies.com.au/our-products/na...
2026-09-24 06:32:11 | INFO | ✓ 106/9000 | Queue: 173 | ✅ https://www.babylovenappies.com.au/our-products/be...
2026-09-24 06:32:13 | INFO | ✓ 107/9000 | Queue: 176 | ✅ https://www.babylovenappies.com.au/our-products/pr...
2026-09-24 06:32:14 | INFO | ✓ 108/9000 | Queue: 178 | ✅ https://www.babylovenappies.com.au/our-products/sl...
2026-09-24 06:32:15 | INFO | ✓ 109/9000 | Queue: 180 | ✅ https://www.babylovenappies.com.au/our-products/sw...
2026-09-24 06:32:16 | INFO | ✓ 110/9000 | Queue: 183 | ✅ https://www.babylovenappies.com.au/our-products/ba...
2026-09-24 06:32:17 | INFO | ✓ 111/9000 | Queue: 182 | ✅ https://www.babylovenappies.com.au/about-us...
2026-09-24 06:32:19 | INFO | ✓ 112/9000 | Queue: 181 | ✅ https://www.babylovenappies.com.au/about-us/our-st...
2026-09-24 06:32:20 | INFO | ✓ 113/9000 | Queue: 180 | ✅ https://www.babylovenappies.com.au/about-us/sustai...
2026-09-24 06:32:20 | INFO | ✓ 114/9000 | Queue: 181 | ✅ https://www.babylovenappies.com.au/about-us/5-a-da...
2026-09-24 06:32:21 | INFO | ✓ 115/9000 | Queue: 180 | ✅ https://www.babylovenappies.com.au/about-us/contac...
2026-09-24 06:32:22 | INFO | ✓ 116/9000 | Queue: 180 | ✅ https://www.babylovenappies.com.au/news...
2026-09-24 06:32:23 | INFO | ✓ 117/9000 | Queue: 179 | ✅ https://www.babylovenappies.com.au/sample-products...
2026-09-24 06:32:24 | INFO | ✓ 118/9000 | Queue: 178 | ✅ https://www.babylovenappies.com.au/sample-products...
2026-09-24 06:32:25 | INFO | ✓ 119/9000 | Queue: 178 | ✅ https://www.babylovenappies.com.au/where-to-buy...
2026-09-24 06:32:26 | INFO | ✓ 120/9000 | Queue: 184 | ✅ https://www.babylovenappies.com.au/blog...
2026-09-24 06:32:27 | INFO | ✓ 121/9000 | Queue: 183 | ✅ https://www.babylovenappies.com.au/sleepynights-gu...
2026-09-24 06:32:28 | INFO | ✓ 122/9000 | Queue: 183 | ✅ https://www.babylovenappies.com.au/babylove-x-blue...
2026-09-24 06:32:30 | INFO | ✓ 123/9000 | Queue: 183 | ✅ https://www.babylovenappies.com.au/blog/get-to-kno...
2026-09-24 06:32:31 | INFO | ✓ 124/9000 | Queue: 182 | ✅ https://www.babylovenappies.com.au/blog?filters=ba...
2026-09-24 06:32:32 | INFO | ✓ 125/9000 | Queue: 181 | ✅ https://www.babylovenappies.com.au/blog?filters=ge...
2026-09-24 06:32:33 | INFO | ✓ 126/9000 | Queue: 180 | ✅ https://www.babylovenappies.com.au/blog?filters=pa...
2026-09-24 06:32:35 | INFO | ✓ 127/9000 | Queue: 181 | ✅ https://www.babylovenappies.com.au/blog/new-to-blu...
2026-09-24 06:32:36 | INFO | ✓ 128/9000 | Queue: 182 | ✅ https://www.babylovenappies.com.au/blog/prints-on-...
2026-09-24 06:32:37 | INFO | ✓ 129/9000 | Queue: 181 | ✅ https://www.babylovenappies.com.au/blog?filters=na...
2026-09-24 06:32:37 | INFO | ✓ 130/9000 | Queue: 180 | ✅ https://www.babylovenappies.com.au/modern-slavery-...
2026-09-24 06:32:38 | INFO | ✓ 131/9000 | Queue: 179 | ✅ https://www.babylovenappies.com.au/privacy...
2026-09-24 06:32:39 | INFO | ✓ 132/9000 | Queue: 178 | ✅ https://www.babylovenappies.com.au/terms-of-use...
2026-09-24 06:32:40 | INFO | ✓ 133/9000 | Queue: 177 | ✅ https://babylovenappies.com.au/blog/setting-up-a-g...
2026-09-24 06:32:41 | INFO | ✓ 134/9000 | Queue: 179 | ✅ https://babylovenappies.com.au/blog/sleepy-nights-...
2026-09-24 06:32:42 | INFO | ✓ 135/9000 | Queue: 176 | ✅ http://babylovenappies.com.au/sleepynights-guarant...
2026-09-24 06:32:43 | INFO | ✓ 136/9000 | Queue: 175 | ✅ http://babylovenappies.com.au/babylove-x-bluey-exc...
2026-09-24 06:32:44 | INFO | ✓ 137/9000 | Queue: 174 | ✅ http://babylovenappies.com.au/blog/get-to-know-all...
2026-09-24 06:32:45 | INFO | ✓ 138/9000 | Queue: 173 | ✅ http://babylovenappies.com.au/blog?filters=baby...
2026-09-24 06:32:46 | INFO | ✓ 139/9000 | Queue: 172 | ✅ http://babylovenappies.com.au/blog?filters=general...
2026-09-24 06:32:47 | INFO | ✓ 140/9000 | Queue: 171 | ✅ http://babylovenappies.com.au/blog?filters=parenti...
2026-09-24 06:32:48 | INFO | ✓ 141/9000 | Queue: 170 | ✅ http://babylovenappies.com.au/blog/new-to-bluey-wa...
2026-09-24 06:32:48 | INFO | ✓ 142/9000 | Queue: 171 | ✅ http://babylovenappies.com.au/blog/prints-on-nappi...
2026-09-24 06:32:49 | INFO | ✓ 143/9000 | Queue: 170 | ✅ http://babylovenappies.com.au/blog?filters=nappy-f...
2026-09-24 06:32:50 | INFO | ✓ 144/9000 | Queue: 169 | ✅ http://babylovenappies.com.au/sample-products/cosi...
2026-09-24 06:32:51 | INFO | ✓ 145/9000 | Queue: 167 | ✅ http://babylovenappies.com.au/blog/baby-essentials...
2026-09-24 06:32:52 | INFO | ✓ 146/9000 | Queue: 155 | ✅ http://babylovenappies.com.au/blog/quality-time-nu...
2026-09-24 06:32:53 | INFO | ✓ 147/9000 | Queue: 154 | ✅ http://babylovenappies.com.au/blog?filters=5-a-day...
2026-09-24 06:32:54 | INFO | ✓ 148/9000 | Queue: 153 | ✅ http://babylovenappies.com.au/blog?filters=curious...
2026-09-24 06:32:55 | INFO | ✓ 149/9000 | Queue: 152 | ✅ http://babylovenappies.com.au/blog/rediscover-yout...
2026-09-24 06:32:56 | INFO | ✓ 150/9000 | Queue: 145 | ✅ http://babylovenappies.com.au/blog/its-official-we...
2026-09-24 06:32:57 | INFO | ✓ 151/9000 | Queue: 144 | ✅ http://babylovenappies.com.au/blog?filters=sustain...
2026-09-24 06:32:58 | INFO | ✓ 152/9000 | Queue: 143 | ✅ http://babylovenappies.com.au/blog/toilet-training...
2026-09-24 06:32:59 | INFO | ✓ 153/9000 | Queue: 142 | ✅ http://babylovenappies.com.au/blog/halfway-to-one-...
2026-09-24 06:33:00 | INFO | ✓ 154/9000 | Queue: 137 | ✅ http://babylovenappies.com.au/blog/qa-with-miracle...
2026-09-24 06:33:01 | INFO | ✓ 155/9000 | Queue: 136 | ✅ http://babylovenappies.com.au/blog?filters=first-s...
2026-09-24 06:33:02 | INFO | ✓ 156/9000 | Queue: 135 | ✅ http://babylovenappies.com.au/blog/taking-your-pre...
2026-09-24 06:33:03 | INFO | ✓ 157/9000 | Queue: 134 | ✅ http://babylovenappies.com.au/blog/helpful-dos-and...
2026-09-24 06:33:04 | INFO | ✓ 158/9000 | Queue: 127 | ✅ http://babylovenappies.com.au/blog/top-three-toile...
2026-09-24 06:33:04 | INFO | ✓ 159/9000 | Queue: 126 | ✅ http://babylovenappies.com.au/blog?filters=nappy-p...
2026-09-24 06:33:05 | INFO | ✓ 160/9000 | Queue: 125 | ✅ http://babylovenappies.com.au/blog/embrace-the-cha...
2026-09-24 06:33:06 | INFO | ✓ 161/9000 | Queue: 121 | ✅ http://babylovenappies.com.au/blog/activities-with...
2026-09-24 06:33:07 | INFO | ✓ 162/9000 | Queue: 125 | ✅ http://babylovenappies.com.au/blog/the-best-toys-t...
2026-09-24 06:33:08 | INFO | ✓ 163/9000 | Queue: 124 | ✅ http://babylovenappies.com.au/blog/5-types-of-play...
2026-09-24 06:33:08 | INFO | ✓ 164/9000 | Queue: 119 | ✅ http://babylovenappies.com.au/blog/good-germs-vs-b...
2026-09-24 06:33:09 | INFO | ✓ 165/9000 | Queue: 118 | ✅ http://babylovenappies.com.au/blog?filters=safety...
2026-09-24 06:33:10 | INFO | ✓ 166/9000 | Queue: 117 | ✅ http://babylovenappies.com.au/blog/travelling-with...
2026-09-24 06:33:11 | INFO | ✓ 167/9000 | Queue: 130 | ✅ http://babylovenappies.com.au/blog/understanding-g...
2026-09-24 06:33:12 | INFO | ✓ 168/9000 | Queue: 128 | ✅ http://babylovenappies.com.au/blog/toddler-tumbles...
2026-09-24 06:33:13 | INFO | ✓ 169/9000 | Queue: 127 | ✅ http://babylovenappies.com.au/blog/embracing-compe...
2026-09-24 06:33:14 | INFO | ✓ 170/9000 | Queue: 125 | ✅ http://babylovenappies.com.au/wipes-promo...
2026-09-24 06:33:15 | INFO | ✓ 171/9000 | Queue: 127 | ✅ http://babylovenappies.com.au/where-to-buy-nz...
2026-09-24 06:33:16 | INFO | ✓ 172/9000 | Queue: 132 | ✅ http://babylovenappies.com.au/blog/babylove-joins-...
2026-09-24 06:33:17 | INFO | ✓ 173/9000 | Queue: 131 | ✅ http://babylovenappies.com.au/blog?filters=news...
2026-09-24 06:33:18 | INFO | ✓ 174/9000 | Queue: 134 | ✅ http://babylovenappies.com.au/blog/how-many-nappie...
2026-09-24 06:33:19 | INFO | ✓ 175/9000 | Queue: 133 | ✅ http://babylovenappies.com.au/blog/holiday-at-home...
2026-09-24 06:33:20 | INFO | ✓ 176/9000 | Queue: 132 | ✅ http://babylovenappies.com.au/blog/childcare-guide...
2026-09-24 06:33:21 | INFO | ✓ 177/9000 | Queue: 131 | ✅ http://babylovenappies.com.au/blog/back-to-work-he...
2026-09-24 06:33:22 | INFO | ✓ 178/9000 | Queue: 130 | ✅ http://babylovenappies.com.au/blog/want-to-know-mo...
2026-09-24 06:33:23 | INFO | ✓ 179/9000 | Queue: 127 | ✅ https://www.babylovenappies.com.au/sample-products...
2026-09-24 06:33:23 | INFO | ✓ 180/9000 | Queue: 126 | ✅ https://www.babylovenappies.com.au/blog/baby-essen...
2026-09-24 06:33:24 | INFO | ✓ 181/9000 | Queue: 125 | ✅ https://www.babylovenappies.com.au/blog/quality-ti...
2026-09-24 06:33:25 | INFO | ✓ 182/9000 | Queue: 124 | ✅ https://www.babylovenappies.com.au/blog?filters=5-...
2026-09-24 06:33:26 | INFO | ✓ 183/9000 | Queue: 123 | ✅ https://www.babylovenappies.com.au/blog?filters=cu...
2026-09-24 06:33:27 | INFO | ✓ 184/9000 | Queue: 122 | ✅ https://www.babylovenappies.com.au/blog/rediscover...
2026-09-24 06:33:27 | INFO | ✓ 185/9000 | Queue: 121 | ✅ https://www.babylovenappies.com.au/blog/its-offici...
2026-09-24 06:33:28 | INFO | ✓ 186/9000 | Queue: 120 | ✅ https://www.babylovenappies.com.au/blog?filters=su...
2026-09-24 06:33:29 | INFO | ✓ 187/9000 | Queue: 119 | ✅ https://www.babylovenappies.com.au/blog/toilet-tra...
2026-09-24 06:33:30 | INFO | ✓ 188/9000 | Queue: 118 | ✅ https://www.babylovenappies.com.au/blog/halfway-to...
2026-09-24 06:33:31 | INFO | ✓ 189/9000 | Queue: 117 | ✅ https://www.babylovenappies.com.au/blog/qa-with-mi...
2026-09-24 06:33:32 | INFO | ✓ 190/9000 | Queue: 116 | ✅ https://www.babylovenappies.com.au/blog?filters=fi...
2026-09-24 06:33:33 | INFO | ✓ 191/9000 | Queue: 115 | ✅ https://www.babylovenappies.com.au/blog/taking-you...
2026-09-24 06:33:33 | INFO | ✓ 192/9000 | Queue: 114 | ✅ https://www.babylovenappies.com.au/blog/helpful-do...
2026-09-24 06:33:34 | INFO | ✓ 193/9000 | Queue: 115 | ✅ https://www.babylovenappies.com.au/blog/top-three-...
2026-09-24 06:33:35 | INFO | ✓ 194/9000 | Queue: 114 | ✅ https://www.babylovenappies.com.au/blog?filters=na...
2026-09-24 06:33:35 | INFO | ✓ 195/9000 | Queue: 113 | ✅ https://www.babylovenappies.com.au/blog/embrace-th...
2026-09-24 06:33:36 | INFO | ✓ 196/9000 | Queue: 112 | ✅ https://www.babylovenappies.com.au/blog/activities...
2026-09-24 06:33:37 | INFO | ✓ 197/9000 | Queue: 111 | ✅ https://www.babylovenappies.com.au/blog/the-best-t...
2026-09-24 06:33:38 | INFO | ✓ 198/9000 | Queue: 110 | ✅ https://www.babylovenappies.com.au/blog/5-types-of...
2026-09-24 06:33:39 | INFO | ✓ 199/9000 | Queue: 109 | ✅ https://www.babylovenappies.com.au/blog/good-germs...
2026-09-24 06:33:40 | INFO | ✓ 200/9000 | Queue: 108 | ✅ https://www.babylovenappies.com.au/blog?filters=sa...
2026-09-24 06:33:40 | INFO | Checkpoint saved: 200 visited, 108 queued
2026-09-24 06:33:41 | INFO | ✓ 201/9000 | Queue: 107 | ✅ https://www.babylovenappies.com.au/blog/travelling...
2026-09-24 06:33:42 | INFO | ✓ 202/9000 | Queue: 106 | ✅ https://www.babylovenappies.com.au/blog/understand...
2026-09-24 06:33:43 | INFO | ✓ 203/9000 | Queue: 105 | ✅ https://www.babylovenappies.com.au/blog/toddler-tu...
2026-09-24 06:33:43 | INFO | ✓ 204/9000 | Queue: 104 | ✅ https://www.babylovenappies.com.au/blog/embracing-...
2026-09-24 06:33:44 | INFO | ✓ 205/9000 | Queue: 103 | ✅ https://www.babylovenappies.com.au/wipes-promo...
2026-09-24 06:33:45 | INFO | ✓ 206/9000 | Queue: 102 | ✅ https://www.babylovenappies.com.au/where-to-buy-nz...
2026-09-24 06:33:46 | INFO | ✓ 207/9000 | Queue: 101 | ✅ https://www.babylovenappies.com.au/blog/babylove-j...
2026-09-24 06:33:47 | INFO | ✓ 208/9000 | Queue: 100 | ✅ https://www.babylovenappies.com.au/blog?filters=ne...
2026-09-24 06:33:48 | INFO | ✓ 209/9000 | Queue: 101 | ✅ https://www.babylovenappies.com.au/blog/how-many-n...
2026-09-24 06:33:48 | INFO | ✓ 210/9000 | Queue: 100 | ✅ https://www.babylovenappies.com.au/blog/holiday-at...
2026-09-24 06:33:50 | INFO | ✓ 211/9000 | Queue: 99 | ✅ https://www.babylovenappies.com.au/blog/childcare-...
2026-09-24 06:33:50 | INFO | ✓ 212/9000 | Queue: 98 | ✅ https://www.babylovenappies.com.au/blog/back-to-wo...
2026-09-24 06:33:51 | INFO | ✓ 213/9000 | Queue: 97 | ✅ https://www.babylovenappies.com.au/blog/want-to-kn...
2026-09-24 06:33:52 | INFO | ✓ 214/9000 | Queue: 96 | ✅ https://www.babylovenappies.com.au/blog/perfect-fi...
2026-09-24 06:33:53 | INFO | ✓ 215/9000 | Queue: 95 | ✅ https://www.babylovenappies.com.au/blog/setting-up...
2026-09-24 06:33:54 | INFO | ✓ 216/9000 | Queue: 94 | ✅ https://babylovenappies.com.au/blog/toddler/bedtim...
2026-09-24 06:33:55 | INFO | ✓ 217/9000 | Queue: 78 | ✅ https://babylovenappies.com.au/blog/toddler/sleepy...
2026-09-24 06:33:55 | INFO | ✓ 218/9000 | Queue: 77 | ✅ https://babylovenappies.com.au/blog/toddler/games-...
2026-09-24 06:33:56 | INFO | ✓ 219/9000 | Queue: 69 | ✅ http://babylovenappies.com.au/blog/perfect-fit-for...
2026-09-24 06:33:57 | INFO | ✓ 220/9000 | Queue: 68 | ✅ http://babylovenappies.com.au/blog/setting-up-a-go...
2026-09-24 06:33:58 | INFO | ✓ 221/9000 | Queue: 52 | ✅ http://babylovenappies.com.au/blog/effective-strat...
2026-09-24 06:33:58 | INFO | ✓ 222/9000 | Queue: 56 | ✅ http://babylovenappies.com.au/blog/causes-of-noctu...
2026-09-24 06:33:59 | INFO | ✓ 223/9000 | Queue: 25 | ✅ http://babylovenappies.com.au/blog/decoding-the-na...
2026-09-24 06:34:00 | INFO | ✓ 224/9000 | Queue: 24 | ✅ http://babylovenappies.com.au/blog/choosing-the-ri...
2026-09-24 06:34:01 | INFO | ✓ 225/9000 | Queue: 24 | ✅ https://www.babylovenappies.com.au/blog/effective-...
2026-09-24 06:34:01 | INFO | ✓ 226/9000 | Queue: 23 | ✅ https://www.babylovenappies.com.au/blog/causes-of-...
2026-09-24 06:34:02 | INFO | ✓ 227/9000 | Queue: 22 | ✅ https://www.babylovenappies.com.au/blog/decoding-t...
2026-09-24 06:34:02 | INFO | ✓ 228/9000 | Queue: 21 | ✅ https://www.babylovenappies.com.au/blog/choosing-t...
2026-09-24 06:34:03 | INFO | ✓ 229/9000 | Queue: 17 | ✅ https://www.babylovenappies.com.au/blog/simple-tip...
2026-09-24 06:34:04 | INFO | ✓ 230/9000 | Queue: 16 | ✅ http://babylovenappies.com.au/blog/simple-tips-to-...
2026-09-24 06:34:04 | INFO | ✓ 231/9000 | Queue: 30 | ✅ http://babylovenappies.com.au/blog/setting-up-a-go...
2026-09-24 06:34:05 | INFO | ✓ 232/9000 | Queue: 22 | ✅ https://www.babylovenappies.com.au/blog/setting-up...
2026-09-24 06:34:05 | INFO | Checkpoint saved: 232 visited, 0 queued
2026-09-24 06:34:05 | INFO | CRAWL COMPLETE
2026-09-24 06:34:05 | INFO | Total URLs discovered: 232
2026-09-24 06:34:05 | INFO | Status breakdown:
2026-09-24 06:34:05 | INFO | ✅ 200 (Success): 232
