pages=659 instances=12745 components=79 exactPatterns=664 variants=446
custom           integratedContactForm    → contact-form           inst=  319 pg= 310 patterns=  4 variants=2  {"site":319}
custom           calltoaction             → gated-content          inst=  317 pg= 193 patterns= 12 variants=12  {"site":317}
custom           next                     → read-next              inst=  289 pg= 289 patterns=  2 variants=2  {"site":289}
custom           downloadSfDoc            → gated-download         inst=   53 pg=  36 patterns=  7 variants=3  {"site":53}
custom           rtdSelector              → ingredient-selector    inst=    7 pg=   7 patterns=  2 variants=1  {"site":7}
custom           webcast                  → webcast-registration   inst=    6 pg=   6 patterns=  1 variants=1  {"site":6}
custom           barIngredientsSelector   → ingredient-selector    inst=    4 pg=   4 patterns=  1 variants=1  {"site":4}
custom           campaignGrid             → campaign-signup        inst=    2 pg=   2 patterns=  2 variants=1  {"site":2}
custom           dynamicform              → dynamic-form           inst=    2 pg=   2 patterns=  1 variants=1  {"site":2}
custom           textbox                  → dynamic-form           inst=    2 pg=   2 patterns=  1 variants=1  {"site":2}
custom           cheeseselector           → ingredient-selector    inst=    1 pg=   1 patterns=  1 variants=1  {"site":1}
custom           map                      → interactive-map        inst=    1 pg=   1 patterns=  1 variants=1  {"site":1}
custom           linkTableResellers       → reseller-finder        inst=    1 pg=   1 patterns=  1 variants=1  {"site":1}
custom           productListing           → product-listing        inst=    1 pg=   1 patterns=  1 variants=1  {"site":1}
custom           productselector          → ingredient-selector    inst=    1 pg=   1 patterns=  1 variants=1  {"site":1}
custom           proteinCalculator        → protein-calculator     inst=    1 pg=   1 patterns=  1 variants=1  {"site":1}
custom           latestNews               → news-listing           inst=    1 pg=   1 patterns=  1 variants=1  {"site":1}
custom           product-listing          → product-listing        inst=    1 pg=   1 patterns=  1 variants=1  {"site":1}
custom           related-articles         → related-articles       inst=    1 pg=   1 patterns=  1 variants=1  {"site":1}
custom           input                    → dynamic-form           inst=    1 pg=   1 patterns=  1 variants=1  {"site":1}
custom           options                  → dynamic-form           inst=    1 pg=   1 patterns=  1 variants=1  {"site":1}
custom           hidden                   → dynamic-form           inst=    1 pg=   1 patterns=  1 variants=1  {"site":1}
custom           algolia-search-bar       → algolia-search         inst=    1 pg=   1 patterns=  1 variants=1  {"site":1}
custom           algolia-multilevel-facets-filter → algolia-search         inst=    1 pg=   1 patterns=  1 variants=1  {"site":1}
custom           algolia-search-results   → algolia-search         inst=    1 pg=   1 patterns=  1 variants=1  {"site":1}
custom           emailSubscription        → newsletter-signup      inst=    1 pg=   1 patterns=  1 variants=1  {"site":1}
custom           carbonCertificateRequestForm → carbon-certificate-form inst=    1 pg=   1 patterns=  1 variants=1  {"site":1}
custom           dynamicFormCapture       → dynamic-form           inst=    1 pg=   1 patterns=  1 variants=1  {"site":1}
boilerplate      multicolumn-grid         → columns                inst= 1270 pg= 310 patterns=142 variants=46  {"site":1270}
boilerplate      imageTextOverlay         → columns                inst=  855 pg= 369 patterns= 26 variants=24  {"site":855}
boilerplate      textIconCard             → cards                  inst=  460 pg= 132 patterns=  2 variants=2  {"site":460}
boilerplate      pageTeaser               → carousel               inst=  304 pg= 277 patterns= 43 variants=22  {"site":304}
boilerplate      panel                    → tabs                   inst=  212 pg= 162 patterns= 30 variants=18  {"site":212}
boilerplate      accordionSection         → accordion              inst=  212 pg=  59 patterns= 28 variants=21  {"site":212}
boilerplate      mentions                 → quote                  inst=  200 pg= 101 patterns=  2 variants=1  {"site":200}
boilerplate      dashboard                → tabs                   inst=  164 pg= 162 patterns=  3 variants=1  {"site":164}
boilerplate      tileListing              → cards                  inst=  163 pg= 105 patterns= 29 variants=13  {"site":163}
boilerplate      reference                → accordion              inst=  146 pg= 143 patterns=  2 variants=2  {"site":146}
boilerplate      responsive-youtube       → video                  inst=  109 pg=  86 patterns=  9 variants=9  {"site":109}
boilerplate      expertsSlickSlider       → carousel               inst=  106 pg= 105 patterns=  7 variants=5  {"site":106}
boilerplate      statisticsTile           → cards                  inst=   92 pg=  43 patterns=  3 variants=2  {"site":92}
boilerplate      imageTextCard            → cards                  inst=   18 pg=   4 patterns= 10 variants=5  {"site":18}
boilerplate      publitas                 → embed                  inst=   13 pg=  13 patterns=  2 variants=2  {"site":13}
boilerplate      carouselcontainer        → carousel               inst=   12 pg=   9 patterns=  1 variants=1  {"site":12}
boilerplate      slicktiles               → cards                  inst=    9 pg=   9 patterns=  2 variants=2  {"site":9}
boilerplate      webcastBanner            → hero                   inst=    6 pg=   6 patterns=  1 variants=1  {"site":6}
boilerplate      verticalCarousel         → carousel               inst=    5 pg=   3 patterns=  3 variants=1  {"site":5}
boilerplate      carouselSlide            → carousel               inst=    5 pg=   3 patterns=  1 variants=1  {"site":5}
boilerplate      embed                    → embed                  inst=    4 pg=   4 patterns=  2 variants=2  {"site":4}
boilerplate      newsfeedInternalLinks    → cards                  inst=    4 pg=   4 patterns=  2 variants=2  {"site":4}
boilerplate      fullscreenImageText      → hero                   inst=    3 pg=   3 patterns=  1 variants=1  {"site":3}
boilerplate      gallerycontainer         → carousel               inst=    2 pg=   2 patterns=  1 variants=1  {"site":2}
boilerplate      js_comp__slide           → carousel               inst=    1 pg=   1 patterns=  1 variants=1  {"site":1}
boilerplate      breadcrumb               → breadcrumbs            inst=    1 pg=   1 patterns=  1 variants=1  {"site":1}
boilerplate      secondary-hero-banner    → hero                   inst=    1 pg=   1 patterns=  1 variants=1  {"site":1}
boilerplate      multicolumngrid          → columns                inst=    1 pg=   1 patterns=  1 variants=1  {"site":1}
boilerplate      primary-hero-banner      → hero                   inst=    1 pg=   1 patterns=  1 variants=1  {"site":1}
boilerplate      carousel                 → carousel               inst=    1 pg=   1 patterns=  1 variants=1  {"site":1}
default-content  richtext                 → default-content        inst= 3299 pg= 582 patterns= 15 variants=14  {"site":3299}
default-content  responsiveimage          → default-content        inst=  779 pg= 317 patterns=  2 variants=2  {"site":779}
default-content  title                    → default-content        inst=  232 pg= 176 patterns=  1 variants=1  {"site":232}
default-content  ctabuttonbannercomponent → default-content        inst=  211 pg= 209 patterns=  2 variants=2  {"site":211}
default-content  ctabutton                → default-content        inst=  169 pg= 106 patterns=  2 variants=2  {"site":169}
default-content  anchor                   → default-content        inst=   71 pg=  38 patterns=  2 variants=2  {"site":71}
default-content  downloadResource         → default-content        inst=   49 pg=  22 patterns=  2 variants=2  {"site":49}
default-content  sectionheader            → default-content        inst=   23 pg=  19 patterns=  4 variants=4  {"site":23}
default-content  text                     → default-content        inst=    7 pg=   1 patterns=  3 variants=3  {"site":7}
default-content  image                    → default-content        inst=    2 pg=   1 patterns=  1 variants=1  {"site":2}
default-content  button                   → default-content        inst=    1 pg=   1 patterns=  1 variants=1  {"site":1}
section          responsivegrid-centered  → section                inst=  756 pg= 351 patterns=105 variants=83  {"site":756}
section          gridSection              → section                inst=  377 pg= 208 patterns= 76 variants=60  {"site":377}
section          responsivegrid           → section                inst=   45 pg=  45 patterns= 10 variants=9  {"site":45}
section          container                → section                inst=   10 pg=   1 patterns= 10 variants=10  {"site":10}
section          experiencefragment       → fragment               inst=    2 pg=   1 patterns=  2 variants=2  {"site":2}
chrome           header                   → header                 inst=  655 pg= 655 patterns=  4 variants=4  {"site":655}
chrome           footer                   → footer                 inst=  654 pg= 654 patterns= 10 variants=7  {"site":654}
chrome           navigation-links         → header                 inst=    2 pg=   1 patterns=  1 variants=1  {"site":2}
chrome           social-icons             → footer                 inst=    1 pg=   1 patterns=  1 variants=1  {"site":1}
chrome           bannermenu               → header                 inst=    1 pg=   1 patterns=  1 variants=1  {"site":1}
layout families: 2 (231 signatures)
