2026-09-24 03:43:08 | INFO | Site crawler starting
2026-09-24 03:43:08 | INFO | Starting crawl: https://www.lgunicharm.co.kr
2026-09-24 03:43:08 | INFO | Max pages: 9000, Delay: 350ms, Timeout: 15000ms
2026-09-24 03:43:08 | INFO | Max retries per URL: 1
2026-09-24 03:43:10 | INFO | Robots.txt disallow rules found: 0
2026-09-24 03:43:11 | INFO | ✓ 1/9000 | Queue: 30 | ✅ https://www.lgunicharm.co.kr/...
2026-09-24 03:43:12 | INFO | ✓ 2/9000 | Queue: 29 | ✅ https://www.lgunicharm.co.kr/introduce.asp...
2026-09-24 03:43:14 | INFO | ✓ 3/9000 | Queue: 28 | ✅ https://www.lgunicharm.co.kr/history.asp...
2026-09-24 03:43:16 | INFO | ✓ 4/9000 | Queue: 27 | ✅ https://www.lgunicharm.co.kr/office.asp...
2026-09-24 03:43:17 | INFO | ✓ 5/9000 | Queue: 28 | ✅ https://www.lgunicharm.co.kr/location.asp...
2026-09-24 03:43:19 | INFO | ✓ 6/9000 | Queue: 45 | ✅ https://www.lgunicharm.co.kr/brand_fc.asp...
2026-09-24 03:43:20 | INFO | ✓ 7/9000 | Queue: 56 | ✅ https://www.lgunicharm.co.kr/brand_bc.asp...
2026-09-24 03:43:21 | INFO | ✓ 8/9000 | Queue: 58 | ✅ https://www.lgunicharm.co.kr/brand_hc.asp...
2026-09-24 03:43:23 | INFO | ✓ 9/9000 | Queue: 68 | ✅ https://www.lgunicharm.co.kr/brand_pc.asp...
2026-09-24 03:43:24 | INFO | ✓ 10/9000 | Queue: 70 | ✅ https://www.lgunicharm.co.kr/brand_cf.asp...
2026-09-24 03:43:25 | INFO | ✓ 11/9000 | Queue: 69 | ✅ https://www.lgunicharm.co.kr/financial.asp...
2026-09-24 03:43:26 | INFO | ✓ 12/9000 | Queue: 68 | ✅ https://www.lgunicharm.co.kr/esg.asp...
2026-09-24 03:43:27 | INFO | ✓ 13/9000 | Queue: 67 | ✅ https://www.lgunicharm.co.kr/csr.asp...
2026-09-24 03:43:28 | INFO | ✓ 14/9000 | Queue: 66 | ✅ https://www.lgunicharm.co.kr/ccm1.asp...
2026-09-24 03:43:30 | INFO | ✓ 15/9000 | Queue: 65 | ✅ https://www.lgunicharm.co.kr/ccm2.asp...
2026-09-24 03:43:31 | INFO | ✓ 16/9000 | Queue: 64 | ✅ https://www.lgunicharm.co.kr/ccm3.asp...
2026-09-24 03:43:32 | INFO | ✓ 17/9000 | Queue: 63 | ✅ https://www.lgunicharm.co.kr/talent.asp...
2026-09-24 03:43:34 | INFO | ✓ 18/9000 | Queue: 62 | ✅ https://www.lgunicharm.co.kr/position.asp...
2026-09-24 03:43:35 | INFO | ✓ 19/9000 | Queue: 61 | ✅ https://www.lgunicharm.co.kr/recruit_process.asp...
2026-09-24 03:43:36 | INFO | ✓ 20/9000 | Queue: 60 | ✅ https://www.lgunicharm.co.kr/welfare.asp...
2026-09-24 03:43:37 | INFO | ✓ 21/9000 | Queue: 80 | ✅ http://www.lgunicharm.co.kr/...
2026-09-24 03:43:38 | INFO | ✓ 22/9000 | Queue: 79 | ✅ https://www.lgunicharm.co.kr/terms.asp...
2026-09-24 03:43:40 | INFO | ✓ 23/9000 | Queue: 86 | ✅ https://www.lgunicharm.co.kr/privacy.asp...
2026-09-24 03:43:41 | INFO | ✓ 24/9000 | Queue: 39 | ✅ https://www.lgunicharm.co.kr/cf_1.asp...
2026-09-24 03:43:42 | INFO | ✓ 25/9000 | Queue: 38 | ✅ https://www.lgunicharm.co.kr/cf_2.asp...
2026-09-24 03:43:43 | INFO | ✓ 26/9000 | Queue: 37 | ✅ https://www.lgunicharm.co.kr/cf_3.asp...
2026-09-24 03:43:44 | INFO | ✓ 27/9000 | Queue: 36 | ✅ http://www.lgunicharm.co.kr/introduce.asp...
2026-09-24 03:43:45 | INFO | ✓ 28/9000 | Queue: 35 | ✅ http://www.lgunicharm.co.kr/history.asp...
2026-09-24 03:43:46 | INFO | ✓ 29/9000 | Queue: 34 | ✅ http://www.lgunicharm.co.kr/office.asp...
2026-09-24 03:43:47 | INFO | ✓ 30/9000 | Queue: 35 | ✅ http://www.lgunicharm.co.kr/location.asp...
2026-09-24 03:43:48 | INFO | ✓ 31/9000 | Queue: 52 | ✅ http://www.lgunicharm.co.kr/brand_fc.asp...
2026-09-24 03:43:48 | INFO | ✓ 32/9000 | Queue: 63 | ✅ http://www.lgunicharm.co.kr/brand_bc.asp...
2026-09-24 03:43:49 | INFO | ✓ 33/9000 | Queue: 65 | ✅ http://www.lgunicharm.co.kr/brand_hc.asp...
2026-09-24 03:43:50 | INFO | ✓ 34/9000 | Queue: 75 | ✅ http://www.lgunicharm.co.kr/brand_pc.asp...
2026-09-24 03:43:51 | INFO | ✓ 35/9000 | Queue: 77 | ✅ http://www.lgunicharm.co.kr/brand_cf.asp...
2026-09-24 03:43:51 | INFO | ✓ 36/9000 | Queue: 76 | ✅ http://www.lgunicharm.co.kr/financial.asp...
2026-09-24 03:43:52 | INFO | ✓ 37/9000 | Queue: 75 | ✅ http://www.lgunicharm.co.kr/esg.asp...
2026-09-24 03:43:54 | INFO | ✓ 38/9000 | Queue: 74 | ✅ http://www.lgunicharm.co.kr/csr.asp...
2026-09-24 03:43:54 | INFO | ✓ 39/9000 | Queue: 73 | ✅ http://www.lgunicharm.co.kr/ccm1.asp...
2026-09-24 03:43:55 | INFO | ✓ 40/9000 | Queue: 72 | ✅ http://www.lgunicharm.co.kr/ccm2.asp...
2026-09-24 03:43:56 | INFO | ✓ 41/9000 | Queue: 71 | ✅ http://www.lgunicharm.co.kr/ccm3.asp...
2026-09-24 03:43:57 | INFO | ✓ 42/9000 | Queue: 70 | ✅ http://www.lgunicharm.co.kr/talent.asp...
2026-09-24 03:43:58 | INFO | ✓ 43/9000 | Queue: 69 | ✅ http://www.lgunicharm.co.kr/position.asp...
2026-09-24 03:43:58 | INFO | ✓ 44/9000 | Queue: 68 | ✅ http://www.lgunicharm.co.kr/recruit_process.asp...
2026-09-24 03:43:59 | INFO | ✓ 45/9000 | Queue: 67 | ✅ http://www.lgunicharm.co.kr/welfare.asp...
2026-09-24 03:44:00 | INFO | ✓ 46/9000 | Queue: 58 | ✅ http://www.lgunicharm.co.kr/terms.asp...
2026-09-24 03:44:01 | INFO | ✓ 47/9000 | Queue: 57 | ✅ http://www.lgunicharm.co.kr/privacy.asp...
2026-09-24 03:44:02 | INFO | ✓ 48/9000 | Queue: 52 | ✅ http://www.lgunicharm.co.kr/etc/pop_privacy/sofy_p...
2026-09-24 03:44:03 | INFO | ✓ 49/9000 | Queue: 51 | ✅ http://www.lgunicharm.co.kr/etc/pop_privacy/lifree...
2026-09-24 03:44:04 | INFO | ✓ 50/9000 | Queue: 50 | ✅ http://www.lgunicharm.co.kr/etc/pop_privacy/petcar...
2026-09-24 03:44:05 | INFO | ✓ 51/9000 | Queue: 49 | ✅ http://www.lgunicharm.co.kr/etc/pop_privacy/mamypo...
2026-09-24 03:44:06 | INFO | ✓ 52/9000 | Queue: 2 | ✅ http://www.lgunicharm.co.kr/cf_1.asp...
2026-09-24 03:44:06 | INFO | ✓ 53/9000 | Queue: 1 | ✅ http://www.lgunicharm.co.kr/cf_2.asp...
2026-09-24 03:44:07 | INFO | ✓ 54/9000 | Queue: 0 | ✅ http://www.lgunicharm.co.kr/cf_3.asp...
2026-09-24 03:44:07 | INFO | Checkpoint saved: 54 visited, 0 queued
2026-09-24 03:44:07 | INFO | CRAWL COMPLETE
2026-09-24 03:44:07 | INFO | Total URLs discovered: 54
2026-09-24 03:44:07 | INFO | Status breakdown:
2026-09-24 03:44:07 | INFO | ✅ 200 (Success): 54
