2026-09-24 04:29:21 | INFO | Site crawler starting
2026-09-24 04:29:21 | INFO | Starting crawl: https://babylove.co.th/en
2026-09-24 04:29:21 | INFO | Max pages: 9000, Delay: 350ms, Timeout: 15000ms
2026-09-24 04:29:21 | INFO | Max retries per URL: 1
2026-09-24 04:29:21 | INFO | Robots.txt disallow rules found: 0
2026-09-24 04:29:22 | INFO | ✓ 1/9000 | Queue: 43 | ✅ https://babylove.co.th/en...
2026-09-24 04:29:22 | INFO | ✓ 2/9000 | Queue: 55 | ✅ https://babylove.co.th/en/diaper-tips...
2026-09-24 04:29:25 | INFO | ✓ 3/9000 | Queue: 57 | ✅ https://babylove.co.th/en/about/babylove...
2026-09-24 04:29:28 | INFO | ✓ 4/9000 | Queue: 69 | ✅ https://babylove.co.th/en/products...
2026-09-24 04:29:29 | INFO | ✓ 5/9000 | Queue: 73 | ✅ https://babylove.co.th/en/products/new-born...
2026-09-24 04:29:31 | INFO | ✓ 6/9000 | Queue: 74 | ✅ https://babylove.co.th/en/products/easy-tape...
2026-09-24 04:29:33 | INFO | ✓ 7/9000 | Queue: 75 | ✅ https://babylove.co.th/en/products/play-pants...
2026-09-24 04:29:34 | INFO | ✓ 8/9000 | Queue: 76 | ✅ https://babylove.co.th/en/products/power-pants...
2026-09-24 04:29:36 | INFO | ✓ 9/9000 | Queue: 77 | ✅ https://babylove.co.th/en/products/day-night-pants...
2026-09-24 04:29:38 | INFO | ✓ 10/9000 | Queue: 78 | ✅ https://babylove.co.th/en/products/smile-pants...
2026-09-24 04:29:39 | INFO | ✓ 11/9000 | Queue: 79 | ✅ https://babylove.co.th/en/products/antimos...
2026-09-24 04:29:41 | INFO | ✓ 12/9000 | Queue: 78 | ✅ https://babylove.co.th/en/products/toys-pants...
2026-09-24 04:29:43 | INFO | ✓ 13/9000 | Queue: 77 | ✅ https://babylove.co.th/en/products/talky-pants...
2026-09-24 04:29:44 | INFO | ✓ 14/9000 | Queue: 76 | ✅ https://babylove.co.th/en/products/big-pants...
2026-09-24 04:29:46 | INFO | ✓ 15/9000 | Queue: 75 | ✅ https://babylove.co.th/en/products/long-lasting-pa...
2026-09-24 04:29:48 | INFO | ✓ 16/9000 | Queue: 74 | ✅ https://babylove.co.th/en/products/kawaii-pants...
2026-09-24 04:29:49 | INFO | ✓ 17/9000 | Queue: 73 | ✅ https://babylove.co.th/en/products/natural-care-ba...
2026-09-24 04:29:50 | INFO | ✓ 18/9000 | Queue: 83 | ✅ https://babylove.co.th/en/distribution...
2026-09-24 04:29:52 | INFO | ✓ 19/9000 | Queue: 83 | ✅ https://babylove.co.th/en/promotions...
2026-09-24 04:29:53 | INFO | ✓ 20/9000 | Queue: 82 | ✅ https://babylove.co.th/en/articles...
2026-09-24 04:29:54 | INFO | ✓ 21/9000 | Queue: 94 | ✅ https://babylove.co.th/en/parent-tips...
2026-09-24 04:29:56 | INFO | ✓ 22/9000 | Queue: 108 | ✅ https://babylove.co.th/en/baby-tips...
2026-09-24 04:29:58 | INFO | ✓ 23/9000 | Queue: 119 | ✅ https://babylove.co.th/en/mother-class...
2026-09-24 04:29:59 | INFO | ✓ 24/9000 | Queue: 118 | ✅ https://babylove.co.th/en/calculator...
2026-09-24 04:30:01 | INFO | ✓ 25/9000 | Queue: 117 | ✅ https://babylove.co.th/en/diaper-chart...
2026-09-24 04:30:03 | INFO | ✓ 26/9000 | Queue: 119 | ✅ https://babylove.co.th/en/contact...
2026-09-24 04:30:06 | INFO | ✓ 27/9000 | Queue: 158 | ✅ https://babylove.co.th/...
2026-09-24 04:30:08 | INFO | ✓ 28/9000 | Queue: 168 | ✅ https://babylove.co.th/en/tvc...
2026-09-24 04:30:11 | INFO | ✓ 29/9000 | Queue: 166 | ✅ https://babylove.co.th/en/online-shopping...
2026-09-24 04:30:11 | INFO | ✓ 30/9000 | Queue: 167 | ✅ https://babylove.co.th/en/parent-tips/pregnancy...
2026-09-24 04:30:13 | INFO | ✓ 31/9000 | Queue: 166 | ✅ https://babylove.co.th/en/parent-tips/postpartum...
2026-09-24 04:30:15 | INFO | ✓ 32/9000 | Queue: 173 | ✅ https://babylove.co.th/en/baby-tips/0-3months...
2026-09-24 04:30:18 | INFO | ✓ 33/9000 | Queue: 174 | ✅ https://babylove.co.th/en/baby-tips/4-6months...
2026-09-24 04:30:19 | INFO | ✓ 34/9000 | Queue: 176 | ✅ https://babylove.co.th/en/baby-tips/7-12months...
2026-09-24 04:30:21 | INFO | ✓ 35/9000 | Queue: 177 | ✅ https://babylove.co.th/en/baby-tips/1-2years...
2026-09-24 04:30:23 | INFO | ✓ 36/9000 | Queue: 177 | ✅ https://babylove.co.th/en/baby-tips/2-3years...
2026-09-24 04:30:23 | INFO | ✓ 37/9000 | Queue: 175 | ⚠️ https://babylove.co.th/member/terms-and-condition...
2026-09-24 04:30:24 | INFO | ✓ 38/9000 | Queue: 174 | ✅ https://babylove.co.th/en/privacypolicy...
2026-09-24 04:30:26 | INFO | ✓ 39/9000 | Queue: 176 | ✅ https://babylove.co.th/en/diaper-tips/contact-derm...
2026-09-24 04:30:27 | INFO | ✓ 40/9000 | Queue: 175 | ✅ https://babylove.co.th/en/diaper-tips/train-your-c...
2026-09-24 04:30:30 | INFO | ✓ 41/9000 | Queue: 174 | ✅ https://babylove.co.th/en/diaper-tips/disposable-d...
2026-09-24 04:30:32 | INFO | ✓ 42/9000 | Queue: 173 | ✅ https://babylove.co.th/en/diaper-tips/diaper-rash...
2026-09-24 04:30:34 | INFO | ✓ 43/9000 | Queue: 172 | ✅ https://babylove.co.th/en/diaper-tips/wear-diapers...
2026-09-24 04:30:35 | INFO | ✓ 44/9000 | Queue: 171 | ✅ https://babylove.co.th/en/diaper-tips/how-many-tim...
2026-09-24 04:30:38 | INFO | ✓ 45/9000 | Queue: 170 | ✅ https://babylove.co.th/en/diaper-tips/howto-change...
2026-09-24 04:30:39 | INFO | ✓ 46/9000 | Queue: 169 | ✅ https://babylove.co.th/en/diaper-tips/when-using-d...
2026-09-24 04:30:42 | INFO | ✓ 47/9000 | Queue: 168 | ✅ https://babylove.co.th/en/diaper-tips/disposable-d...
2026-09-24 04:30:44 | INFO | ✓ 48/9000 | Queue: 167 | ✅ https://babylove.co.th/en/diaper-tips/choose-the-r...
2026-09-24 04:30:46 | INFO | ✓ 49/9000 | Queue: 166 | ✅ https://babylove.co.th/en/diaper-tips/tape-or-pant...
2026-09-24 04:30:47 | INFO | ✓ 50/9000 | Queue: 165 | ✅ https://babylove.co.th/en/diaper-tips/benefits-dis...
2026-09-24 04:30:49 | INFO | ✓ 51/9000 | Queue: 165 | ✅ https://babylove.co.th/en/diapertips/index.php?pag...
2026-09-24 04:30:51 | INFO | ✓ 52/9000 | Queue: 165 | ✅ https://babylove.co.th/en/member...
2026-09-24 04:30:54 | INFO | ✓ 53/9000 | Queue: 164 | ✅ https://babylove.co.th/en/promotions/babylove-shar...
2026-09-24 04:30:56 | INFO | ✓ 54/9000 | Queue: 163 | ✅ https://babylove.co.th/en/promotions/babylove-shar...
2026-09-24 04:30:58 | INFO | ✓ 55/9000 | Queue: 162 | ⚠️ https://babylove.co.th/en/new-born...
2026-09-24 04:30:58 | INFO | ✓ 56/9000 | Queue: 161 | ⚠️ https://babylove.co.th/en/easy-tape...
2026-09-24 04:31:00 | INFO | ✓ 57/9000 | Queue: 160 | ⚠️ https://babylove.co.th/en/play-pants...
2026-09-24 04:31:02 | INFO | ✓ 58/9000 | Queue: 159 | ⚠️ https://babylove.co.th/en/day-pants-plus...
2026-09-24 04:31:05 | INFO | ✓ 59/9000 | Queue: 158 | ⚠️ https://babylove.co.th/en/antimos...
2026-09-24 04:31:08 | INFO | ✓ 60/9000 | Queue: 157 | ⚠️ https://babylove.co.th/en/power-pants...
2026-09-24 04:31:10 | INFO | ✓ 61/9000 | Queue: 156 | ⚠️ https://babylove.co.th/en/smile-pants...
2026-09-24 04:31:12 | INFO | ✓ 62/9000 | Queue: 155 | ⚠️ https://babylove.co.th/en/talky-pants...
2026-09-24 04:31:13 | INFO | ✓ 63/9000 | Queue: 154 | ⚠️ https://babylove.co.th/en/toys-pants...
2026-09-24 04:31:15 | INFO | ✓ 64/9000 | Queue: 153 | ⚠️ https://babylove.co.th/en/big-pants...
2026-09-24 04:31:18 | INFO | ✓ 65/9000 | Queue: 152 | ⚠️ https://babylove.co.th/en/kawaii-pants...
2026-09-24 04:31:19 | INFO | ✓ 66/9000 | Queue: 151 | ⚠️ https://babylove.co.th/en/long-lasting-pants...
2026-09-24 04:31:21 | INFO | ✓ 67/9000 | Queue: 150 | ⚠️ https://babylove.co.th/en/natural-care-baby-wipes...
2026-09-24 04:31:27 | INFO | ✓ 68/9000 | Queue: 203 | ✅ https://babylove.co.th/redirect?token=eda56f781f35...
2026-09-24 04:31:31 | INFO | ✓ 69/9000 | Queue: 202 | ✅ https://babylove.co.th/redirect?token=56b7a5a33440...
2026-09-24 04:31:35 | INFO | ✓ 70/9000 | Queue: 201 | ⚠️ https://babylove.co.th/redirect?token=2e53a1a70524...
2026-09-24 04:31:38 | INFO | ✓ 71/9000 | Queue: 200 | ⚠️ https://babylove.co.th/redirect?token=3313f393c7ed...
2026-09-24 04:31:40 | INFO | ✓ 72/9000 | Queue: 199 | ✅ https://babylove.co.th/redirect?token=c774d0474480...
2026-09-24 04:31:45 | INFO | ✓ 73/9000 | Queue: 198 | ✅ https://babylove.co.th/redirect?token=0d820c33574e...
2026-09-24 04:31:52 | INFO | ✓ 74/9000 | Queue: 197 | ✅ https://babylove.co.th/redirect?token=9655e056a6dd...
2026-09-24 04:31:57 | INFO | ✓ 75/9000 | Queue: 196 | ✅ https://babylove.co.th/redirect?token=ff2fc9f56457...
2026-09-24 04:32:00 | INFO | ✓ 76/9000 | Queue: 195 | ✅ https://babylove.co.th/redirect?token=ebc556c4f7d6...
2026-09-24 04:32:06 | INFO | ✓ 77/9000 | Queue: 194 | ✅ https://babylove.co.th/redirect?token=eff08594ed97...
2026-09-24 04:32:10 | INFO | ✓ 78/9000 | Queue: 193 | ✅ https://babylove.co.th/redirect?token=9938fce24943...
2026-09-24 04:32:17 | INFO | ✓ 79/9000 | Queue: 192 | ✅ https://babylove.co.th/redirect?token=f0085bece009...
2026-09-24 04:32:20 | INFO | ✓ 80/9000 | Queue: 191 | ✅ https://babylove.co.th/redirect?token=27de55fef9a0...
2026-09-24 04:32:25 | INFO | ✓ 81/9000 | Queue: 190 | ✅ https://babylove.co.th/redirect?token=25131aa63b81...
2026-09-24 04:32:28 | INFO | ✓ 82/9000 | Queue: 189 | ✅ https://babylove.co.th/redirect?token=af9717511074...
2026-09-24 04:32:34 | INFO | ✓ 83/9000 | Queue: 186 | ✅ https://babylove.co.th/redirect?token=bc1f36bc1a44...
2026-09-24 04:32:38 | INFO | ✓ 84/9000 | Queue: 185 | ✅ https://babylove.co.th/redirect?token=c2e70fb30903...
2026-09-24 04:32:41 | INFO | ✓ 85/9000 | Queue: 184 | ⚠️ https://babylove.co.th/redirect?token=284e6188b8e9...
2026-09-24 04:32:43 | INFO | ✓ 86/9000 | Queue: 183 | ⚠️ https://babylove.co.th/redirect?token=6c18a10dee9d...
2026-09-24 04:32:45 | INFO | Retry 1/1: https://babylove.co.th/redirect?token=9da538a2bd05f6a67f24e9...
2026-09-24 04:32:47 | INFO | Retry 1/1: https://babylove.co.th/redirect?token=ce6d43bf7b02d0f4402052...
2026-09-24 04:32:51 | INFO | ✓ 87/9000 | Queue: 182 | ✅ https://babylove.co.th/redirect?token=0c6f08525727...
2026-09-24 04:32:53 | INFO | ✓ 88/9000 | Queue: 181 | ✅ https://babylove.co.th/redirect?token=a12463f9fb7c...
2026-09-24 04:32:54 | INFO | ✓ 89/9000 | Queue: 180 | ⚠️ https://babylove.co.th/redirect?token=dde090da7c8b...
2026-09-24 04:33:07 | INFO | ✓ 90/9000 | Queue: 179 | ✅ https://babylove.co.th/redirect?token=eb74fd5bb43d...
2026-09-24 04:33:13 | INFO | ✓ 91/9000 | Queue: 178 | ✅ https://babylove.co.th/redirect?token=67866557f76b...
2026-09-24 04:33:16 | INFO | ✓ 92/9000 | Queue: 177 | ⚠️ https://babylove.co.th/redirect?token=2763ecf292a5...
2026-09-24 04:33:18 | INFO | ✓ 93/9000 | Queue: 177 | ✅ https://babylove.co.th/en/parent-tips/first-trimes...
2026-09-24 04:33:20 | INFO | ✓ 94/9000 | Queue: 177 | ✅ https://babylove.co.th/en/parent-tips/4-trips-to-t...
2026-09-24 04:33:23 | INFO | ✓ 95/9000 | Queue: 177 | ✅ https://babylove.co.th/en/parent-tips/first-pregna...
2026-09-24 04:33:24 | INFO | ✓ 96/9000 | Queue: 178 | ✅ https://babylove.co.th/en/parent-tips/mother-natur...
2026-09-24 04:33:25 | INFO | ✓ 97/9000 | Queue: 177 | ✅ https://babylove.co.th/en/parent-tips/mother-appro...
2026-09-24 04:33:26 | INFO | ✓ 98/9000 | Queue: 177 | ✅ https://babylove.co.th/en/parent-tips/zika-virus-i...
2026-09-24 04:33:27 | INFO | ✓ 99/9000 | Queue: 176 | ✅ https://babylove.co.th/en/parent-tips/postpartum-d...
2026-09-24 04:33:29 | INFO | ✓ 100/9000 | Queue: 175 | ✅ https://babylove.co.th/en/parent-tips/5-complicati...
2026-09-24 04:33:29 | INFO | Checkpoint saved: 100 visited, 175 queued
2026-09-24 04:33:31 | INFO | ✓ 101/9000 | Queue: 175 | ✅ https://babylove.co.th/en/parent-tips/10-tips-new-...
2026-09-24 04:33:32 | INFO | ✓ 102/9000 | Queue: 174 | ✅ https://babylove.co.th/en/parent-tips/tips-for-bre...
2026-09-24 04:33:34 | INFO | ✓ 103/9000 | Queue: 173 | ✅ https://babylove.co.th/en/parent-tips/can-pregnant...
2026-09-24 04:33:36 | INFO | ✓ 104/9000 | Queue: 174 | ✅ https://babylove.co.th/en/parent-tips/clean-recipe...
2026-09-24 04:33:37 | INFO | ✓ 105/9000 | Queue: 174 | ✅ https://babylove.co.th/en/article/mum.php?page=2...
2026-09-24 04:33:39 | INFO | ✓ 106/9000 | Queue: 179 | ✅ https://babylove.co.th/en/baby-tips/influenza-b-sy...
2026-09-24 04:33:41 | INFO | ✓ 107/9000 | Queue: 181 | ✅ https://babylove.co.th/en/baby-tips/how-pm25-affec...
2026-09-24 04:33:42 | INFO | ✓ 108/9000 | Queue: 185 | ✅ https://babylove.co.th/en/baby-tips/risk-of-measle...
2026-09-24 04:33:44 | INFO | ✓ 109/9000 | Queue: 188 | ✅ https://babylove.co.th/en/baby-tips/child-frequent...
2026-09-24 04:33:46 | INFO | ✓ 110/9000 | Queue: 189 | ✅ https://babylove.co.th/en/baby-tips/respiratory-di...
2026-09-24 04:33:47 | INFO | ✓ 111/9000 | Queue: 193 | ✅ https://babylove.co.th/en/baby-tips/beware-scarlet...
2026-09-24 04:33:48 | INFO | ✓ 112/9000 | Queue: 198 | ✅ https://babylove.co.th/en/baby-tips/whooping-cough...
2026-09-24 04:33:51 | INFO | ✓ 113/9000 | Queue: 199 | ✅ https://babylove.co.th/en/baby-tips/norovirus-in-c...
2026-09-24 04:33:52 | INFO | ✓ 114/9000 | Queue: 198 | ✅ https://babylove.co.th/en/baby-tips/dealing-with-d...
2026-09-24 04:33:53 | INFO | ✓ 115/9000 | Queue: 198 | ✅ https://babylove.co.th/en/baby-tips/pneumonia-in-c...
2026-09-24 04:33:55 | INFO | ✓ 116/9000 | Queue: 197 | ✅ https://babylove.co.th/en/baby-tips/symptoms-for-s...
2026-09-24 04:33:55 | INFO | ✓ 117/9000 | Queue: 199 | ✅ https://babylove.co.th/en/baby-tips/influenza-a-in...
2026-09-24 04:33:58 | INFO | ✓ 118/9000 | Queue: 202 | ✅ https://babylove.co.th/en/article/baby.php?page=2...
2026-09-24 04:34:00 | INFO | ✓ 119/9000 | Queue: 203 | ✅ https://babylove.co.th/en/article/baby.php?page=3...
2026-09-24 04:34:00 | INFO | ✓ 120/9000 | Queue: 202 | ✅ https://babylove.co.th/en/article/baby.php?page=5...
2026-09-24 04:34:02 | INFO | ✓ 121/9000 | Queue: 201 | ✅ https://babylove.co.th/en/mother-class/bath-newbor...
2026-09-24 04:34:02 | INFO | ✓ 122/9000 | Queue: 200 | ✅ https://babylove.co.th/en/mother-class/newborn-swa...
2026-09-24 04:34:06 | INFO | ✓ 123/9000 | Queue: 199 | ✅ https://babylove.co.th/en/mother-class/changing-ta...
2026-09-24 04:34:10 | INFO | ✓ 124/9000 | Queue: 198 | ✅ https://babylove.co.th/en/mother-class/taking-care...
2026-09-24 04:34:11 | INFO | ✓ 125/9000 | Queue: 197 | ✅ https://babylove.co.th/en/mother-class/baby-sleep-...
2026-09-24 04:34:13 | INFO | ✓ 126/9000 | Queue: 196 | ✅ https://babylove.co.th/en/mother-class/tell-if-bab...
2026-09-24 04:34:14 | INFO | ✓ 127/9000 | Queue: 195 | ✅ https://babylove.co.th/en/mother-class/encourage-b...
2026-09-24 04:34:15 | INFO | ✓ 128/9000 | Queue: 194 | ✅ https://babylove.co.th/en/mother-class/change-pant...
2026-09-24 04:34:16 | INFO | ✓ 129/9000 | Queue: 193 | ✅ https://babylove.co.th/en/mother-class/encourage-b...
2026-09-24 04:34:18 | INFO | ✓ 130/9000 | Queue: 192 | ✅ https://babylove.co.th/en/mother-class/encourage-t...
2026-09-24 04:34:20 | INFO | ✓ 131/9000 | Queue: 191 | ✅ https://babylove.co.th/en/mother-class/stimulate-b...
2026-09-24 04:34:21 | INFO | ✓ 132/9000 | Queue: 190 | ✅ https://babylove.co.th/en/mother-class/stimulate-b...
2026-09-24 04:34:21 | INFO | ✓ 133/9000 | Queue: 186 | ⚠️ https://babylove.co.th/member...
2026-09-24 04:34:23 | INFO | ✓ 134/9000 | Queue: 198 | ✅ https://babylove.co.th/diaper-tips...
2026-09-24 04:34:24 | INFO | ✓ 135/9000 | Queue: 198 | ✅ https://babylove.co.th/about/babylove...
2026-09-24 04:34:26 | INFO | ✓ 136/9000 | Queue: 210 | ✅ https://babylove.co.th/products...
2026-09-24 04:34:28 | INFO | ✓ 137/9000 | Queue: 209 | ✅ https://babylove.co.th/products/new-born...
2026-09-24 04:34:30 | INFO | ✓ 138/9000 | Queue: 208 | ✅ https://babylove.co.th/products/easy-tape...
2026-09-24 04:34:31 | INFO | ✓ 139/9000 | Queue: 207 | ✅ https://babylove.co.th/products/play-pants...
2026-09-24 04:34:33 | INFO | ✓ 140/9000 | Queue: 206 | ✅ https://babylove.co.th/products/power-pants...
2026-09-24 04:34:34 | INFO | ✓ 141/9000 | Queue: 205 | ✅ https://babylove.co.th/products/day-night-pants-pl...
2026-09-24 04:34:36 | INFO | ✓ 142/9000 | Queue: 204 | ✅ https://babylove.co.th/products/smile-pants...
2026-09-24 04:34:37 | INFO | ✓ 143/9000 | Queue: 205 | ✅ https://babylove.co.th/products/antimos...
2026-09-24 04:34:38 | INFO | ✓ 144/9000 | Queue: 204 | ✅ https://babylove.co.th/products/toys-pants...
2026-09-24 04:34:40 | INFO | ✓ 145/9000 | Queue: 203 | ✅ https://babylove.co.th/products/talky-pants...
2026-09-24 04:34:43 | INFO | ✓ 146/9000 | Queue: 202 | ✅ https://babylove.co.th/products/big-pants...
2026-09-24 04:34:44 | INFO | ✓ 147/9000 | Queue: 201 | ✅ https://babylove.co.th/products/long-lasting-pants...
2026-09-24 04:34:47 | INFO | ✓ 148/9000 | Queue: 200 | ✅ https://babylove.co.th/products/kawaii-pants...
2026-09-24 04:34:49 | INFO | ✓ 149/9000 | Queue: 199 | ✅ https://babylove.co.th/products/natural-care-baby-...
2026-09-24 04:34:50 | INFO | ✓ 150/9000 | Queue: 199 | ✅ https://babylove.co.th/distribution...
2026-09-24 04:34:52 | INFO | ✓ 151/9000 | Queue: 222 | ✅ https://babylove.co.th/promotions...
2026-09-24 04:34:54 | INFO | ✓ 152/9000 | Queue: 221 | ✅ https://babylove.co.th/articles...
2026-09-24 04:34:55 | INFO | ✓ 153/9000 | Queue: 233 | ✅ https://babylove.co.th/parent-tips...
2026-09-24 04:34:56 | INFO | ✓ 154/9000 | Queue: 245 | ✅ https://babylove.co.th/baby-tips...
2026-09-24 04:34:58 | INFO | ✓ 155/9000 | Queue: 256 | ✅ https://babylove.co.th/mother-class...
2026-09-24 04:34:59 | INFO | ✓ 156/9000 | Queue: 255 | ✅ https://babylove.co.th/calculator...
2026-09-24 04:35:01 | INFO | ✓ 157/9000 | Queue: 254 | ✅ https://babylove.co.th/diaperchart...
2026-09-24 04:35:02 | INFO | ✓ 158/9000 | Queue: 253 | ✅ https://babylove.co.th/contact...
2026-09-24 04:35:04 | INFO | ✓ 159/9000 | Queue: 266 | ✅ https://babylove.co.th/tvc...
2026-09-24 04:35:05 | INFO | ✓ 160/9000 | Queue: 270 | ✅ https://babylove.co.th/parent-tips/pregnancy...
2026-09-24 04:35:08 | INFO | ✓ 161/9000 | Queue: 276 | ✅ https://babylove.co.th/parent-tips/postpartum...
2026-09-24 04:35:10 | INFO | ✓ 162/9000 | Queue: 282 | ✅ https://babylove.co.th/baby-tips/0-3months...
2026-09-24 04:35:11 | INFO | ✓ 163/9000 | Queue: 284 | ✅ https://babylove.co.th/baby-tips/4-6months...
2026-09-24 04:35:12 | INFO | ✓ 164/9000 | Queue: 287 | ✅ https://babylove.co.th/baby-tips/7-12months...
2026-09-24 04:35:14 | INFO | ✓ 165/9000 | Queue: 289 | ✅ https://babylove.co.th/baby-tips/1-2years...
2026-09-24 04:35:16 | INFO | ✓ 166/9000 | Queue: 291 | ✅ https://babylove.co.th/baby-tips/2-3years...
2026-09-24 04:35:17 | INFO | ✓ 167/9000 | Queue: 294 | ✅ https://babylove.co.th/parent-tips/safe-foods-duri...
2026-09-24 04:35:19 | INFO | ✓ 168/9000 | Queue: 297 | ✅ https://babylove.co.th/parent-tips/first-trimester...
2026-09-24 04:35:21 | INFO | ✓ 169/9000 | Queue: 316 | ✅ https://babylove.co.th/baby-tips/5-monsoon-disease...
2026-09-24 04:35:23 | INFO | ✓ 170/9000 | Queue: 321 | ✅ https://babylove.co.th/baby-tips/difference-betwee...
2026-09-24 04:35:25 | INFO | ✓ 171/9000 | Queue: 320 | ✅ https://babylove.co.th/%E0%B8%9A%E0%B8%97%E0%B8%84...
2026-09-24 04:35:27 | INFO | ✓ 172/9000 | Queue: 319 | ✅ https://babylove.co.th/privacypolicy...
2026-09-24 04:35:28 | INFO | ✓ 173/9000 | Queue: 318 | ✅ https://babylove.co.th/en/tvc/behindthescene-husba...
2026-09-24 04:35:30 | INFO | ✓ 174/9000 | Queue: 317 | ✅ https://babylove.co.th/en/tvc/bumper-daynightpants...
2026-09-24 04:35:31 | INFO | ✓ 175/9000 | Queue: 316 | ✅ https://babylove.co.th/en/tvc/bumper-playpants...
2026-09-24 04:35:32 | INFO | ✓ 176/9000 | Queue: 315 | ✅ https://babylove.co.th/en/tvc/tvc-hypoallergenic...
2026-09-24 04:35:34 | INFO | ✓ 177/9000 | Queue: 314 | ✅ https://babylove.co.th/en/tvc/mothersday-chompoo...
2026-09-24 04:35:35 | INFO | ✓ 178/9000 | Queue: 313 | ✅ https://babylove.co.th/en/tvc/behind-the-scene-ep4...
2026-09-24 04:35:37 | INFO | ✓ 179/9000 | Queue: 312 | ✅ https://babylove.co.th/en/tvc/behind-the-scene-ep3...
2026-09-24 04:35:38 | INFO | ✓ 180/9000 | Queue: 311 | ✅ https://babylove.co.th/en/tvc/behind-the-scene-ep2...
2026-09-24 04:35:40 | INFO | ✓ 181/9000 | Queue: 310 | ✅ https://babylove.co.th/en/tvc/behind-the-scene-ep1...
2026-09-24 04:35:41 | INFO | ✓ 182/9000 | Queue: 309 | ✅ https://babylove.co.th/en/tvc/tvc30sec...
2026-09-24 04:35:43 | INFO | ✓ 183/9000 | Queue: 308 | ✅ https://babylove.co.th/en/tvc/tvc15sec...
2026-09-24 04:35:45 | INFO | ✓ 184/9000 | Queue: 308 | ✅ https://babylove.co.th/en/parent-tips/tips-to-over...
2026-09-24 04:35:46 | INFO | ✓ 185/9000 | Queue: 307 | ✅ https://babylove.co.th/en/baby-tips/ipd-in-childre...
2026-09-24 04:35:48 | INFO | ✓ 186/9000 | Queue: 308 | ✅ https://babylove.co.th/en/baby-tips/adenovirus-in-...
2026-09-24 04:35:49 | INFO | ✓ 187/9000 | Queue: 308 | ✅ https://babylove.co.th/en/baby-tips/hives-in-child...
2026-09-24 04:35:51 | INFO | ✓ 188/9000 | Queue: 308 | ✅ https://babylove.co.th/en/baby-tips/how-to-handle-...
2026-09-24 04:35:52 | INFO | ✓ 189/9000 | Queue: 308 | ✅ https://babylove.co.th/en/baby-tips/herpangina2023...
2026-09-24 04:35:54 | INFO | ✓ 190/9000 | Queue: 308 | ✅ https://babylove.co.th/en/article/baby.php?type=1&...
2026-09-24 04:35:55 | INFO | ✓ 191/9000 | Queue: 308 | ✅ https://babylove.co.th/en/article/baby.php?type=1&...
2026-09-24 04:35:57 | INFO | ✓ 192/9000 | Queue: 307 | ✅ https://babylove.co.th/en/article/baby.php?type=1&...
2026-09-24 04:35:58 | INFO | ✓ 193/9000 | Queue: 307 | ✅ https://babylove.co.th/en/article/baby.php?type=2&...
2026-09-24 04:36:00 | INFO | ✓ 194/9000 | Queue: 306 | ✅ https://babylove.co.th/en/article/baby.php?type=2&...
2026-09-24 04:36:04 | INFO | ✓ 195/9000 | Queue: 306 | ✅ https://babylove.co.th/en/article/baby.php?type=3&...
2026-09-24 04:36:06 | INFO | ✓ 196/9000 | Queue: 305 | ✅ https://babylove.co.th/en/article/baby.php?type=3&...
2026-09-24 04:36:07 | INFO | ✓ 197/9000 | Queue: 304 | ✅ https://babylove.co.th/en/article/baby.php?type=3&...
2026-09-24 04:36:09 | INFO | ✓ 198/9000 | Queue: 304 | ✅ https://babylove.co.th/en/article/baby.php?type=4&...
2026-09-24 04:36:12 | INFO | ✓ 199/9000 | Queue: 304 | ✅ https://babylove.co.th/en/article/baby.php?type=4&...
2026-09-24 04:36:13 | INFO | ✓ 200/9000 | Queue: 304 | ✅ https://babylove.co.th/en/article/baby.php?type=5&...
2026-09-24 04:36:13 | INFO | Checkpoint saved: 200 visited, 304 queued
2026-09-24 04:36:15 | INFO | ✓ 201/9000 | Queue: 302 | ✅ https://babylove.co.th/en/diaper-tips/disposable-d...
2026-09-24 04:36:15 | INFO | ✓ 202/9000 | Queue: 301 | ✅ https://babylove.co.th/en/diapertips/index.php?pag...
2026-09-24 04:36:18 | INFO | ✓ 203/9000 | Queue: 245 | ❌ https://babylove.co.th/redirect?token=9da538a2bd05...
2026-09-24 04:36:20 | INFO | ✓ 204/9000 | Queue: 244 | ❌ https://babylove.co.th/redirect?token=ce6d43bf7b02...
2026-09-24 04:36:22 | INFO | ✓ 205/9000 | Queue: 245 | ✅ https://babylove.co.th/parent-tips/handle-morning-...
2026-09-24 04:36:24 | INFO | ✓ 206/9000 | Queue: 236 | ✅ https://babylove.co.th/en/article/mum.php?page=1...
2026-09-24 04:36:25 | INFO | ✓ 207/9000 | Queue: 237 | ✅ https://babylove.co.th/baby-tips/influenza-a-in-ch...
2026-09-24 04:36:26 | INFO | ✓ 208/9000 | Queue: 240 | ✅ https://babylove.co.th/baby-tips/symptoms-for-sinu...
2026-09-24 04:36:28 | INFO | ✓ 209/9000 | Queue: 241 | ✅ https://babylove.co.th/en/baby-tips/brain-developm...
2026-09-24 04:36:30 | INFO | ✓ 210/9000 | Queue: 242 | ✅ https://babylove.co.th/en/baby-tips/common-symptom...
2026-09-24 04:36:31 | INFO | ✓ 211/9000 | Queue: 241 | ✅ https://babylove.co.th/en/baby-tips/8-tips-to-prev...
2026-09-24 04:36:32 | INFO | ✓ 212/9000 | Queue: 245 | ✅ https://babylove.co.th/baby-tips/pneumonia-in-baby...
2026-09-24 04:36:34 | INFO | ✓ 213/9000 | Queue: 244 | ✅ https://babylove.co.th/en/baby-tips/promote-good-e...
2026-09-24 04:36:35 | INFO | ✓ 214/9000 | Queue: 243 | ✅ https://babylove.co.th/en/baby-tips/most-frequent-...
2026-09-24 04:36:38 | INFO | ✓ 215/9000 | Queue: 246 | ✅ https://babylove.co.th/baby-tips/12-knowledge-hand...
2026-09-24 04:36:38 | INFO | ✓ 216/9000 | Queue: 245 | ✅ https://babylove.co.th/en/baby-tips/solving-consti...
2026-09-24 04:36:39 | INFO | ✓ 217/9000 | Queue: 244 | ✅ https://babylove.co.th/en/baby-tips/no-secret-tips...
2026-09-24 04:36:41 | INFO | ✓ 218/9000 | Queue: 243 | ✅ https://babylove.co.th/en/baby-tips/babies-develop...
2026-09-24 04:36:42 | INFO | ✓ 219/9000 | Queue: 242 | ✅ https://babylove.co.th/en/baby-tips/skin-rash...
2026-09-24 04:36:43 | INFO | ✓ 220/9000 | Queue: 246 | ✅ https://babylove.co.th/baby-tips/whooping-cough-ho...
2026-09-24 04:36:45 | INFO | ✓ 221/9000 | Queue: 245 | ✅ https://babylove.co.th/en/baby-tips/development-fr...
2026-09-24 04:36:47 | INFO | ✓ 222/9000 | Queue: 244 | ✅ https://babylove.co.th/en/baby-tips/infants-1-3-mo...
2026-09-24 04:36:48 | INFO | ✓ 223/9000 | Queue: 243 | ✅ https://babylove.co.th/en/baby-tips/hot-diseases-f...
2026-09-24 04:36:51 | INFO | ✓ 224/9000 | Queue: 243 | ✅ https://babylove.co.th/baby-tips/respiratory-disea...
2026-09-24 04:36:52 | INFO | ✓ 225/9000 | Queue: 243 | ✅ https://babylove.co.th/en/baby-tips/if-babies-stoo...
2026-09-24 04:36:54 | INFO | ✓ 226/9000 | Queue: 244 | ✅ https://babylove.co.th/baby-tips/popular-diseases-...
2026-09-24 04:36:55 | INFO | ✓ 227/9000 | Queue: 243 | ✅ https://babylove.co.th/en/baby-tips/baby-rash...
2026-09-24 04:36:57 | INFO | ✓ 228/9000 | Queue: 243 | ✅ https://babylove.co.th/en/baby-tips/the-power-of-m...
2026-09-24 04:37:00 | INFO | ✓ 229/9000 | Queue: 242 | ✅ https://babylove.co.th/en/baby-tips/how-to-choose-...
2026-09-24 04:37:01 | INFO | ✓ 230/9000 | Queue: 241 | ✅ https://babylove.co.th/en/baby-tips/new-covid-vari...
2026-09-24 04:37:03 | INFO | ✓ 231/9000 | Queue: 240 | ✅ https://babylove.co.th/en/baby-tips/tips-forfirst-...
2026-09-24 04:37:04 | INFO | ✓ 232/9000 | Queue: 240 | ✅ https://babylove.co.th/en/baby-tips/take-care-of-y...
2026-09-24 04:37:05 | INFO | ✓ 233/9000 | Queue: 239 | ✅ https://babylove.co.th/en/baby-tips/easy-to-make-f...
2026-09-24 04:37:07 | INFO | ✓ 234/9000 | Queue: 238 | ✅ https://babylove.co.th/en/baby-tips/blood-group-ca...
2026-09-24 04:37:08 | INFO | ✓ 235/9000 | Queue: 238 | ✅ https://babylove.co.th/en/baby-tips/childrens-gree...
2026-09-24 04:37:09 | INFO | ✓ 236/9000 | Queue: 237 | ✅ https://babylove.co.th/en/baby-tips/ultimate-tips-...
2026-09-24 04:37:10 | INFO | ✓ 237/9000 | Queue: 238 | ✅ https://babylove.co.th/baby-tips/newborn-baby-poop...
2026-09-24 04:37:12 | INFO | ✓ 238/9000 | Queue: 237 | ✅ https://babylove.co.th/en/baby-tips/baby-rash-for-...
2026-09-24 04:37:14 | INFO | ✓ 239/9000 | Queue: 236 | ✅ https://babylove.co.th/en/baby-tips/covid-19-and-t...
2026-09-24 04:37:15 | INFO | ✓ 240/9000 | Queue: 237 | ✅ https://babylove.co.th/baby-tips/ipd-in-children...
2026-09-24 04:37:16 | INFO | ✓ 241/9000 | Queue: 236 | ✅ https://babylove.co.th/en/baby-tips/your-babys-exc...
2026-09-24 04:37:18 | INFO | ✓ 242/9000 | Queue: 235 | ✅ https://babylove.co.th/en/baby-tips/laugh-tumor...
2026-09-24 04:37:19 | INFO | ✓ 243/9000 | Queue: 234 | ✅ https://babylove.co.th/en/baby-tips/beware-of-rove...
2026-09-24 04:37:21 | INFO | ✓ 244/9000 | Queue: 234 | ✅ https://babylove.co.th/en/baby-tips/how-to-protect...
2026-09-24 04:37:22 | INFO | ✓ 245/9000 | Queue: 233 | ✅ https://babylove.co.th/en/article/baby.php?page=1...
2026-09-24 04:37:23 | INFO | ✓ 246/9000 | Queue: 232 | ✅ https://babylove.co.th/en/article/baby.php?page=4...
2026-09-24 04:37:25 | INFO | ✓ 247/9000 | Queue: 231 | ✅ https://babylove.co.th/en/baby-tips/introducing-su...
2026-09-24 04:37:26 | INFO | ✓ 248/9000 | Queue: 230 | ✅ https://babylove.co.th/en/baby-tips/dengue-fever-i...
2026-09-24 04:37:28 | INFO | ✓ 249/9000 | Queue: 231 | ✅ https://babylove.co.th/diaper-tips/5-signs-baby-di...
2026-09-24 04:37:30 | INFO | ✓ 250/9000 | Queue: 231 | ✅ https://babylove.co.th/diaper-tips/type-of-diaper-...
2026-09-24 04:37:31 | INFO | ✓ 251/9000 | Queue: 232 | ✅ https://babylove.co.th/diaper-tips/contact-dermati...
2026-09-24 04:37:35 | INFO | ✓ 252/9000 | Queue: 232 | ✅ https://babylove.co.th/diaper-tips/train-baby-go-t...
2026-09-24 04:37:36 | INFO | ✓ 253/9000 | Queue: 232 | ✅ https://babylove.co.th/diaper-tips/baby-bowed-legs...
2026-09-24 04:37:38 | INFO | ✓ 254/9000 | Queue: 232 | ✅ https://babylove.co.th/diaper-tips/baby-diaper-ras...
2026-09-24 04:37:39 | INFO | ✓ 255/9000 | Queue: 232 | ✅ https://babylove.co.th/diaper-tips/wear-diapers-in...
2026-09-24 04:37:40 | INFO | ✓ 256/9000 | Queue: 231 | ✅ https://babylove.co.th/diaper-tips/how-often-to-ch...
2026-09-24 04:37:42 | INFO | ✓ 257/9000 | Queue: 232 | ✅ https://babylove.co.th/diaper-tips/how-to-change-b...
2026-09-24 04:37:43 | INFO | ✓ 258/9000 | Queue: 232 | ✅ https://babylove.co.th/diaper-tips/what-age-should...
2026-09-24 04:37:44 | INFO | ✓ 259/9000 | Queue: 231 | ✅ https://babylove.co.th/diaper-tips/what-disposable...
2026-09-24 04:37:46 | INFO | ✓ 260/9000 | Queue: 230 | ✅ https://babylove.co.th/diaper-tips/choosing-the-ri...
2026-09-24 04:37:48 | INFO | ✓ 261/9000 | Queue: 230 | ✅ https://babylove.co.th/diaper-tips?page=2...
2026-09-24 04:37:50 | INFO | ✓ 262/9000 | Queue: 229 | ✅ https://babylove.co.th/%E0%B9%82%E0%B8%9B%E0%B8%A3...
2026-09-24 04:37:53 | INFO | ✓ 263/9000 | Queue: 228 | ✅ https://babylove.co.th/new-born...
2026-09-24 04:37:54 | INFO | ✓ 264/9000 | Queue: 227 | ✅ https://babylove.co.th/easy-tape...
2026-09-24 04:37:55 | INFO | ✓ 265/9000 | Queue: 226 | ✅ https://babylove.co.th/play-pants...
2026-09-24 04:37:57 | INFO | ✓ 266/9000 | Queue: 225 | ⚠️ https://babylove.co.th/day-pants-plus...
2026-09-24 04:37:58 | INFO | ✓ 267/9000 | Queue: 224 | ⚠️ https://babylove.co.th/antimos...
2026-09-24 04:38:02 | INFO | ✓ 268/9000 | Queue: 223 | ⚠️ https://babylove.co.th/power-pants...
2026-09-24 04:38:03 | INFO | ✓ 269/9000 | Queue: 222 | ⚠️ https://babylove.co.th/smile-pants...
2026-09-24 04:38:05 | INFO | ✓ 270/9000 | Queue: 221 | ⚠️ https://babylove.co.th/talky-pants...
2026-09-24 04:38:06 | INFO | ✓ 271/9000 | Queue: 220 | ⚠️ https://babylove.co.th/toys-pants...
2026-09-24 04:38:08 | INFO | ✓ 272/9000 | Queue: 219 | ⚠️ https://babylove.co.th/big-pants...
2026-09-24 04:38:09 | INFO | ✓ 273/9000 | Queue: 218 | ⚠️ https://babylove.co.th/kawaii-pants...
2026-09-24 04:38:10 | INFO | ✓ 274/9000 | Queue: 217 | ⚠️ https://babylove.co.th/long-lasting-pants...
2026-09-24 04:38:11 | INFO | ✓ 275/9000 | Queue: 216 | ⚠️ https://babylove.co.th/natural-care-baby-wipes...
2026-09-24 04:38:12 | INFO | ✓ 276/9000 | Queue: 212 | ✅ https://babylove.co.th/promotions/babylovesong2023...
2026-09-24 04:38:15 | INFO | ✓ 277/9000 | Queue: 211 | ✅ https://babylove.co.th/promotions/babycharity...
2026-09-24 04:38:17 | INFO | ✓ 278/9000 | Queue: 210 | ✅ https://babylove.co.th/promotions/diy-diaper-boxes...
2026-09-24 04:38:18 | INFO | ✓ 279/9000 | Queue: 209 | ✅ https://babylove.co.th/promotions/pak-kret-foster-...
2026-09-24 04:38:20 | INFO | ✓ 280/9000 | Queue: 208 | ✅ https://babylove.co.th/promotions/duang-prateep-fo...
2026-09-24 04:38:22 | INFO | ✓ 281/9000 | Queue: 208 | ✅ https://babylove.co.th/promotions/baby-love-melody...
2026-09-24 04:38:24 | INFO | ✓ 282/9000 | Queue: 207 | ✅ https://babylove.co.th/promotions/baby-love-share-...
2026-09-24 04:38:26 | INFO | ✓ 283/9000 | Queue: 206 | ✅ https://babylove.co.th/promotions/the-best-brands-...
2026-09-24 04:38:27 | INFO | ✓ 284/9000 | Queue: 205 | ✅ https://babylove.co.th/promotions/baby-love-shares...
2026-09-24 04:38:29 | INFO | ✓ 285/9000 | Queue: 204 | ✅ https://babylove.co.th/promotions/baby-love-shares...
2026-09-24 04:38:31 | INFO | ✓ 286/9000 | Queue: 205 | ✅ https://babylove.co.th/promotions/daddy-dance-acti...
2026-09-24 04:38:33 | INFO | ✓ 287/9000 | Queue: 206 | ✅ https://babylove.co.th/promotions/hypo-allergenic...
2026-09-24 04:38:34 | INFO | ✓ 288/9000 | Queue: 205 | ✅ https://babylove.co.th/promotions/event-tescolotus...
2026-09-24 04:38:36 | INFO | ✓ 289/9000 | Queue: 204 | ✅ https://babylove.co.th/promotions/baby-love-joins-...
2026-09-24 04:38:37 | INFO | ✓ 290/9000 | Queue: 203 | ✅ https://babylove.co.th/promotions/babylove-mybabym...
2026-09-24 04:38:39 | INFO | ✓ 291/9000 | Queue: 202 | ✅ https://babylove.co.th/promotions/baby-love-shares...
2026-09-24 04:38:41 | INFO | ✓ 292/9000 | Queue: 201 | ✅ https://babylove.co.th/promotions/babybash2nd...
2026-09-24 04:38:44 | INFO | ✓ 293/9000 | Queue: 201 | ✅ https://babylove.co.th/promotions/baby-kid-best-bu...
2026-09-24 04:38:45 | INFO | ✓ 294/9000 | Queue: 200 | ✅ https://babylove.co.th/promotions/flood-relief-in-...
2026-09-24 04:38:46 | INFO | ✓ 295/9000 | Queue: 200 | ✅ https://babylove.co.th/promotions/fastest-crawling...
2026-09-24 04:38:48 | INFO | ✓ 296/9000 | Queue: 200 | ✅ https://babylove.co.th/promotions/nepal-disaster-d...
2026-09-24 04:38:50 | INFO | ✓ 297/9000 | Queue: 200 | ✅ https://babylove.co.th/promotions/paula-participat...
2026-09-24 04:38:52 | INFO | ✓ 298/9000 | Queue: 199 | ✅ https://babylove.co.th/promotions/baby-love-joins-...
2026-09-24 04:38:53 | INFO | ✓ 299/9000 | Queue: 199 | ✅ https://babylove.co.th/promotions/chitchat-share-m...
2026-09-24 04:38:55 | INFO | ✓ 300/9000 | Queue: 202 | ✅ https://babylove.co.th/parent-tips/4-trips-to-take...
2026-09-24 04:38:55 | INFO | Checkpoint saved: 300 visited, 202 queued
2026-09-24 04:38:57 | INFO | ✓ 301/9000 | Queue: 203 | ✅ https://babylove.co.th/parent-tips/first-pregnant-...
2026-09-24 04:38:58 | INFO | ✓ 302/9000 | Queue: 204 | ✅ https://babylove.co.th/parent-tips/mother-natural-...
2026-09-24 04:39:00 | INFO | ✓ 303/9000 | Queue: 206 | ✅ https://babylove.co.th/parent-tips/mother-approach...
2026-09-24 04:39:02 | INFO | ✓ 304/9000 | Queue: 209 | ✅ https://babylove.co.th/parent-tips/zika-virus-in-p...
2026-09-24 04:39:04 | INFO | ✓ 305/9000 | Queue: 209 | ✅ https://babylove.co.th/parent-tips/postpartum-depr...
2026-09-24 04:39:05 | INFO | ✓ 306/9000 | Queue: 212 | ✅ https://babylove.co.th/parent-tips/5signal-pregnan...
2026-09-24 04:39:07 | INFO | ✓ 307/9000 | Queue: 213 | ✅ https://babylove.co.th/parent-tips/pregnant-should...
2026-09-24 04:39:09 | INFO | ✓ 308/9000 | Queue: 218 | ✅ https://babylove.co.th/parent-tips/signs-of-pregna...
2026-09-24 04:39:11 | INFO | ✓ 309/9000 | Queue: 217 | ✅ https://babylove.co.th/parent-tips/breastfeeding-c...
2026-09-24 04:39:13 | INFO | ✓ 310/9000 | Queue: 220 | ✅ https://babylove.co.th/parent-tips?page=2...
2026-09-24 04:39:14 | INFO | ✓ 311/9000 | Queue: 221 | ✅ https://babylove.co.th/parent-tips?page=3...
2026-09-24 04:39:15 | INFO | ✓ 312/9000 | Queue: 220 | ✅ https://babylove.co.th/parent-tips?page=5...
2026-09-24 04:39:17 | INFO | ✓ 313/9000 | Queue: 225 | ✅ https://babylove.co.th/baby-tips/speech-delay-in-t...
2026-09-24 04:39:19 | INFO | ✓ 314/9000 | Queue: 227 | ✅ https://babylove.co.th/baby-tips/signs-of-dehydrat...
2026-09-24 04:39:20 | INFO | ✓ 315/9000 | Queue: 229 | ✅ https://babylove.co.th/baby-tips/direct-latch-vs-b...
2026-09-24 04:39:22 | INFO | ✓ 316/9000 | Queue: 232 | ✅ https://babylove.co.th/baby-tips/infant-developmen...
2026-09-24 04:39:24 | INFO | ✓ 317/9000 | Queue: 236 | ✅ https://babylove.co.th/baby-tips/influenza-b-sympt...
2026-09-24 04:39:25 | INFO | ✓ 318/9000 | Queue: 237 | ✅ https://babylove.co.th/baby-tips/how-pm25-affects-...
2026-09-24 04:39:26 | INFO | ✓ 319/9000 | Queue: 238 | ✅ https://babylove.co.th/baby-tips/essential-baby-wi...
2026-09-24 04:39:29 | INFO | ✓ 320/9000 | Queue: 238 | ✅ https://babylove.co.th/baby-tips/winter-diaper-gui...
2026-09-24 04:39:30 | INFO | ✓ 321/9000 | Queue: 239 | ✅ https://babylove.co.th/baby-tips/risk-of-measles-a...
2026-09-24 04:39:32 | INFO | ✓ 322/9000 | Queue: 242 | ✅ https://babylove.co.th/baby-tips/clingy-baby-from-...
2026-09-24 04:39:37 | INFO | ✓ 323/9000 | Queue: 245 | ✅ https://babylove.co.th/baby-tips?page=2...
2026-09-24 04:39:40 | INFO | ✓ 324/9000 | Queue: 247 | ✅ https://babylove.co.th/baby-tips?page=3...
2026-09-24 04:39:42 | INFO | ✓ 325/9000 | Queue: 252 | ✅ https://babylove.co.th/baby-tips?page=11...
2026-09-24 04:39:44 | INFO | ✓ 326/9000 | Queue: 251 | ✅ https://babylove.co.th/mother-class/tips-for-bathi...
2026-09-24 04:39:45 | INFO | ✓ 327/9000 | Queue: 250 | ✅ https://babylove.co.th/mother-class/how-to-wrap-a-...
2026-09-24 04:39:46 | INFO | ✓ 328/9000 | Queue: 249 | ✅ https://babylove.co.th/mother-class/how-to-change-...
2026-09-24 04:39:47 | INFO | ✓ 329/9000 | Queue: 248 | ✅ https://babylove.co.th/mother-class/care-baby-sens...
2026-09-24 04:39:48 | INFO | ✓ 330/9000 | Queue: 247 | ✅ https://babylove.co.th/mother-class/train-baby-to-...
2026-09-24 04:39:52 | INFO | ✓ 331/9000 | Queue: 246 | ✅ https://babylove.co.th/mother-class/baby-getting-e...
2026-09-24 04:39:53 | INFO | ✓ 332/9000 | Queue: 245 | ✅ https://babylove.co.th/mother-class/babys-developm...
2026-09-24 04:39:54 | INFO | ✓ 333/9000 | Queue: 244 | ✅ https://babylove.co.th/mother-class/how-to-change-...
2026-09-24 04:39:55 | INFO | ✓ 334/9000 | Queue: 243 | ✅ https://babylove.co.th/mother-class/stimulating-de...
2026-09-24 04:39:56 | INFO | ✓ 335/9000 | Queue: 242 | ✅ https://babylove.co.th/mother-class/baby-6-8-month...
2026-09-24 04:39:58 | INFO | ✓ 336/9000 | Queue: 241 | ✅ https://babylove.co.th/mother-class/stimulate-deve...
2026-09-24 04:40:00 | INFO | ✓ 337/9000 | Queue: 240 | ✅ https://babylove.co.th/mother-class/child-developm...
2026-09-24 04:40:02 | INFO | ✓ 338/9000 | Queue: 239 | ✅ https://babylove.co.th/tvc/babylove-playpants-prem...
2026-09-24 04:40:04 | INFO | ✓ 339/9000 | Queue: 238 | ✅ https://babylove.co.th/tvc/babylove-playpantspremi...
2026-09-24 04:40:05 | INFO | ✓ 340/9000 | Queue: 237 | ✅ https://babylove.co.th/tvc/babylove-daynight-husba...
2026-09-24 04:40:07 | INFO | ✓ 341/9000 | Queue: 236 | ✅ https://babylove.co.th/tvc/behindthescene-husband-...
2026-09-24 04:40:09 | INFO | ✓ 342/9000 | Queue: 235 | ✅ https://babylove.co.th/tvc/bumper-playpants...
2026-09-24 04:40:11 | INFO | ✓ 343/9000 | Queue: 234 | ✅ https://babylove.co.th/tvc/bumper-daynightpantsplu...
2026-09-24 04:40:12 | INFO | ✓ 344/9000 | Queue: 233 | ✅ https://babylove.co.th/tvc/tvc-hypoallergenic...
2026-09-24 04:40:14 | INFO | ✓ 345/9000 | Queue: 232 | ✅ https://babylove.co.th/tvc/mothersday-chompoo...
2026-09-24 04:40:16 | INFO | ✓ 346/9000 | Queue: 231 | ✅ https://babylove.co.th/tvc/behind-the-scene-ep4...
2026-09-24 04:40:18 | INFO | ✓ 347/9000 | Queue: 230 | ✅ https://babylove.co.th/tvc/behind-the-scene-ep3...
2026-09-24 04:40:20 | INFO | ✓ 348/9000 | Queue: 229 | ✅ https://babylove.co.th/tvc/behind-the-scene-ep2...
2026-09-24 04:40:21 | INFO | ✓ 349/9000 | Queue: 228 | ✅ https://babylove.co.th/tvc/behind-the-scene-ep1...
2026-09-24 04:40:23 | INFO | ✓ 350/9000 | Queue: 227 | ✅ https://babylove.co.th/tvc/tvc30sec...
2026-09-24 04:40:25 | INFO | ✓ 351/9000 | Queue: 226 | ✅ https://babylove.co.th/tvc/tvc15sec...
2026-09-24 04:40:27 | INFO | ✓ 352/9000 | Queue: 225 | ✅ https://babylove.co.th/parent-tips/covid-19-vaccin...
2026-09-24 04:40:28 | INFO | ✓ 353/9000 | Queue: 224 | ✅ https://babylove.co.th/parent-tips/prepare-for-chi...
2026-09-24 04:40:30 | INFO | ✓ 354/9000 | Queue: 225 | ✅ https://babylove.co.th/parent-tips?type=1&page=2...
2026-09-24 04:40:32 | INFO | ✓ 355/9000 | Queue: 225 | ✅ https://babylove.co.th/parent-tips?type=1&page=3...
2026-09-24 04:40:33 | INFO | ✓ 356/9000 | Queue: 225 | ✅ https://babylove.co.th/parent-tips?type=1&page=4...
2026-09-24 04:40:36 | INFO | ✓ 357/9000 | Queue: 224 | ✅ https://babylove.co.th/parent-tips/baby-diapers-kn...
2026-09-24 04:40:38 | INFO | ✓ 358/9000 | Queue: 223 | ✅ https://babylove.co.th/parent-tips/exercise-after-...
2026-09-24 04:40:39 | INFO | ✓ 359/9000 | Queue: 222 | ✅ https://babylove.co.th/parent-tips/self-postpartum...
2026-09-24 04:40:41 | INFO | ✓ 360/9000 | Queue: 222 | ✅ https://babylove.co.th/parent-tips/fathers-raise-c...
2026-09-24 04:40:43 | INFO | ✓ 361/9000 | Queue: 223 | ✅ https://babylove.co.th/parent-tips/family-trip-bui...
2026-09-24 04:40:45 | INFO | ✓ 362/9000 | Queue: 223 | ✅ https://babylove.co.th/parent-tips/mothers-after-g...
2026-09-24 04:40:47 | INFO | ✓ 363/9000 | Queue: 224 | ✅ https://babylove.co.th/parent-tips/postpartum-moms...
2026-09-24 04:40:48 | INFO | ✓ 364/9000 | Queue: 224 | ✅ https://babylove.co.th/baby-tips/child-frequent-so...
2026-09-24 04:40:50 | INFO | ✓ 365/9000 | Queue: 224 | ✅ https://babylove.co.th/baby-tips/new-mom-guide-bab...
2026-09-24 04:40:52 | INFO | ✓ 366/9000 | Queue: 224 | ✅ https://babylove.co.th/baby-tips/covid-omicron-xec...
2026-09-24 04:40:54 | INFO | ✓ 367/9000 | Queue: 226 | ✅ https://babylove.co.th/baby-tips/beware-scarlet-fe...
2026-09-24 04:40:56 | INFO | ✓ 368/9000 | Queue: 228 | ✅ https://babylove.co.th/baby-tips?type=1&page=2...
2026-09-24 04:40:59 | INFO | ✓ 369/9000 | Queue: 231 | ✅ https://babylove.co.th/baby-tips?type=1&page=3...
2026-09-24 04:41:01 | INFO | ✓ 370/9000 | Queue: 232 | ✅ https://babylove.co.th/baby-tips?type=1&page=8...
2026-09-24 04:41:03 | INFO | ✓ 371/9000 | Queue: 234 | ✅ https://babylove.co.th/baby-tips?type=2&page=2...
2026-09-24 04:41:06 | INFO | ✓ 372/9000 | Queue: 234 | ✅ https://babylove.co.th/baby-tips?type=2&page=3...
2026-09-24 04:41:08 | INFO | ✓ 373/9000 | Queue: 237 | ✅ https://babylove.co.th/baby-tips?type=2&page=8...
2026-09-24 04:41:09 | INFO | ✓ 374/9000 | Queue: 239 | ✅ https://babylove.co.th/baby-tips/how-to-choose-dia...
2026-09-24 04:41:11 | INFO | ✓ 375/9000 | Queue: 241 | ✅ https://babylove.co.th/baby-tips?type=3&page=2...
2026-09-24 04:41:12 | INFO | ✓ 376/9000 | Queue: 241 | ✅ https://babylove.co.th/baby-tips?type=3&page=3...
2026-09-24 04:41:13 | INFO | ✓ 377/9000 | Queue: 242 | ✅ https://babylove.co.th/baby-tips?type=3&page=9...
2026-09-24 04:41:15 | INFO | ✓ 378/9000 | Queue: 244 | ✅ https://babylove.co.th/baby-tips?type=4&page=2...
2026-09-24 04:41:17 | INFO | ✓ 379/9000 | Queue: 244 | ✅ https://babylove.co.th/baby-tips?type=4&page=3...
2026-09-24 04:41:18 | INFO | ✓ 380/9000 | Queue: 244 | ✅ https://babylove.co.th/baby-tips?type=4&page=7...
2026-09-24 04:41:20 | INFO | ✓ 381/9000 | Queue: 246 | ✅ https://babylove.co.th/baby-tips?type=5&page=2...
2026-09-24 04:41:22 | INFO | ✓ 382/9000 | Queue: 245 | ✅ https://babylove.co.th/baby-tips?type=5&page=3...
2026-09-24 04:41:23 | INFO | ✓ 383/9000 | Queue: 246 | ✅ https://babylove.co.th/baby-tips?type=5&page=5...
2026-09-24 04:41:25 | INFO | ✓ 384/9000 | Queue: 246 | ✅ https://babylove.co.th/parent-tips/pregnant-mom-sl...
2026-09-24 04:41:27 | INFO | ✓ 385/9000 | Queue: 247 | ✅ https://babylove.co.th/parent-tips/adjusting-to-pa...
2026-09-24 04:41:28 | INFO | ✓ 386/9000 | Queue: 246 | ✅ https://babylove.co.th/parent-tips/estimating-baby...
2026-09-24 04:41:29 | INFO | ✓ 387/9000 | Queue: 246 | ✅ https://babylove.co.th/parent-tips/yoga-conquers-a...
2026-09-24 04:41:30 | INFO | ✓ 388/9000 | Queue: 245 | ✅ https://babylove.co.th/parent-tips/pregnant-chic-f...
2026-09-24 04:41:32 | INFO | ✓ 389/9000 | Queue: 246 | ✅ https://babylove.co.th/parent-tips/pregnant-mom-sl...
2026-09-24 04:41:34 | INFO | ✓ 390/9000 | Queue: 248 | ✅ https://babylove.co.th/parent-tips/best-food-baby-...
2026-09-24 04:41:36 | INFO | ✓ 391/9000 | Queue: 247 | ✅ https://babylove.co.th/parent-tips/baby-foot-trip-...
2026-09-24 04:41:37 | INFO | ✓ 392/9000 | Queue: 247 | ✅ https://babylove.co.th/baby-tips/careful-rsv-virus...
2026-09-24 04:41:39 | INFO | ✓ 393/9000 | Queue: 246 | ✅ https://babylove.co.th/baby-tips/hmpv-virus-during...
2026-09-24 04:41:41 | INFO | ✓ 394/9000 | Queue: 246 | ✅ https://babylove.co.th/baby-tips/careful-dengue-fe...
2026-09-24 04:41:43 | INFO | ✓ 395/9000 | Queue: 246 | ✅ https://babylove.co.th/baby-tips/playing-with-your...
2026-09-24 04:41:44 | INFO | ✓ 396/9000 | Queue: 246 | ✅ https://babylove.co.th/baby-tips/baby-travel-check...
2026-09-24 04:41:45 | INFO | ✓ 397/9000 | Queue: 246 | ✅ https://babylove.co.th/baby-tips/solve-your-child-...
2026-09-24 04:41:46 | INFO | ✓ 398/9000 | Queue: 245 | ✅ https://babylove.co.th/baby-tips/4-easy-activities...
2026-09-24 04:41:49 | INFO | ✓ 399/9000 | Queue: 244 | ✅ https://babylove.co.th/%E0%B8%9A%E0%B8%97%E0%B8%84...
2026-09-24 04:41:50 | INFO | ✓ 400/9000 | Queue: 243 | ✅ https://babylove.co.th/about/%E0%B9%80%E0%B8%A3%E0...
2026-09-24 04:41:50 | INFO | Checkpoint saved: 400 visited, 243 queued
2026-09-24 04:41:52 | INFO | ✓ 401/9000 | Queue: 242 | ✅ https://babylove.co.th/about/%E0%B9%80%E0%B8%AB%E0...
2026-09-24 04:41:54 | INFO | ✓ 402/9000 | Queue: 241 | ✅ https://babylove.co.th/about/%E0%B8%AA%E0%B9%88%E0...
2026-09-24 04:41:56 | INFO | ✓ 403/9000 | Queue: 244 | ✅ https://babylove.co.th/products/premium-gold-tape...
2026-09-24 04:41:58 | INFO | ✓ 404/9000 | Queue: 245 | ✅ https://babylove.co.th/products/premium-gold-pants...
2026-09-24 04:41:58 | INFO | ✓ 405/9000 | Queue: 246 | ✅ https://babylove.co.th/products/night-pants...
2026-09-24 04:42:01 | INFO | ✓ 406/9000 | Queue: 245 | ✅ https://babylove.co.th/products/day-pants-plus...
2026-09-24 04:42:03 | INFO | ✓ 407/9000 | Queue: 244 | ✅ https://babylove.co.th/%E0%B8%9A%E0%B8%97%E0%B8%84...
2026-09-24 04:42:06 | INFO | ✓ 408/9000 | Queue: 243 | ✅ https://babylove.co.th/%E0%B8%9A%E0%B8%97%E0%B8%84...
2026-09-24 04:42:08 | INFO | ✓ 409/9000 | Queue: 242 | ✅ https://babylove.co.th/%E0%B8%95%E0%B8%B4%E0%B8%94...
2026-09-24 04:42:11 | INFO | ✓ 410/9000 | Queue: 241 | ✅ https://babylove.co.th/%E0%B9%82%E0%B8%9B%E0%B8%A3...
2026-09-24 04:42:15 | INFO | ✓ 411/9000 | Queue: 240 | ✅ https://babylove.co.th/%E0%B8%AA%E0%B8%B1%E0%B9%88...
2026-09-24 04:42:17 | INFO | ✓ 412/9000 | Queue: 239 | ✅ https://babylove.co.th/baby-tips/common-syptoms-in...
2026-09-24 04:42:18 | INFO | ✓ 413/9000 | Queue: 239 | ✅ https://babylove.co.th/baby-tips/growth-hormone-wi...
2026-09-24 04:42:20 | INFO | ✓ 414/9000 | Queue: 239 | ✅ https://babylove.co.th/baby-tips/6-months-baby-foo...
2026-09-24 04:42:21 | INFO | ✓ 415/9000 | Queue: 238 | ✅ https://babylove.co.th/baby-tips/babys-milk-quanti...
2026-09-24 04:42:23 | INFO | ✓ 416/9000 | Queue: 238 | ✅ https://babylove.co.th/baby-tips/drink-water-after...
2026-09-24 04:42:25 | INFO | ✓ 417/9000 | Queue: 238 | ✅ https://babylove.co.th/baby-tips/new-covid-variant...
2026-09-24 04:42:27 | INFO | ✓ 418/9000 | Queue: 236 | ✅ https://babylove.co.th/en/baby-tips/%E0%B8%9B%E0%B...
2026-09-24 04:42:29 | INFO | ✓ 419/9000 | Queue: 235 | ✅ https://babylove.co.th/en/baby-tips/basic-care-for...
2026-09-24 04:42:30 | INFO | ✓ 420/9000 | Queue: 234 | ✅ https://babylove.co.th/baby-tips/%E0%B8%A5%E0%B8%B...
2026-09-24 04:42:32 | INFO | ✓ 421/9000 | Queue: 231 | ✅ https://babylove.co.th/en/article/baby.php?type=1&...
2026-09-24 04:42:34 | INFO | ✓ 422/9000 | Queue: 230 | ✅ https://babylove.co.th/en/baby-tips/how-to-take-ca...
2026-09-24 04:42:36 | INFO | ✓ 423/9000 | Queue: 229 | ✅ https://babylove.co.th/en/article/baby.php?type=2&...
2026-09-24 04:42:37 | INFO | ✓ 424/9000 | Queue: 228 | ✅ https://babylove.co.th/en/article/baby.php?type=3&...
2026-09-24 04:42:38 | INFO | ✓ 425/9000 | Queue: 227 | ✅ https://babylove.co.th/en/article/baby.php?type=4&...
2026-09-24 04:42:40 | INFO | ✓ 426/9000 | Queue: 226 | ✅ https://babylove.co.th/en/baby-tips/the-right-amou...
2026-09-24 04:42:41 | INFO | ✓ 427/9000 | Queue: 225 | ✅ https://babylove.co.th/en/article/baby.php?type=5&...
2026-09-24 04:42:42 | INFO | ✓ 428/9000 | Queue: 223 | ✅ https://babylove.co.th/parent-tips/how-to-pregnant...
2026-09-24 04:42:44 | INFO | ✓ 429/9000 | Queue: 222 | ✅ https://babylove.co.th/baby-tips/bathing-you-baby-...
2026-09-24 04:42:46 | INFO | ✓ 430/9000 | Queue: 227 | ✅ https://babylove.co.th/baby-tips/baby-poop-color-m...
2026-09-24 04:42:48 | INFO | ✓ 431/9000 | Queue: 227 | ✅ https://babylove.co.th/baby-tips/8-tips-to-prevent...
2026-09-24 04:42:49 | INFO | ✓ 432/9000 | Queue: 227 | ✅ https://babylove.co.th/baby-tips/baby-green-snot...
2026-09-24 04:42:51 | INFO | ✓ 433/9000 | Queue: 227 | ✅ https://babylove.co.th/baby-tips/pneumonia-in-chil...
2026-09-24 04:42:52 | INFO | ✓ 434/9000 | Queue: 227 | ✅ https://babylove.co.th/baby-tips/7-how-to-prevent-...
2026-09-24 04:42:53 | INFO | ✓ 435/9000 | Queue: 226 | ✅ https://babylove.co.th/baby-tips/your-baby-will-be...
2026-09-24 04:42:55 | INFO | ✓ 436/9000 | Queue: 221 | ✅ https://babylove.co.th/baby-tips/tips-for-stimulat...
2026-09-24 04:42:57 | INFO | ✓ 437/9000 | Queue: 220 | ✅ https://babylove.co.th/baby-tips/mothers-touch-and...
2026-09-24 04:42:59 | INFO | ✓ 438/9000 | Queue: 219 | ✅ https://babylove.co.th/baby-tips/training-your-chi...
2026-09-24 04:43:00 | INFO | ✓ 439/9000 | Queue: 219 | ✅ https://babylove.co.th/baby-tips/take-care-baby-to...
2026-09-24 04:43:02 | INFO | ✓ 440/9000 | Queue: 219 | ✅ https://babylove.co.th/baby-tips/how-much-sleep-yo...
2026-09-24 04:43:03 | INFO | ✓ 441/9000 | Queue: 219 | ✅ https://babylove.co.th/baby-tips/colorful-toys-and...
2026-09-24 04:43:05 | INFO | ✓ 442/9000 | Queue: 218 | ✅ https://babylove.co.th/baby-tips/5-heartwarming-mo...
2026-09-24 04:43:07 | INFO | ✓ 443/9000 | Queue: 218 | ✅ https://babylove.co.th/baby-tips/newborn-baby-care...
2026-09-24 04:43:09 | INFO | ✓ 444/9000 | Queue: 217 | ✅ https://babylove.co.th/baby-tips/aware-your-baby-d...
2026-09-24 04:43:10 | INFO | ✓ 445/9000 | Queue: 220 | ✅ https://babylove.co.th/baby-tips/how-to-deal-with-...
2026-09-24 04:43:11 | INFO | ✓ 446/9000 | Queue: 219 | ✅ https://babylove.co.th/baby-tips/baby-uncontrollab...
2026-09-24 04:43:13 | INFO | ✓ 447/9000 | Queue: 218 | ✅ https://babylove.co.th/baby-tips/beware-of-rove-be...
2026-09-24 04:43:14 | INFO | ✓ 448/9000 | Queue: 221 | ✅ https://babylove.co.th/baby-tips/how-to-care-babys...
2026-09-24 04:43:16 | INFO | ✓ 449/9000 | Queue: 220 | ✅ https://babylove.co.th/baby-tips/nightime-diaper-m...
2026-09-24 04:43:17 | INFO | ✓ 450/9000 | Queue: 218 | ✅ https://babylove.co.th/baby-tips/choosing-baby-dia...
2026-09-24 04:43:20 | INFO | ✓ 451/9000 | Queue: 217 | ✅ https://babylove.co.th/baby-tips/childhood-obesity...
2026-09-24 04:43:22 | INFO | ✓ 452/9000 | Queue: 215 | ✅ https://babylove.co.th/%E0%B8%9A%E0%B8%97%E0%B8%84...
2026-09-24 04:43:24 | INFO | ✓ 453/9000 | Queue: 214 | ✅ https://babylove.co.th/baby-tips/essential-items-y...
2026-09-24 04:43:26 | INFO | ✓ 454/9000 | Queue: 214 | ✅ https://babylove.co.th/baby-tips/checklist-septemb...
2026-09-24 04:43:28 | INFO | ✓ 455/9000 | Queue: 215 | ✅ https://babylove.co.th/baby-tips/music-help-your-c...
2026-09-24 04:43:30 | INFO | ✓ 456/9000 | Queue: 214 | ✅ https://babylove.co.th/baby-tips/food-poisoning-in...
2026-09-24 04:43:31 | INFO | ✓ 457/9000 | Queue: 214 | ✅ https://babylove.co.th/diaper-tips/choosing-betwee...
2026-09-24 04:43:32 | INFO | ✓ 458/9000 | Queue: 213 | ✅ https://babylove.co.th/baby-tips/dealing-with-diap...
2026-09-24 04:43:34 | INFO | ✓ 459/9000 | Queue: 212 | ✅ https://babylove.co.th/diaper-tips/choosing-betwee...
2026-09-24 04:43:36 | INFO | ✓ 460/9000 | Queue: 210 | ✅ https://babylove.co.th/diaper-tips/advantages-disp...
2026-09-24 04:43:38 | INFO | ✓ 461/9000 | Queue: 205 | ✅ https://babylove.co.th/diaper-tips?page=1...
2026-09-24 04:43:42 | INFO | ✓ 462/9000 | Queue: 201 | ✅ http://www.babylove.co.th/...
2026-09-24 04:43:44 | INFO | ✓ 463/9000 | Queue: 195 | ✅ https://babylove.co.th/parent-tips/%E0%B9%80%E0%B8...
2026-09-24 04:43:46 | INFO | ✓ 464/9000 | Queue: 194 | ✅ https://babylove.co.th/parent-tips/drink-coffee-wh...
2026-09-24 04:43:48 | INFO | ✓ 465/9000 | Queue: 196 | ✅ https://babylove.co.th/parent-tips/beliefs-in-preg...
2026-09-24 04:43:49 | INFO | ✓ 466/9000 | Queue: 195 | ✅ https://babylove.co.th/parent-tips/ultrasound-freq...
2026-09-24 04:43:51 | INFO | ✓ 467/9000 | Queue: 194 | ✅ https://babylove.co.th/parent-tips/10%E0%B9%80%E0%...
2026-09-24 04:43:53 | INFO | ✓ 468/9000 | Queue: 193 | ✅ https://babylove.co.th/parent-tips/hair-loss-with-...
2026-09-24 04:43:54 | INFO | ✓ 469/9000 | Queue: 188 | ✅ https://babylove.co.th/parent-tips/pregnancy-vacci...
2026-09-24 04:43:57 | INFO | ✓ 470/9000 | Queue: 184 | ✅ https://babylove.co.th/parent-tips/pregnancy-mom-s...
2026-09-24 04:44:00 | INFO | ✓ 471/9000 | Queue: 183 | ✅ https://babylove.co.th/parent-tips/%E0%B8%84%E0%B8...
2026-09-24 04:44:02 | INFO | ✓ 472/9000 | Queue: 182 | ✅ https://babylove.co.th/%E0%B8%9A%E0%B8%97%E0%B8%84...
2026-09-24 04:44:03 | INFO | ✓ 473/9000 | Queue: 181 | ✅ https://babylove.co.th/parent-tips/natural-birth-o...
2026-09-24 04:44:04 | INFO | ✓ 474/9000 | Queue: 180 | ✅ https://babylove.co.th/parent-tips/pregnant-mother...
2026-09-24 04:44:05 | INFO | ✓ 475/9000 | Queue: 183 | ✅ https://babylove.co.th/parent-tips/pregnant-mother...
2026-09-24 04:44:07 | INFO | ✓ 476/9000 | Queue: 182 | ✅ https://babylove.co.th/parent-tips/pregnant-mother...
2026-09-24 04:44:10 | INFO | ✓ 477/9000 | Queue: 180 | ✅ https://babylove.co.th/%E0%B8%9A%E0%B8%97%E0%B8%84...
2026-09-24 04:44:11 | INFO | ✓ 478/9000 | Queue: 183 | ✅ https://babylove.co.th/parent-tips/foods-that-preg...
2026-09-24 04:44:13 | INFO | ✓ 479/9000 | Queue: 182 | ✅ https://babylove.co.th/parent-tips/health-screenin...
2026-09-24 04:44:15 | INFO | ✓ 480/9000 | Queue: 181 | ✅ https://babylove.co.th/parent-tips/unusual-pregnan...
2026-09-24 04:44:17 | INFO | ✓ 481/9000 | Queue: 180 | ✅ https://babylove.co.th/parent-tips/exercise-during...
2026-09-24 04:44:19 | INFO | ✓ 482/9000 | Queue: 179 | ✅ https://babylove.co.th/parent-tips/pregnant-mother...
2026-09-24 04:44:21 | INFO | ✓ 483/9000 | Queue: 178 | ✅ https://babylove.co.th/parent-tips/self-pregnancy-...
2026-09-24 04:44:22 | INFO | ✓ 484/9000 | Queue: 177 | ✅ https://babylove.co.th/parent-tips?page=1...
2026-09-24 04:44:24 | INFO | ✓ 485/9000 | Queue: 176 | ✅ https://babylove.co.th/parent-tips?page=4...
2026-09-24 04:44:26 | INFO | ✓ 486/9000 | Queue: 175 | ✅ https://babylove.co.th/parent-tips/vitamins-and-mi...
2026-09-24 04:44:29 | INFO | ✓ 487/9000 | Queue: 175 | ✅ https://babylove.co.th/parent-tips/baby-hospital-b...
2026-09-24 04:44:30 | INFO | ✓ 488/9000 | Queue: 175 | ✅ https://babylove.co.th/baby-tips/babys-hearing-dev...
2026-09-24 04:44:32 | INFO | ✓ 489/9000 | Queue: 174 | ✅ https://babylove.co.th/baby-tips/how-to-choose-new...
2026-09-24 04:44:33 | INFO | ✓ 490/9000 | Queue: 173 | ✅ https://babylove.co.th/baby-tips/increased-weight-...
2026-09-24 04:44:35 | INFO | ✓ 491/9000 | Queue: 172 | ✅ https://babylove.co.th/baby-tips/baby-food-allergi...
2026-09-24 04:44:37 | INFO | ✓ 492/9000 | Queue: 171 | ✅ https://babylove.co.th/baby-tips/adenovirus-in-chi...
2026-09-24 04:44:39 | INFO | ✓ 493/9000 | Queue: 170 | ✅ https://babylove.co.th/baby-tips/how-play-helps-yo...
2026-09-24 04:44:41 | INFO | ✓ 494/9000 | Queue: 170 | ✅ https://babylove.co.th/baby-tips/care-baby-oral...
2026-09-24 04:44:43 | INFO | ✓ 495/9000 | Queue: 169 | ✅ https://babylove.co.th/baby-tips/things-to-know-ab...
2026-09-24 04:44:45 | INFO | ✓ 496/9000 | Queue: 168 | ✅ https://babylove.co.th/baby-tips/early-feeding-bab...
2026-09-24 04:44:46 | INFO | ✓ 497/9000 | Queue: 169 | ✅ https://babylove.co.th/baby-tips/breast-milk-the-b...
2026-09-24 04:44:49 | INFO | ✓ 498/9000 | Queue: 168 | ✅ https://babylove.co.th/baby-tips/newborn-milk-inta...
2026-09-24 04:44:51 | INFO | ✓ 499/9000 | Queue: 167 | ✅ https://babylove.co.th/baby-tips/understand-the-ph...
2026-09-24 04:44:53 | INFO | ✓ 500/9000 | Queue: 166 | ✅ https://babylove.co.th/baby-tips/boost-baby-develo...
2026-09-24 04:44:53 | INFO | Checkpoint saved: 500 visited, 166 queued
2026-09-24 04:44:55 | INFO | ✓ 501/9000 | Queue: 166 | ✅ https://babylove.co.th/baby-tips/neonatal-jaundice...
2026-09-24 04:44:56 | INFO | ✓ 502/9000 | Queue: 165 | ✅ https://babylove.co.th/baby-tips/signs-baby-does-n...
2026-09-24 04:44:58 | INFO | ✓ 503/9000 | Queue: 164 | ✅ https://babylove.co.th/baby-tips/newborn-urinating...
2026-09-24 04:45:00 | INFO | ✓ 504/9000 | Queue: 165 | ✅ https://babylove.co.th/baby-tips/how-to-help-your-...
2026-09-24 04:45:02 | INFO | ✓ 505/9000 | Queue: 164 | ✅ https://babylove.co.th/baby-tips/baby-rash-problem...
2026-09-24 04:45:04 | INFO | ✓ 506/9000 | Queue: 163 | ✅ https://babylove.co.th/baby-tips/baby-heat-rashes...
2026-09-24 04:45:05 | INFO | ✓ 507/9000 | Queue: 163 | ✅ https://babylove.co.th/baby-tips/preparing-your-ba...
2026-09-24 04:45:07 | INFO | ✓ 508/9000 | Queue: 162 | ✅ https://babylove.co.th/baby-tips/choosing-right-di...
2026-09-24 04:45:09 | INFO | ✓ 509/9000 | Queue: 163 | ✅ https://babylove.co.th/baby-tips/cleaning-your-chi...
2026-09-24 04:45:12 | INFO | ✓ 510/9000 | Queue: 162 | ✅ https://babylove.co.th/baby-tips/6-diseases-come-w...
2026-09-24 04:45:14 | INFO | ✓ 511/9000 | Queue: 160 | ✅ https://babylove.co.th/baby-tips/prepare-your-baby...
2026-09-24 04:45:14 | INFO | ✓ 512/9000 | Queue: 160 | ✅ https://babylove.co.th/baby-tips/care-baby-sensiti...
2026-09-24 04:45:16 | INFO | ✓ 513/9000 | Queue: 160 | ✅ https://babylove.co.th/baby-tips/5-green-leafy-veg...
2026-09-24 04:45:18 | INFO | ✓ 514/9000 | Queue: 159 | ✅ https://babylove.co.th/baby-tips/rota-virus...
2026-09-24 04:45:20 | INFO | ✓ 515/9000 | Queue: 159 | ✅ https://babylove.co.th/baby-tips/baby-development-...
2026-09-24 04:45:21 | INFO | ✓ 516/9000 | Queue: 158 | ✅ https://babylove.co.th/baby-tips/stimulate-first-y...
2026-09-24 04:45:23 | INFO | ✓ 517/9000 | Queue: 157 | ✅ https://babylove.co.th/baby-tips/norovirus-in-chil...
2026-09-24 04:45:25 | INFO | ✓ 518/9000 | Queue: 157 | ✅ https://babylove.co.th/baby-tips/tips-for-adjustin...
2026-09-24 04:45:27 | INFO | ✓ 519/9000 | Queue: 156 | ✅ https://babylove.co.th/baby-tips/how-to-choose-the...
2026-09-24 04:45:28 | INFO | ✓ 520/9000 | Queue: 155 | ✅ https://babylove.co.th/baby-tips/teacher-disease...
2026-09-24 04:45:30 | INFO | ✓ 521/9000 | Queue: 154 | ✅ https://babylove.co.th/baby-tips?page=1...
2026-09-24 04:45:32 | INFO | ✓ 522/9000 | Queue: 154 | ✅ https://babylove.co.th/baby-tips?page=4...
2026-09-24 04:45:33 | INFO | ✓ 523/9000 | Queue: 153 | ✅ https://babylove.co.th/baby-tips/hives-in-children...
2026-09-24 04:45:35 | INFO | ✓ 524/9000 | Queue: 153 | ✅ https://babylove.co.th/baby-tips/how-to-handle-bab...
2026-09-24 04:45:37 | INFO | ✓ 525/9000 | Queue: 153 | ✅ https://babylove.co.th/baby-tips?page=5...
2026-09-24 04:45:38 | INFO | ✓ 526/9000 | Queue: 153 | ✅ https://babylove.co.th/baby-tips/symptom-and-dange...
2026-09-24 04:45:40 | INFO | ✓ 527/9000 | Queue: 153 | ✅ https://babylove.co.th/baby-tips/miraculous-natura...
2026-09-24 04:45:42 | INFO | ✓ 528/9000 | Queue: 153 | ✅ https://babylove.co.th/baby-tips/8-secret-to-devel...
2026-09-24 04:45:44 | INFO | ✓ 529/9000 | Queue: 152 | ✅ https://babylove.co.th/baby-tips/adjusting-first-w...
2026-09-24 04:45:46 | INFO | ✓ 530/9000 | Queue: 152 | ✅ https://babylove.co.th/baby-tips?page=10...
2026-09-24 04:45:47 | INFO | ✓ 531/9000 | Queue: 151 | ✅ https://babylove.co.th/baby-tips?page=9...
2026-09-24 04:45:49 | INFO | ✓ 532/9000 | Queue: 150 | ✅ https://babylove.co.th/parent-tips?type=1...
2026-09-24 04:45:52 | INFO | ✓ 533/9000 | Queue: 149 | ✅ https://babylove.co.th/parent-tips?type=1&page=1...
2026-09-24 04:45:54 | INFO | ✓ 534/9000 | Queue: 148 | ✅ https://babylove.co.th/parent-tips/differences-bet...
2026-09-24 04:45:55 | INFO | ✓ 535/9000 | Queue: 149 | ✅ https://babylove.co.th/parent-tips/music-stimulate...
2026-09-24 04:45:57 | INFO | ✓ 536/9000 | Queue: 143 | ✅ https://babylove.co.th/baby-tips/colic-not-scary-a...
2026-09-24 04:45:59 | INFO | ✓ 537/9000 | Queue: 143 | ✅ https://babylove.co.th/baby-tips/baby-rash-for-mom...
2026-09-24 04:46:01 | INFO | ✓ 538/9000 | Queue: 143 | ✅ https://babylove.co.th/baby-tips/fruits-and-vegeta...
2026-09-24 04:46:02 | INFO | ✓ 539/9000 | Queue: 142 | ✅ https://babylove.co.th/baby-tips/trim-babys-nails...
2026-09-24 04:46:05 | INFO | ✓ 540/9000 | Queue: 141 | ✅ https://babylove.co.th/baby-tips/important-develop...
2026-09-24 04:46:07 | INFO | ✓ 541/9000 | Queue: 141 | ✅ https://babylove.co.th/baby-tips/herpangina2023...
2026-09-24 04:46:11 | INFO | ✓ 542/9000 | Queue: 140 | ✅ https://babylove.co.th/baby-tips?type=1...
2026-09-24 04:46:13 | INFO | ✓ 543/9000 | Queue: 139 | ✅ https://babylove.co.th/baby-tips?type=1&page=1...
2026-09-24 04:46:16 | INFO | ✓ 544/9000 | Queue: 138 | ✅ https://babylove.co.th/baby-tips?type=1&page=4...
2026-09-24 04:46:17 | INFO | ✓ 545/9000 | Queue: 138 | ✅ https://babylove.co.th/baby-tips/green-poop-baby...
2026-09-24 04:46:19 | INFO | ✓ 546/9000 | Queue: 137 | ✅ https://babylove.co.th/baby-tips/superfoods-boost-...
2026-09-24 04:46:20 | INFO | ✓ 547/9000 | Queue: 137 | ✅ https://babylove.co.th/baby-tips/protect-newborns-...
2026-09-24 04:46:23 | INFO | ✓ 548/9000 | Queue: 136 | ✅ https://babylove.co.th/baby-tips?type=1&page=5...
2026-09-24 04:46:25 | INFO | ✓ 549/9000 | Queue: 135 | ✅ https://babylove.co.th/baby-tips?type=1&page=7...
2026-09-24 04:46:27 | INFO | ✓ 550/9000 | Queue: 134 | ✅ https://babylove.co.th/baby-tips?type=1&page=6...
2026-09-24 04:46:28 | INFO | ✓ 551/9000 | Queue: 133 | ✅ https://babylove.co.th/baby-tips?type=2...
2026-09-24 04:46:30 | INFO | ✓ 552/9000 | Queue: 132 | ✅ https://babylove.co.th/baby-tips?type=2&page=1...
2026-09-24 04:46:32 | INFO | ✓ 553/9000 | Queue: 131 | ✅ https://babylove.co.th/baby-tips?type=2&page=4...
2026-09-24 04:46:33 | INFO | ✓ 554/9000 | Queue: 130 | ✅ https://babylove.co.th/baby-tips?type=2&page=5...
2026-09-24 04:46:35 | INFO | ✓ 555/9000 | Queue: 132 | ✅ https://babylove.co.th/baby-tips/vaccines-tool-pre...
2026-09-24 04:46:37 | INFO | ✓ 556/9000 | Queue: 133 | ✅ https://babylove.co.th/baby-tips/constipation-in-c...
2026-09-24 04:46:38 | INFO | ✓ 557/9000 | Queue: 132 | ✅ https://babylove.co.th/baby-tips?type=2&page=7...
2026-09-24 04:46:41 | INFO | ✓ 558/9000 | Queue: 131 | ✅ https://babylove.co.th/baby-tips?type=2&page=6...
2026-09-24 04:46:41 | INFO | ✓ 559/9000 | Queue: 130 | ✅ https://babylove.co.th/baby-tips/what-symptoms-you...
2026-09-24 04:46:42 | INFO | ✓ 560/9000 | Queue: 129 | ✅ https://babylove.co.th/baby-tips/choosing-baby-dis...
2026-09-24 04:46:44 | INFO | ✓ 561/9000 | Queue: 128 | ✅ https://babylove.co.th/baby-tips/crawling-and-baby...
2026-09-24 04:46:45 | INFO | ✓ 562/9000 | Queue: 127 | ✅ https://babylove.co.th/baby-tips?type=3...
2026-09-24 04:46:47 | INFO | ✓ 563/9000 | Queue: 126 | ✅ https://babylove.co.th/baby-tips?type=3&page=1...
2026-09-24 04:46:49 | INFO | ✓ 564/9000 | Queue: 126 | ✅ https://babylove.co.th/baby-tips?type=3&page=4...
2026-09-24 04:46:50 | INFO | ✓ 565/9000 | Queue: 125 | ✅ https://babylove.co.th/baby-tips?type=3&page=5...
2026-09-24 04:46:52 | INFO | ✓ 566/9000 | Queue: 124 | ✅ https://babylove.co.th/baby-tips?type=3&page=8...
2026-09-24 04:46:54 | INFO | ✓ 567/9000 | Queue: 123 | ✅ https://babylove.co.th/baby-tips?type=3&page=7...
2026-09-24 04:46:56 | INFO | ✓ 568/9000 | Queue: 122 | ✅ https://babylove.co.th/baby-tips?type=4...
2026-09-24 04:46:58 | INFO | ✓ 569/9000 | Queue: 121 | ✅ https://babylove.co.th/baby-tips?type=4&page=1...
2026-09-24 04:47:00 | INFO | ✓ 570/9000 | Queue: 120 | ✅ https://babylove.co.th/baby-tips?type=4&page=4...
2026-09-24 04:47:01 | INFO | ✓ 571/9000 | Queue: 119 | ✅ https://babylove.co.th/baby-tips?type=4&page=5...
2026-09-24 04:47:04 | INFO | ✓ 572/9000 | Queue: 118 | ✅ https://babylove.co.th/baby-tips?type=4&page=6...
2026-09-24 04:47:08 | INFO | ✓ 573/9000 | Queue: 117 | ✅ https://babylove.co.th/baby-tips?type=5...
2026-09-24 04:47:12 | INFO | ✓ 574/9000 | Queue: 116 | ✅ https://babylove.co.th/baby-tips?type=5&page=1...
2026-09-24 04:47:13 | INFO | ✓ 575/9000 | Queue: 115 | ✅ https://babylove.co.th/baby-tips?type=5&page=4...
2026-09-24 04:47:15 | INFO | ✓ 576/9000 | Queue: 114 | ✅ https://babylove.co.th/baby-tips/stimulate-develop...
2026-09-24 04:47:17 | INFO | ✓ 577/9000 | Queue: 115 | ✅ https://babylove.co.th/baby-tips/enhance-babys-bra...
2026-09-24 04:47:19 | INFO | ✓ 578/9000 | Queue: 114 | ✅ https://babylove.co.th/%E0%B8%9A%E0%B8%97%E0%B8%84...
2026-09-24 04:47:22 | INFO | ✓ 579/9000 | Queue: 111 | ✅ https://babylove.co.th/_system/_upload/_ckeditor/i...
2026-09-24 04:47:24 | INFO | ✓ 580/9000 | Queue: 111 | ✅ https://babylove.co.th/%E0%B8%9A%E0%B8%97%E0%B8%84...
2026-09-24 04:47:27 | INFO | ✓ 581/9000 | Queue: 109 | ✅ https://babylove.co.th/%E0%B8%9A%E0%B8%97%E0%B8%84...
2026-09-24 04:47:29 | INFO | ✓ 582/9000 | Queue: 108 | ✅ https://babylove.co.th/%E0%B8%9A%E0%B8%97%E0%B8%84...
2026-09-24 04:47:31 | INFO | ✓ 583/9000 | Queue: 106 | ✅ https://babylove.co.th/baby-tips/newborn-belly-but...
2026-09-24 04:47:33 | INFO | ✓ 584/9000 | Queue: 104 | ✅ https://babylove.co.th/baby-tips/caring-your-child...
2026-09-24 04:47:36 | INFO | ✓ 585/9000 | Queue: 103 | ✅ https://babylove.co.th/downloads/pdf/baby-checklis...
2026-09-24 04:47:43 | INFO | ✓ 586/9000 | Queue: 155 | ✅ https://babylove.co.th/redirect?token=6ff65aa6a016...
2026-09-24 04:47:45 | INFO | ✓ 587/9000 | Queue: 154 | ⚠️ https://babylove.co.th/redirect?token=89e3722626d4...
2026-09-24 04:47:49 | INFO | ✓ 588/9000 | Queue: 153 | ✅ https://babylove.co.th/redirect?token=751788a4d685...
2026-09-24 04:47:52 | INFO | Retry 1/1: https://babylove.co.th/redirect?token=727cad3a5e6e966ecf894f...
2026-09-24 04:47:58 | INFO | ✓ 589/9000 | Queue: 152 | ✅ https://babylove.co.th/redirect?token=f66ce5b2c972...
2026-09-24 04:48:02 | INFO | ✓ 590/9000 | Queue: 151 | ✅ https://babylove.co.th/redirect?token=a22aa8da457d...
2026-09-24 04:48:07 | INFO | ✓ 591/9000 | Queue: 150 | ✅ https://babylove.co.th/redirect?token=819676be9792...
2026-09-24 04:48:11 | INFO | ✓ 592/9000 | Queue: 149 | ✅ https://babylove.co.th/redirect?token=9b4aab98e706...
2026-09-24 04:48:13 | INFO | ✓ 593/9000 | Queue: 145 | ✅ https://babylove.co.th/baby-tips/preventing-corona...
2026-09-24 04:48:15 | INFO | ✓ 594/9000 | Queue: 143 | ✅ https://babylove.co.th/%E0%B8%9A%E0%B8%97%E0%B8%84...
2026-09-24 04:48:17 | INFO | ✓ 595/9000 | Queue: 142 | ✅ https://babylove.co.th/%E0%B8%9A%E0%B8%97%E0%B8%84...
2026-09-24 04:48:21 | INFO | ✓ 596/9000 | Queue: 142 | ✅ https://babylove.co.th/%E0%B8%9A%E0%B8%97%E0%B8%84...
2026-09-24 04:48:23 | INFO | ✓ 597/9000 | Queue: 141 | ✅ https://babylove.co.th/%E0%B8%9A%E0%B8%97%E0%B8%84...
2026-09-24 04:48:25 | INFO | ✓ 598/9000 | Queue: 139 | ✅ https://babylove.co.th/baby-tips/sleep-and-baby-de...
2026-09-24 04:48:27 | INFO | ✓ 599/9000 | Queue: 137 | ✅ https://babylove.co.th/baby-tips/choosing-best-dia...
2026-09-24 04:48:29 | INFO | ✓ 600/9000 | Queue: 137 | ✅ https://babylove.co.th/baby-tips/baby-sleep-well-t...
2026-09-24 04:48:29 | INFO | Checkpoint saved: 600 visited, 137 queued
2026-09-24 04:48:35 | INFO | ✓ 601/9000 | Queue: 136 | ✅ https://babylove.co.th/downloads/pdf/virus-smaller...
2026-09-24 04:48:37 | INFO | ✓ 602/9000 | Queue: 131 | ✅ https://babylove.co.th/%E0%B8%9A%E0%B8%97%E0%B8%84...
2026-09-24 04:48:40 | INFO | ✓ 603/9000 | Queue: 131 | ✅ https://babylove.co.th/%E0%B8%9A%E0%B8%97%E0%B8%84...
2026-09-24 04:48:42 | INFO | ✓ 604/9000 | Queue: 130 | ✅ https://babylove.co.th/%E0%B8%9A%E0%B8%97%E0%B8%84...
2026-09-24 04:48:43 | INFO | ✓ 605/9000 | Queue: 129 | ✅ https://babylove.co.th/baby-tips/create-eating-hab...
2026-09-24 04:48:46 | INFO | ✓ 606/9000 | Queue: 128 | ✅ https://babylove.co.th/%E0%B8%9A%E0%B8%97%E0%B8%84...
2026-09-24 04:48:48 | INFO | ✓ 607/9000 | Queue: 127 | ✅ https://babylove.co.th/%E0%B8%9A%E0%B8%97%E0%B8%84...
2026-09-24 04:48:50 | INFO | ✓ 608/9000 | Queue: 126 | ✅ https://babylove.co.th/%E0%B8%9A%E0%B8%97%E0%B8%84...
2026-09-24 04:48:53 | INFO | ✓ 609/9000 | Queue: 125 | ✅ https://babylove.co.th/%E0%B8%9A%E0%B8%97%E0%B8%84...
2026-09-24 04:48:56 | INFO | ✓ 610/9000 | Queue: 124 | ✅ https://babylove.co.th/downloads/pdf/babylove_wint...
2026-09-24 04:48:59 | INFO | ✓ 611/9000 | Queue: 123 | ✅ https://babylove.co.th/downloads/pdf/check-list_Se...
2026-09-24 04:49:02 | INFO | ✓ 612/9000 | Queue: 121 | ✅ https://babylove.co.th/baby-tips/care-baby-rash...
2026-09-24 04:49:07 | INFO | ✓ 613/9000 | Queue: 111 | ✅ https://babylove.co.th/%E0%B8%9A%E0%B8%97%E0%B8%84...
2026-09-24 04:49:11 | INFO | ✓ 614/9000 | Queue: 108 | ✅ https://babylove.co.th/%E0%B8%9A%E0%B8%97%E0%B8%84...
2026-09-24 04:49:15 | INFO | ✓ 615/9000 | Queue: 104 | ❌ https://babylove.co.th/downloads/pdf/checklist001....
2026-09-24 04:49:17 | INFO | ✓ 616/9000 | Queue: 103 | ✅ https://babylove.co.th/baby-tips/how-to-train-baby...
2026-09-24 04:49:18 | INFO | ✓ 617/9000 | Queue: 97 | ✅ https://babylove.co.th/baby-tips/newborn-nutrition...
2026-09-24 04:49:20 | INFO | ✓ 618/9000 | Queue: 97 | ✅ https://babylove.co.th/%E0%B8%9A%E0%B8%97%E0%B8%84...
2026-09-24 04:49:22 | INFO | ✓ 619/9000 | Queue: 94 | ✅ https://babylove.co.th/%E0%B8%9A%E0%B8%97%E0%B8%84...
2026-09-24 04:49:24 | INFO | ✓ 620/9000 | Queue: 90 | ✅ https://babylove.co.th/baby-tips?page=6...
2026-09-24 04:49:27 | INFO | ✓ 621/9000 | Queue: 88 | ✅ https://babylove.co.th/baby-tips?page=7...
2026-09-24 04:49:29 | INFO | ✓ 622/9000 | Queue: 84 | ✅ https://babylove.co.th/baby-tips?page=8...
2026-09-24 04:49:30 | INFO | ✓ 623/9000 | Queue: 70 | ✅ https://babylove.co.th/baby-tips?type=3&page=6...
2026-09-24 04:49:35 | INFO | ✓ 624/9000 | Queue: 12 | ❌ https://babylove.co.th/redirect?token=727cad3a5e6e...
2026-09-24 04:49:35 | INFO | Checkpoint saved: 624 visited, 0 queued
2026-09-24 04:49:35 | INFO | CRAWL COMPLETE
2026-09-24 04:49:35 | INFO | Total URLs discovered: 624
2026-09-24 04:49:35 | INFO | Status breakdown:
2026-09-24 04:49:35 | INFO | ❌ 0 (Error/Timeout): 4
2026-09-24 04:49:35 | INFO | ✅ 200 (Success): 588
2026-09-24 04:49:35 | INFO | ⚠️ 403 (Client Error): 6
2026-09-24 04:49:35 | INFO | ⚠️ 404 (Client Error): 25
2026-09-24 04:49:35 | INFO | ⚠️ 502 (Server Error): 1
