2026-09-24 03:43:10 | INFO | Site crawler starting
2026-09-24 03:43:10 | INFO | Starting crawl: https://lifree.kr
2026-09-24 03:43:10 | INFO | Max pages: 9000, Delay: 350ms, Timeout: 15000ms
2026-09-24 03:43:10 | INFO | Max retries per URL: 1
2026-09-24 03:43:13 | INFO | Robots.txt disallow rules found: 1
2026-09-24 03:43:16 | INFO | ✓ 1/9000 | Queue: 13 | ✅ https://lifree.kr/...
2026-09-24 03:43:21 | INFO | ✓ 2/9000 | Queue: 12 | ✅ https://lifree.kr/product...
2026-09-24 03:43:25 | INFO | ✓ 3/9000 | Queue: 11 | ✅ https://lifree.kr/lifree-comfort-underwear...
2026-09-24 03:43:30 | INFO | ✓ 4/9000 | Queue: 10 | ✅ https://lifree.kr/lifree-comfort-underwear-long-la...
2026-09-24 03:43:34 | INFO | ✓ 5/9000 | Queue: 9 | ✅ https://lifree.kr/lifree-comfort-mat...
2026-09-24 03:43:39 | INFO | ✓ 6/9000 | Queue: 8 | ✅ https://lifree.kr/brand-story...
2026-09-24 03:43:43 | INFO | ✓ 7/9000 | Queue: 7 | ✅ https://lifree.kr/health-guide...
2026-09-24 03:43:47 | INFO | ✓ 8/9000 | Queue: 6 | ✅ https://lifree.kr/incontinence-exercise-guide...
2026-09-24 03:43:52 | INFO | ✓ 9/9000 | Queue: 5 | ✅ https://lifree.kr/pelvic-training...
2026-09-24 03:43:56 | INFO | ✓ 10/9000 | Queue: 4 | ✅ https://lifree.kr/pelvic-walking...
2026-09-24 03:44:01 | INFO | ✓ 11/9000 | Queue: 3 | ✅ https://lifree.kr/contact...
2026-09-24 03:44:05 | INFO | ✓ 12/9000 | Queue: 2 | ✅ https://lifree.kr/faq...
2026-09-24 03:44:09 | INFO | ✓ 13/9000 | Queue: 1 | ✅ https://lifree.kr/lifree-active-underwear-unisex...
2026-09-24 03:44:10 | INFO | Checkpoint saved: 13 visited, 0 queued
2026-09-24 03:44:10 | INFO | CRAWL COMPLETE
2026-09-24 03:44:10 | INFO | Total URLs discovered: 13
2026-09-24 03:44:10 | INFO | Status breakdown:
2026-09-24 03:44:10 | INFO | ✅ 200 (Success): 13
