2026-09-24 04:29:21 | INFO | Site crawler starting
2026-09-24 04:29:21 | INFO | Starting crawl: https://certainty.co.th
2026-09-24 04:29:21 | INFO | Max pages: 9000, Delay: 350ms, Timeout: 15000ms
2026-09-24 04:29:21 | INFO | Max retries per URL: 1
2026-09-24 04:29:23 | INFO | Robots.txt disallow rules found: 0
2026-09-24 04:29:24 | INFO | ✓ 1/9000 | Queue: 48 | ✅ https://certainty.co.th/...
2026-09-24 04:29:26 | INFO | ✓ 2/9000 | Queue: 47 | ✅ https://certainty.co.th/why_certainty...
2026-09-24 04:29:28 | INFO | ✓ 3/9000 | Queue: 49 | ✅ https://certainty.co.th/products...
2026-09-24 04:29:30 | INFO | ✓ 4/9000 | Queue: 48 | ✅ https://certainty.co.th/questionnaire...
2026-09-24 04:29:33 | INFO | ✓ 5/9000 | Queue: 47 | ✅ https://certainty.co.th/howtochoose...
2026-09-24 04:29:35 | INFO | ✓ 6/9000 | Queue: 46 | ✅ https://certainty.co.th/keyofdispler...
2026-09-24 04:29:37 | INFO | ✓ 7/9000 | Queue: 45 | ✅ https://certainty.co.th/howtowear...
2026-09-24 04:29:39 | INFO | ✓ 8/9000 | Queue: 56 | ✅ https://certainty.co.th/how_to_care_for_seniors...
2026-09-24 04:29:42 | INFO | ✓ 9/9000 | Queue: 67 | ✅ https://certainty.co.th/blogs...
2026-09-24 04:29:44 | INFO | ✓ 10/9000 | Queue: 74 | ✅ https://certainty.co.th/faq...
2026-09-24 04:29:47 | INFO | ✓ 11/9000 | Queue: 89 | ✅ https://certainty.co.th/news-and-activities...
2026-09-24 04:29:49 | INFO | ✓ 12/9000 | Queue: 88 | ✅ https://certainty.co.th/services...
2026-09-24 04:29:51 | INFO | ✓ 13/9000 | Queue: 86 | ✅ https://certainty.co.th/products?product=1...
2026-09-24 04:29:54 | INFO | ✓ 14/9000 | Queue: 85 | ✅ https://certainty.co.th/products?product=2...
2026-09-24 04:29:56 | INFO | ✓ 15/9000 | Queue: 89 | ✅ https://certainty.co.th/blogs/read/difference-tape...
2026-09-24 04:29:58 | INFO | ✓ 16/9000 | Queue: 91 | ✅ https://certainty.co.th/blogs/read/sharing-tips-pu...
2026-09-24 04:30:00 | INFO | ✓ 17/9000 | Queue: 94 | ✅ https://certainty.co.th/blogs/read/how-to-choose-a...
2026-09-24 04:30:03 | INFO | ✓ 18/9000 | Queue: 96 | ✅ https://certainty.co.th/blogs/read/type-of-certain...
2026-09-24 04:30:05 | INFO | ✓ 19/9000 | Queue: 93 | ✅ https://certainty.co.th/product/pd-daypants...
2026-09-24 04:30:07 | INFO | ✓ 20/9000 | Queue: 95 | ✅ https://certainty.co.th/product/pd-comfortpants...
2026-09-24 04:30:09 | INFO | ✓ 21/9000 | Queue: 96 | ✅ https://certainty.co.th/product/pd-superpants...
2026-09-24 04:30:11 | INFO | ✓ 22/9000 | Queue: 95 | ✅ https://certainty.co.th/product/pd-goldpants...
2026-09-24 04:30:13 | INFO | ✓ 23/9000 | Queue: 94 | ✅ https://certainty.co.th/product/pd-certainty-tape...
2026-09-24 04:30:16 | INFO | ✓ 24/9000 | Queue: 93 | ✅ https://certainty.co.th/product/pd-certainty-tape-...
2026-09-24 04:30:18 | INFO | ✓ 25/9000 | Queue: 92 | ✅ https://certainty.co.th/product/pd-superpants-day-...
2026-09-24 04:30:20 | INFO | ✓ 26/9000 | Queue: 92 | ✅ https://certainty.co.th/product/pd-bed-sheet...
2026-09-24 04:30:22 | INFO | ✓ 27/9000 | Queue: 91 | ✅ https://certainty.co.th/product/pd-bed-sheet-xxl...
2026-09-24 04:30:23 | INFO | ✓ 28/9000 | Queue: 90 | ✅ https://certainty.co.th/product/pd-body-cleansing...
2026-09-24 04:30:25 | INFO | ✓ 29/9000 | Queue: 90 | ✅ https://certainty.co.th/product/pd-hygienic-adult-...
2026-09-24 04:30:27 | INFO | ✓ 30/9000 | Queue: 89 | ✅ https://certainty.co.th/product/pd-easy-tape...
2026-09-24 04:30:29 | INFO | ✓ 31/9000 | Queue: 88 | ✅ https://certainty.co.th/product/pd-superpants-pack...
2026-09-24 04:30:31 | INFO | ✓ 32/9000 | Queue: 87 | ✅ https://certainty.co.th/product/pd-daypants-pack...
2026-09-24 04:30:33 | INFO | ✓ 33/9000 | Queue: 89 | ✅ https://certainty.co.th/how_to_care_for_seniors/re...
2026-09-24 04:30:36 | INFO | ✓ 34/9000 | Queue: 92 | ✅ https://certainty.co.th/how_to_care_for_seniors/re...
2026-09-24 04:30:38 | INFO | ✓ 35/9000 | Queue: 96 | ✅ https://certainty.co.th/how_to_care_for_seniors/re...
2026-09-24 04:30:40 | INFO | ✓ 36/9000 | Queue: 98 | ✅ https://certainty.co.th/how_to_care_for_seniors/re...
2026-09-24 04:30:42 | INFO | ✓ 37/9000 | Queue: 100 | ✅ https://certainty.co.th/how_to_care_for_seniors/re...
2026-09-24 04:30:44 | INFO | ✓ 38/9000 | Queue: 102 | ✅ https://certainty.co.th/how_to_care_for_seniors/re...
2026-09-24 04:30:46 | INFO | ✓ 39/9000 | Queue: 105 | ✅ https://certainty.co.th/how_to_care_for_seniors/re...
2026-09-24 04:30:48 | INFO | ✓ 40/9000 | Queue: 107 | ✅ https://certainty.co.th/how_to_care_for_seniors/re...
2026-09-24 04:30:50 | INFO | ✓ 41/9000 | Queue: 110 | ✅ https://certainty.co.th/how_to_care_for_seniors/re...
2026-09-24 04:30:52 | INFO | ✓ 42/9000 | Queue: 110 | ✅ https://certainty.co.th/how_to_care_for_seniors/0...
2026-09-24 04:30:54 | INFO | ✓ 43/9000 | Queue: 109 | ✅ https://certainty.co.th/how_to_care_for_seniors/1...
2026-09-24 04:30:56 | INFO | ✓ 44/9000 | Queue: 109 | ✅ https://certainty.co.th/how_to_care_for_seniors/2...
2026-09-24 04:30:59 | INFO | ✓ 45/9000 | Queue: 111 | ✅ https://certainty.co.th/blogs/read/how-to-change-p...
2026-09-24 04:31:01 | INFO | ✓ 46/9000 | Queue: 113 | ✅ https://certainty.co.th/blogs/read/adult-diaper-ur...
2026-09-24 04:31:03 | INFO | ✓ 47/9000 | Queue: 115 | ✅ https://certainty.co.th/blogs/read/how-to-take-car...
2026-09-24 04:31:07 | INFO | ✓ 48/9000 | Queue: 117 | ✅ https://certainty.co.th/blogs/read/how-to-treat-ad...
2026-09-24 04:31:09 | INFO | ✓ 49/9000 | Queue: 119 | ✅ https://certainty.co.th/blogs/read/how-to-wear-adu...
2026-09-24 04:31:11 | INFO | ✓ 50/9000 | Queue: 119 | ✅ https://certainty.co.th/blogs/0...
2026-09-24 04:31:13 | INFO | ✓ 51/9000 | Queue: 118 | ✅ https://certainty.co.th/blogs/1...
2026-09-24 04:31:15 | INFO | ✓ 52/9000 | Queue: 126 | ✅ https://certainty.co.th/blogs/2...
2026-09-24 04:31:17 | INFO | ✓ 53/9000 | Queue: 134 | ✅ https://certainty.co.th/blogs/3...
2026-09-24 04:31:19 | INFO | ✓ 54/9000 | Queue: 143 | ✅ https://certainty.co.th/blogs/4...
2026-09-24 04:31:22 | INFO | ✓ 55/9000 | Queue: 152 | ✅ https://certainty.co.th/blogs/5...
2026-09-24 04:31:24 | INFO | ✓ 56/9000 | Queue: 158 | ✅ https://certainty.co.th/blogs/11...
2026-09-24 04:31:26 | INFO | ✓ 57/9000 | Queue: 166 | ✅ https://certainty.co.th/faq/read/%E0%B8%AD%E0%B8%B...
2026-09-24 04:31:28 | INFO | ✓ 58/9000 | Queue: 172 | ✅ https://certainty.co.th/faq/read/%E0%B8%89%E0%B8%B...
2026-09-24 04:31:30 | INFO | ✓ 59/9000 | Queue: 176 | ✅ https://certainty.co.th/faq/read/%E0%B8%AD%E0%B8%B...
2026-09-24 04:31:32 | INFO | ✓ 60/9000 | Queue: 180 | ✅ https://certainty.co.th/faq/read/%E0%B8%AB%E0%B8%B...
2026-09-24 04:31:34 | INFO | ✓ 61/9000 | Queue: 182 | ✅ https://certainty.co.th/faq/read/%E0%B8%AD%E0%B8%B...
2026-09-24 04:31:37 | INFO | ✓ 62/9000 | Queue: 182 | ✅ https://certainty.co.th/faq/0...
2026-09-24 04:31:39 | INFO | ✓ 63/9000 | Queue: 181 | ✅ https://certainty.co.th/faq/1...
2026-09-24 04:31:41 | INFO | ✓ 64/9000 | Queue: 181 | ✅ https://certainty.co.th/faq/2...
2026-09-24 04:31:42 | INFO | ✓ 65/9000 | Queue: 180 | ✅ https://certainty.co.th/news-and-activities/read/%...
2026-09-24 04:31:44 | INFO | ✓ 66/9000 | Queue: 179 | ✅ https://certainty.co.th/news-and-activities/read/%...
2026-09-24 04:31:46 | INFO | ✓ 67/9000 | Queue: 181 | ✅ https://certainty.co.th/news-and-activities/read/%...
2026-09-24 04:31:48 | INFO | ✓ 68/9000 | Queue: 183 | ✅ https://certainty.co.th/news-and-activities/read/%...
2026-09-24 04:31:50 | INFO | ✓ 69/9000 | Queue: 185 | ✅ https://certainty.co.th/news-and-activities/read/%...
2026-09-24 04:31:52 | INFO | ✓ 70/9000 | Queue: 187 | ✅ https://certainty.co.th/news-and-activities/read/%...
2026-09-24 04:31:55 | INFO | ✓ 71/9000 | Queue: 190 | ✅ https://certainty.co.th/news-and-activities/read/%...
2026-09-24 04:31:57 | INFO | ✓ 72/9000 | Queue: 192 | ✅ https://certainty.co.th/news-and-activities/read/%...
2026-09-24 04:31:58 | INFO | ✓ 73/9000 | Queue: 194 | ✅ https://certainty.co.th/news-and-activities/read/%...
2026-09-24 04:32:00 | INFO | ✓ 74/9000 | Queue: 196 | ✅ https://certainty.co.th/news-and-activities/read/%...
2026-09-24 04:32:03 | INFO | ✓ 75/9000 | Queue: 199 | ✅ https://certainty.co.th/news-and-activities/0...
2026-09-24 04:32:05 | INFO | ✓ 76/9000 | Queue: 198 | ✅ https://certainty.co.th/news-and-activities/1...
2026-09-24 04:32:07 | INFO | ✓ 77/9000 | Queue: 210 | ✅ https://certainty.co.th/news-and-activities/2...
2026-09-24 04:32:09 | INFO | ✓ 78/9000 | Queue: 172 | ✅ https://certainty.co.th/how_to_care_for_seniors/re...
2026-09-24 04:32:11 | INFO | ✓ 79/9000 | Queue: 171 | ✅ https://certainty.co.th/how_to_care_for_seniors/re...
2026-09-24 04:32:13 | INFO | ✓ 80/9000 | Queue: 173 | ✅ https://certainty.co.th/how_to_care_for_seniors/re...
2026-09-24 04:32:14 | INFO | ✓ 81/9000 | Queue: 163 | ✅ https://certainty.co.th/how_to_care_for_seniors/re...
2026-09-24 04:32:16 | INFO | ✓ 82/9000 | Queue: 159 | ✅ https://certainty.co.th/how_to_care_for_seniors/re...
2026-09-24 04:32:18 | INFO | ✓ 83/9000 | Queue: 159 | ✅ https://certainty.co.th/how_to_care_for_seniors/-1...
2026-09-24 04:32:20 | INFO | ✓ 84/9000 | Queue: 159 | ✅ https://certainty.co.th/how_to_care_for_seniors/3...
2026-09-24 04:32:23 | INFO | ✓ 85/9000 | Queue: 144 | ✅ https://certainty.co.th/blogs/-1...
2026-09-24 04:32:25 | INFO | ✓ 86/9000 | Queue: 146 | ✅ https://certainty.co.th/blogs/read/6-exercises-for...
2026-09-24 04:32:28 | INFO | ✓ 87/9000 | Queue: 149 | ✅ https://certainty.co.th/blogs/read/activities-for-...
2026-09-24 04:32:30 | INFO | ✓ 88/9000 | Queue: 151 | ✅ https://certainty.co.th/blogs/read/insomnia-in-the...
2026-09-24 04:32:32 | INFO | ✓ 89/9000 | Queue: 153 | ✅ https://certainty.co.th/blogs/read/exercises-for-s...
2026-09-24 04:32:34 | INFO | ✓ 90/9000 | Queue: 155 | ✅ https://certainty.co.th/blogs/read/%E0%B8%AB%E0%B8...
2026-09-24 04:32:36 | INFO | ✓ 91/9000 | Queue: 157 | ✅ https://certainty.co.th/blogs/read/%E0%B9%80%E0%B8...
2026-09-24 04:32:38 | INFO | ✓ 92/9000 | Queue: 159 | ✅ https://certainty.co.th/blogs/read/%E0%B8%A0%E0%B8...
2026-09-24 04:32:41 | INFO | ✓ 93/9000 | Queue: 161 | ✅ https://certainty.co.th/blogs/read/%E0%B9%80%E0%B8...
2026-09-24 04:32:42 | INFO | ✓ 94/9000 | Queue: 163 | ✅ https://certainty.co.th/blogs/read/%E0%B9%81%E0%B8...
2026-09-24 04:32:45 | INFO | ✓ 95/9000 | Queue: 165 | ✅ https://certainty.co.th/blogs/read/%E0%B9%81%E0%B8...
2026-09-24 04:32:47 | INFO | ✓ 96/9000 | Queue: 167 | ✅ https://certainty.co.th/blogs/read/%E0%B9%84%E0%B8...
2026-09-24 04:32:49 | INFO | ✓ 97/9000 | Queue: 169 | ✅ https://certainty.co.th/blogs/read/%E0%B9%80%E0%B8...
2026-09-24 04:32:51 | INFO | ✓ 98/9000 | Queue: 175 | ✅ https://certainty.co.th/blogs/read/%E0%B8%AD%E0%B8...
2026-09-24 04:32:53 | INFO | ✓ 99/9000 | Queue: 177 | ✅ https://certainty.co.th/blogs/read/%E0%B9%80%E0%B8...
2026-09-24 04:32:55 | INFO | ✓ 100/9000 | Queue: 179 | ✅ https://certainty.co.th/blogs/read/%E0%B8%A1%E0%B8...
2026-09-24 04:32:55 | INFO | Checkpoint saved: 100 visited, 179 queued
2026-09-24 04:32:57 | INFO | ✓ 101/9000 | Queue: 181 | ✅ https://certainty.co.th/blogs/read/%E0%B9%80%E0%B8...
2026-09-24 04:32:59 | INFO | ✓ 102/9000 | Queue: 183 | ✅ https://certainty.co.th/blogs/read/%E0%B9%80%E0%B8...
2026-09-24 04:33:01 | INFO | ✓ 103/9000 | Queue: 188 | ✅ https://certainty.co.th/blogs/read/%E0%B8%A0%E0%B8...
2026-09-24 04:33:04 | INFO | ✓ 104/9000 | Queue: 193 | ✅ https://certainty.co.th/blogs/read/%E0%B8%9B%E0%B8...
2026-09-24 04:33:05 | INFO | ✓ 105/9000 | Queue: 198 | ✅ https://certainty.co.th/blogs/read/%E0%B8%9B%E0%B8...
2026-09-24 04:33:08 | INFO | ✓ 106/9000 | Queue: 200 | ✅ https://certainty.co.th/blogs/read/%E0%B8%99%E0%B8...
2026-09-24 04:33:10 | INFO | ✓ 107/9000 | Queue: 202 | ✅ https://certainty.co.th/blogs/read/%E0%B8%9B%E0%B8...
2026-09-24 04:33:12 | INFO | ✓ 108/9000 | Queue: 207 | ✅ https://certainty.co.th/blogs/read/%E0%B8%AB%E0%B8...
2026-09-24 04:33:15 | INFO | ✓ 109/9000 | Queue: 209 | ✅ https://certainty.co.th/blogs/read/%E0%B8%8A%E0%B8...
2026-09-24 04:33:17 | INFO | ✓ 110/9000 | Queue: 211 | ✅ https://certainty.co.th/blogs/read/%E0%B9%80%E0%B8...
2026-09-24 04:33:19 | INFO | ✓ 111/9000 | Queue: 213 | ✅ https://certainty.co.th/blogs/read/%E0%B8%9C%E0%B8...
2026-09-24 04:33:21 | INFO | ✓ 112/9000 | Queue: 215 | ✅ https://certainty.co.th/blogs/read/%E0%B8%AA%E0%B8...
2026-09-24 04:33:23 | INFO | ✓ 113/9000 | Queue: 223 | ✅ https://certainty.co.th/blogs/6...
2026-09-24 04:33:26 | INFO | ✓ 114/9000 | Queue: 225 | ✅ https://certainty.co.th/blogs/read/%E0%B8%A7%E0%B8...
2026-09-24 04:33:28 | INFO | ✓ 115/9000 | Queue: 227 | ✅ https://certainty.co.th/blogs/read/%E0%B8%AB%E0%B8...
2026-09-24 04:33:30 | INFO | ✓ 116/9000 | Queue: 229 | ✅ https://certainty.co.th/blogs/read/%E0%B8%9B%E0%B8...
2026-09-24 04:33:32 | INFO | ✓ 117/9000 | Queue: 235 | ✅ https://certainty.co.th/blogs/read/6%E0%B8%AA%E0%B...
2026-09-24 04:33:34 | INFO | ✓ 118/9000 | Queue: 240 | ✅ https://certainty.co.th/blogs/read/%E0%B8%9B%E0%B8...
2026-09-24 04:33:37 | INFO | ✓ 119/9000 | Queue: 245 | ✅ https://certainty.co.th/blogs/read/%E0%B8%AD%E0%B9...
2026-09-24 04:33:39 | INFO | ✓ 120/9000 | Queue: 247 | ✅ https://certainty.co.th/blogs/read/%E0%B8%AA%E0%B8...
2026-09-24 04:33:42 | INFO | ✓ 121/9000 | Queue: 249 | ✅ https://certainty.co.th/blogs/read/%E0%B8%AA%E0%B8...
2026-09-24 04:33:44 | INFO | ✓ 122/9000 | Queue: 251 | ✅ https://certainty.co.th/blogs/read/%E0%B8%81%E0%B8...
2026-09-24 04:33:46 | INFO | ✓ 123/9000 | Queue: 259 | ✅ https://certainty.co.th/blogs/7...
2026-09-24 04:33:47 | INFO | ✓ 124/9000 | Queue: 261 | ✅ https://certainty.co.th/blogs/read/7-%E0%B8%9E%E0%...
2026-09-24 04:33:49 | INFO | ✓ 125/9000 | Queue: 263 | ✅ https://certainty.co.th/blogs/read/line-dance-%E0%...
2026-09-24 04:33:51 | INFO | ✓ 126/9000 | Queue: 265 | ✅ https://certainty.co.th/blogs/read/%E0%B8%97%E0%B9...
2026-09-24 04:33:54 | INFO | ✓ 127/9000 | Queue: 273 | ✅ https://certainty.co.th/blogs/10...
2026-09-24 04:33:55 | INFO | ✓ 128/9000 | Queue: 281 | ✅ https://certainty.co.th/blogs/8...
2026-09-24 04:33:57 | INFO | ✓ 129/9000 | Queue: 289 | ✅ https://certainty.co.th/blogs/9...
2026-09-24 04:33:59 | INFO | ✓ 130/9000 | Queue: 289 | ✅ https://certainty.co.th/blogs/12...
2026-09-24 04:34:01 | INFO | ✓ 131/9000 | Queue: 288 | ✅ https://certainty.co.th/blogs/read/%E0%B8%AD%E0%B8...
2026-09-24 04:34:03 | INFO | ✓ 132/9000 | Queue: 290 | ✅ https://certainty.co.th/blogs/read/%E0%B8%89%E0%B8...
2026-09-24 04:34:05 | INFO | ✓ 133/9000 | Queue: 292 | ✅ https://certainty.co.th/blogs/read/%E0%B8%AD%E0%B8...
2026-09-24 04:34:07 | INFO | ✓ 134/9000 | Queue: 294 | ✅ https://certainty.co.th/blogs/read/%E0%B8%AB%E0%B8...
2026-09-24 04:34:09 | INFO | ✓ 135/9000 | Queue: 274 | ✅ https://certainty.co.th/faq/-1...
2026-09-24 04:34:11 | INFO | ✓ 136/9000 | Queue: 274 | ✅ https://certainty.co.th/faq/3...
2026-09-24 04:34:13 | INFO | ✓ 137/9000 | Queue: 246 | ✅ https://certainty.co.th/news-and-activities/-1...
2026-09-24 04:34:15 | INFO | ✓ 138/9000 | Queue: 245 | ✅ https://certainty.co.th/news-and-activities/read/%...
2026-09-24 04:34:17 | INFO | ✓ 139/9000 | Queue: 244 | ✅ https://certainty.co.th/news-and-activities/read/%...
2026-09-24 04:34:19 | INFO | ✓ 140/9000 | Queue: 246 | ✅ https://certainty.co.th/news-and-activities/read/%...
2026-09-24 04:34:21 | INFO | ✓ 141/9000 | Queue: 248 | ✅ https://certainty.co.th/news-and-activities/read/%...
2026-09-24 04:34:23 | INFO | ✓ 142/9000 | Queue: 250 | ✅ https://certainty.co.th/news-and-activities/read/%...
2026-09-24 04:34:25 | INFO | ✓ 143/9000 | Queue: 252 | ✅ https://certainty.co.th/news-and-activities/read/%...
2026-09-24 04:34:27 | INFO | ✓ 144/9000 | Queue: 255 | ✅ https://certainty.co.th/news-and-activities/read/%...
2026-09-24 04:34:29 | INFO | ✓ 145/9000 | Queue: 257 | ✅ https://certainty.co.th/news-and-activities/read/%...
2026-09-24 04:34:31 | INFO | ✓ 146/9000 | Queue: 259 | ✅ https://certainty.co.th/news-and-activities/read/c...
2026-09-24 04:34:34 | INFO | ✓ 147/9000 | Queue: 258 | ⚠️ https://certainty.co.th/news-and-activities/3...
2026-09-24 04:34:36 | INFO | ✓ 148/9000 | Queue: 243 | ✅ https://certainty.co.th/how_to_care_for_seniors/-2...
2026-09-24 04:34:38 | INFO | ✓ 149/9000 | Queue: 245 | ✅ https://certainty.co.th/how_to_care_for_seniors/4...
2026-09-24 04:34:41 | INFO | ✓ 150/9000 | Queue: 245 | ✅ https://certainty.co.th/blogs/-2...
2026-09-24 04:34:43 | INFO | ✓ 151/9000 | Queue: 149 | ✅ https://certainty.co.th/blogs/read/%E0%B8%9B%E0%B8...
2026-09-24 04:34:45 | INFO | ✓ 152/9000 | Queue: 155 | ✅ https://certainty.co.th/blogs/read/%E0%B8%9B%E0%B8...
2026-09-24 04:34:47 | INFO | ✓ 153/9000 | Queue: 157 | ✅ https://certainty.co.th/blogs/read/%E0%B8%A0%E0%B8...
2026-09-24 04:34:49 | INFO | ✓ 154/9000 | Queue: 159 | ✅ https://certainty.co.th/blogs/read/%E0%B8%AA%E0%B8...
2026-09-24 04:34:52 | INFO | ✓ 155/9000 | Queue: 161 | ✅ https://certainty.co.th/blogs/read/%E0%B8%99%E0%B8...
2026-09-24 04:34:54 | INFO | ✓ 156/9000 | Queue: 163 | ✅ https://certainty.co.th/blogs/read/%E0%B9%80%E0%B8...
2026-09-24 04:34:56 | INFO | ✓ 157/9000 | Queue: 165 | ✅ https://certainty.co.th/blogs/read/%E0%B8%AA%E0%B8...
2026-09-24 04:34:59 | INFO | ✓ 158/9000 | Queue: 167 | ✅ https://certainty.co.th/blogs/read/%E0%B9%81%E0%B8...
2026-09-24 04:35:01 | INFO | ✓ 159/9000 | Queue: 169 | ✅ https://certainty.co.th/blogs/read/%E0%B8%A7%E0%B8...
2026-09-24 04:35:03 | INFO | ✓ 160/9000 | Queue: 134 | ✅ https://certainty.co.th/blogs/read/%E0%B8%A5%E0%B9...
2026-09-24 04:35:05 | INFO | ✓ 161/9000 | Queue: 136 | ✅ https://certainty.co.th/blogs/read/%E0%B8%AA%E0%B8...
2026-09-24 04:35:07 | INFO | ✓ 162/9000 | Queue: 138 | ✅ https://certainty.co.th/blogs/read/%E0%B8%9C%E0%B8...
2026-09-24 04:35:10 | INFO | ✓ 163/9000 | Queue: 140 | ✅ https://certainty.co.th/blogs/read/%E0%B8%A3%E0%B8...
2026-09-24 04:35:12 | INFO | ✓ 164/9000 | Queue: 142 | ✅ https://certainty.co.th/blogs/read/%E0%B9%80%E0%B8...
2026-09-24 04:35:14 | INFO | ✓ 165/9000 | Queue: 149 | ✅ https://certainty.co.th/blogs/read/%E0%B9%80%E0%B8...
2026-09-24 04:35:16 | INFO | ✓ 166/9000 | Queue: 155 | ✅ https://certainty.co.th/blogs/read/%E0%B8%AD%E0%B8...
2026-09-24 04:35:18 | INFO | ✓ 167/9000 | Queue: 157 | ✅ https://certainty.co.th/blogs/read/%E0%B9%80%E0%B8...
2026-09-24 04:35:20 | INFO | ✓ 168/9000 | Queue: 159 | ✅ https://certainty.co.th/blogs/read/%E0%B8%9B%E0%B8...
2026-09-24 04:35:22 | INFO | ✓ 169/9000 | Queue: 152 | ✅ https://certainty.co.th/blogs/read/5-%E0%B8%AA%E0%...
2026-09-24 04:35:23 | INFO | ✓ 170/9000 | Queue: 154 | ✅ https://certainty.co.th/blogs/read/%E0%B9%80%E0%B8...
2026-09-24 04:35:26 | INFO | ✓ 171/9000 | Queue: 156 | ✅ https://certainty.co.th/blogs/read/%E0%B8%AA%E0%B8...
2026-09-24 04:35:28 | INFO | ✓ 172/9000 | Queue: 158 | ✅ https://certainty.co.th/blogs/read/%E0%B9%80%E0%B8...
2026-09-24 04:35:30 | INFO | ✓ 173/9000 | Queue: 161 | ✅ https://certainty.co.th/blogs/read/3-%E0%B9%80%E0%...
2026-09-24 04:35:32 | INFO | ✓ 174/9000 | Queue: 165 | ✅ https://certainty.co.th/blogs/read/%E0%B9%80%E0%B8...
2026-09-24 04:35:34 | INFO | ✓ 175/9000 | Queue: 167 | ✅ https://certainty.co.th/blogs/read/%E0%B9%80%E0%B8...
2026-09-24 04:35:36 | INFO | ✓ 176/9000 | Queue: 169 | ✅ https://certainty.co.th/blogs/read/%E0%B8%9B%E0%B8...
2026-09-24 04:35:38 | INFO | ✓ 177/9000 | Queue: 173 | ✅ https://certainty.co.th/blogs/read/3-%E0%B9%80%E0%...
2026-09-24 04:35:40 | INFO | ✓ 178/9000 | Queue: 175 | ✅ https://certainty.co.th/blogs/read/4-%E0%B8%AA%E0%...
2026-09-24 04:35:42 | INFO | ✓ 179/9000 | Queue: 177 | ✅ https://certainty.co.th/blogs/read/8-%E0%B9%80%E0%...
2026-09-24 04:35:44 | INFO | ✓ 180/9000 | Queue: 183 | ✅ https://certainty.co.th/blogs/read/%E0%B8%9B%E0%B8...
2026-09-24 04:35:46 | INFO | ✓ 181/9000 | Queue: 185 | ✅ https://certainty.co.th/blogs/read/%E0%B8%A3%E0%B8...
2026-09-24 04:35:48 | INFO | ✓ 182/9000 | Queue: 187 | ✅ https://certainty.co.th/blogs/read/4-%E0%B8%A7%E0%...
2026-09-24 04:35:49 | INFO | ✓ 183/9000 | Queue: 189 | ✅ https://certainty.co.th/blogs/read/6-%E0%B9%80%E0%...
2026-09-24 04:35:52 | INFO | ✓ 184/9000 | Queue: 191 | ✅ https://certainty.co.th/blogs/read/6-%E0%B8%A7%E0%...
2026-09-24 04:35:54 | INFO | ✓ 185/9000 | Queue: 193 | ✅ https://certainty.co.th/blogs/read/4tips-%E0%B8%94...
2026-09-24 04:35:55 | INFO | ✓ 186/9000 | Queue: 195 | ✅ https://certainty.co.th/blogs/read/5-%E0%B9%80%E0%...
2026-09-24 04:35:57 | INFO | ✓ 187/9000 | Queue: 200 | ✅ https://certainty.co.th/blogs/read/6-%E0%B8%AD%E0%...
2026-09-24 04:35:59 | INFO | ✓ 188/9000 | Queue: 202 | ✅ https://certainty.co.th/blogs/read/%E0%B9%80%E0%B8...
2026-09-24 04:36:01 | INFO | ✓ 189/9000 | Queue: 204 | ✅ https://certainty.co.th/blogs/read/%E0%B8%A3%E0%B8...
2026-09-24 04:36:03 | INFO | ✓ 190/9000 | Queue: 206 | ✅ https://certainty.co.th/blogs/read/6-%E0%B9%80%E0%...
2026-09-24 04:36:06 | INFO | ✓ 191/9000 | Queue: 212 | ✅ https://certainty.co.th/blogs/read/6-%E0%B8%94%E0%...
2026-09-24 04:36:08 | INFO | ✓ 192/9000 | Queue: 214 | ✅ https://certainty.co.th/blogs/read/6-%E0%B9%82%E0%...
2026-09-24 04:36:10 | INFO | ✓ 193/9000 | Queue: 216 | ✅ https://certainty.co.th/blogs/read/6-%E0%B8%AA%E0%...
2026-09-24 04:36:12 | INFO | ✓ 194/9000 | Queue: 218 | ✅ https://certainty.co.th/blogs/read/%E0%B9%80%E0%B8...
2026-09-24 04:36:14 | INFO | ✓ 195/9000 | Queue: 222 | ✅ https://certainty.co.th/blogs/read/3-%E0%B9%80%E0%...
2026-09-24 04:36:16 | INFO | ✓ 196/9000 | Queue: 222 | ✅ https://certainty.co.th/blogs/13...
2026-09-24 04:36:18 | INFO | ✓ 197/9000 | Queue: 208 | ✅ https://certainty.co.th/faq/-2...
2026-09-24 04:36:20 | INFO | ✓ 198/9000 | Queue: 208 | ✅ https://certainty.co.th/faq/4...
2026-09-24 04:36:22 | INFO | ✓ 199/9000 | Queue: 208 | ✅ https://certainty.co.th/news-and-activities/-2...
2026-09-24 04:36:23 | INFO | ✓ 200/9000 | Queue: 183 | ✅ https://certainty.co.th/how_to_care_for_seniors/-3...
2026-09-24 04:36:23 | INFO | Checkpoint saved: 200 visited, 183 queued
2026-09-24 04:36:25 | INFO | ✓ 201/9000 | Queue: 185 | ✅ https://certainty.co.th/how_to_care_for_seniors/re...
2026-09-24 04:36:27 | INFO | ✓ 202/9000 | Queue: 187 | ✅ https://certainty.co.th/how_to_care_for_seniors/re...
2026-09-24 04:36:29 | INFO | ✓ 203/9000 | Queue: 188 | ✅ https://certainty.co.th/how_to_care_for_seniors/5...
2026-09-24 04:36:31 | INFO | ✓ 204/9000 | Queue: 188 | ✅ https://certainty.co.th/blogs/-3...
2026-09-24 04:36:34 | INFO | ✓ 205/9000 | Queue: 105 | ⚠️ https://certainty.co.th/blogs/read/howtobuy...
2026-09-24 04:36:36 | INFO | ✓ 206/9000 | Queue: 22 | ✅ https://certainty.co.th/blogs/14...
2026-09-24 04:36:38 | INFO | ✓ 207/9000 | Queue: 22 | ✅ https://certainty.co.th/faq/-3...
2026-09-24 04:36:40 | INFO | ✓ 208/9000 | Queue: 22 | ✅ https://certainty.co.th/faq/5...
2026-09-24 04:36:42 | INFO | ✓ 209/9000 | Queue: 22 | ✅ https://certainty.co.th/news-and-activities/-3...
2026-09-24 04:36:44 | INFO | ✓ 210/9000 | Queue: 22 | ✅ https://certainty.co.th/how_to_care_for_seniors/-4...
2026-09-24 04:36:45 | INFO | ✓ 211/9000 | Queue: 18 | ✅ https://certainty.co.th/how_to_care_for_seniors/re...
2026-09-24 04:36:47 | INFO | ✓ 212/9000 | Queue: 18 | ✅ https://certainty.co.th/how_to_care_for_seniors/6...
2026-09-24 04:36:50 | INFO | ✓ 213/9000 | Queue: 18 | ✅ https://certainty.co.th/blogs/-4...
2026-09-24 04:36:52 | INFO | ✓ 214/9000 | Queue: 18 | ✅ https://certainty.co.th/blogs/15...
2026-09-24 04:36:54 | INFO | ✓ 215/9000 | Queue: 18 | ✅ https://certainty.co.th/faq/-4...
2026-09-24 04:36:55 | INFO | ✓ 216/9000 | Queue: 18 | ✅ https://certainty.co.th/faq/6...
2026-09-24 04:36:57 | INFO | ✓ 217/9000 | Queue: 18 | ✅ https://certainty.co.th/news-and-activities/-4...
2026-09-24 04:36:59 | INFO | ✓ 218/9000 | Queue: 18 | ✅ https://certainty.co.th/how_to_care_for_seniors/-5...
2026-09-24 04:37:01 | INFO | ✓ 219/9000 | Queue: 15 | ✅ https://certainty.co.th/how_to_care_for_seniors/7...
2026-09-24 04:37:04 | INFO | ✓ 220/9000 | Queue: 15 | ✅ https://certainty.co.th/blogs/-5...
2026-09-24 04:37:05 | INFO | ✓ 221/9000 | Queue: 15 | ✅ https://certainty.co.th/blogs/16...
2026-09-24 04:37:08 | INFO | ✓ 222/9000 | Queue: 15 | ✅ https://certainty.co.th/faq/-5...
2026-09-24 04:37:10 | INFO | ✓ 223/9000 | Queue: 15 | ✅ https://certainty.co.th/faq/7...
2026-09-24 04:37:12 | INFO | ✓ 224/9000 | Queue: 15 | ✅ https://certainty.co.th/news-and-activities/-5...
2026-09-24 04:37:13 | INFO | ✓ 225/9000 | Queue: 15 | ✅ https://certainty.co.th/how_to_care_for_seniors/-6...
2026-09-24 04:37:15 | INFO | ✓ 226/9000 | Queue: 15 | ✅ https://certainty.co.th/how_to_care_for_seniors/8...
2026-09-24 04:37:18 | INFO | ✓ 227/9000 | Queue: 15 | ✅ https://certainty.co.th/blogs/-6...
2026-09-24 04:37:20 | INFO | ✓ 228/9000 | Queue: 15 | ✅ https://certainty.co.th/blogs/17...
2026-09-24 04:37:22 | INFO | ✓ 229/9000 | Queue: 15 | ✅ https://certainty.co.th/faq/-6...
2026-09-24 04:37:23 | INFO | ✓ 230/9000 | Queue: 15 | ✅ https://certainty.co.th/faq/8...
2026-09-24 04:37:26 | INFO | ✓ 231/9000 | Queue: 15 | ✅ https://certainty.co.th/news-and-activities/-6...
2026-09-24 04:37:28 | INFO | ✓ 232/9000 | Queue: 15 | ✅ https://certainty.co.th/how_to_care_for_seniors/-7...
2026-09-24 04:37:29 | INFO | ✓ 233/9000 | Queue: 15 | ✅ https://certainty.co.th/how_to_care_for_seniors/9...
2026-09-24 04:37:32 | INFO | ✓ 234/9000 | Queue: 15 | ✅ https://certainty.co.th/blogs/-7...
2026-09-24 04:37:33 | INFO | ✓ 235/9000 | Queue: 15 | ✅ https://certainty.co.th/blogs/18...
2026-09-24 04:37:35 | INFO | ✓ 236/9000 | Queue: 15 | ✅ https://certainty.co.th/faq/-7...
2026-09-24 04:37:37 | INFO | ✓ 237/9000 | Queue: 15 | ✅ https://certainty.co.th/faq/9...
2026-09-24 04:37:39 | INFO | ✓ 238/9000 | Queue: 15 | ✅ https://certainty.co.th/news-and-activities/-7...
2026-09-24 04:37:41 | INFO | ✓ 239/9000 | Queue: 15 | ✅ https://certainty.co.th/how_to_care_for_seniors/-8...
2026-09-24 04:37:43 | INFO | ✓ 240/9000 | Queue: 15 | ✅ https://certainty.co.th/how_to_care_for_seniors/10...
2026-09-24 04:37:45 | INFO | ✓ 241/9000 | Queue: 15 | ✅ https://certainty.co.th/blogs/-8...
2026-09-24 04:37:47 | INFO | ✓ 242/9000 | Queue: 15 | ✅ https://certainty.co.th/blogs/19...
2026-09-24 04:37:49 | INFO | ✓ 243/9000 | Queue: 15 | ✅ https://certainty.co.th/faq/-8...
2026-09-24 04:37:51 | INFO | ✓ 244/9000 | Queue: 15 | ✅ https://certainty.co.th/faq/10...
2026-09-24 04:37:53 | INFO | ✓ 245/9000 | Queue: 15 | ✅ https://certainty.co.th/news-and-activities/-8...
2026-09-24 04:37:54 | INFO | ✓ 246/9000 | Queue: 15 | ✅ https://certainty.co.th/how_to_care_for_seniors/-9...
2026-09-24 04:37:56 | INFO | ✓ 247/9000 | Queue: 15 | ✅ https://certainty.co.th/how_to_care_for_seniors/11...
2026-09-24 04:37:59 | INFO | ✓ 248/9000 | Queue: 15 | ✅ https://certainty.co.th/blogs/-9...
2026-09-24 04:38:01 | INFO | ✓ 249/9000 | Queue: 15 | ✅ https://certainty.co.th/blogs/20...
2026-09-24 04:38:03 | INFO | ✓ 250/9000 | Queue: 15 | ✅ https://certainty.co.th/faq/-9...
2026-09-24 04:38:05 | INFO | ✓ 251/9000 | Queue: 15 | ✅ https://certainty.co.th/faq/11...
2026-09-24 04:38:07 | INFO | ✓ 252/9000 | Queue: 15 | ✅ https://certainty.co.th/news-and-activities/-9...
2026-09-24 04:38:08 | INFO | ✓ 253/9000 | Queue: 15 | ✅ https://certainty.co.th/how_to_care_for_seniors/-1...
2026-09-24 04:38:10 | INFO | ✓ 254/9000 | Queue: 15 | ✅ https://certainty.co.th/how_to_care_for_seniors/12...
2026-09-24 04:38:12 | INFO | ✓ 255/9000 | Queue: 15 | ✅ https://certainty.co.th/blogs/-10...
2026-09-24 04:38:14 | INFO | ✓ 256/9000 | Queue: 15 | ✅ https://certainty.co.th/blogs/21...
2026-09-24 04:38:16 | INFO | ✓ 257/9000 | Queue: 15 | ✅ https://certainty.co.th/faq/-10...
2026-09-24 04:38:18 | INFO | ✓ 258/9000 | Queue: 15 | ✅ https://certainty.co.th/faq/12...
2026-09-24 04:38:20 | INFO | ✓ 259/9000 | Queue: 15 | ✅ https://certainty.co.th/news-and-activities/-10...
2026-09-24 04:38:22 | INFO | ✓ 260/9000 | Queue: 15 | ✅ https://certainty.co.th/how_to_care_for_seniors/-1...
2026-09-24 04:38:24 | INFO | ✓ 261/9000 | Queue: 15 | ✅ https://certainty.co.th/how_to_care_for_seniors/13...
2026-09-24 04:38:27 | INFO | ✓ 262/9000 | Queue: 15 | ✅ https://certainty.co.th/blogs/-11...
2026-09-24 04:38:29 | INFO | ✓ 263/9000 | Queue: 15 | ✅ https://certainty.co.th/blogs/22...
2026-09-24 04:38:30 | INFO | ✓ 264/9000 | Queue: 15 | ✅ https://certainty.co.th/faq/-11...
2026-09-24 04:38:33 | INFO | ✓ 265/9000 | Queue: 15 | ✅ https://certainty.co.th/faq/13...
2026-09-24 04:38:34 | INFO | ✓ 266/9000 | Queue: 15 | ✅ https://certainty.co.th/news-and-activities/-11...
2026-09-24 04:38:36 | INFO | ✓ 267/9000 | Queue: 15 | ✅ https://certainty.co.th/how_to_care_for_seniors/-1...
2026-09-24 04:38:38 | INFO | ✓ 268/9000 | Queue: 15 | ✅ https://certainty.co.th/how_to_care_for_seniors/14...
2026-09-24 04:38:40 | INFO | ✓ 269/9000 | Queue: 15 | ✅ https://certainty.co.th/blogs/-12...
2026-09-24 04:38:42 | INFO | ✓ 270/9000 | Queue: 15 | ✅ https://certainty.co.th/blogs/23...
2026-09-24 04:38:44 | INFO | ✓ 271/9000 | Queue: 15 | ✅ https://certainty.co.th/faq/-12...
2026-09-24 04:38:46 | INFO | ✓ 272/9000 | Queue: 15 | ✅ https://certainty.co.th/faq/14...
2026-09-24 04:38:48 | INFO | ✓ 273/9000 | Queue: 15 | ✅ https://certainty.co.th/news-and-activities/-12...
2026-09-24 04:38:50 | INFO | ✓ 274/9000 | Queue: 15 | ✅ https://certainty.co.th/how_to_care_for_seniors/-1...
2026-09-24 04:38:51 | INFO | ✓ 275/9000 | Queue: 15 | ✅ https://certainty.co.th/how_to_care_for_seniors/15...
2026-09-24 04:38:54 | INFO | ✓ 276/9000 | Queue: 15 | ✅ https://certainty.co.th/blogs/-13...
2026-09-24 04:38:56 | INFO | ✓ 277/9000 | Queue: 15 | ✅ https://certainty.co.th/blogs/24...
2026-09-24 04:38:58 | INFO | ✓ 278/9000 | Queue: 15 | ✅ https://certainty.co.th/faq/-13...
2026-09-24 04:39:00 | INFO | ✓ 279/9000 | Queue: 15 | ✅ https://certainty.co.th/faq/15...
2026-09-24 04:39:02 | INFO | ✓ 280/9000 | Queue: 15 | ✅ https://certainty.co.th/news-and-activities/-13...
2026-09-24 04:39:03 | INFO | ✓ 281/9000 | Queue: 15 | ✅ https://certainty.co.th/how_to_care_for_seniors/-1...
2026-09-24 04:39:05 | INFO | ✓ 282/9000 | Queue: 15 | ✅ https://certainty.co.th/how_to_care_for_seniors/16...
2026-09-24 04:39:08 | INFO | ✓ 283/9000 | Queue: 15 | ✅ https://certainty.co.th/blogs/-14...
2026-09-24 04:39:09 | INFO | ✓ 284/9000 | Queue: 15 | ✅ https://certainty.co.th/blogs/25...
2026-09-24 04:39:11 | INFO | ✓ 285/9000 | Queue: 15 | ✅ https://certainty.co.th/faq/-14...
2026-09-24 04:39:13 | INFO | ✓ 286/9000 | Queue: 15 | ✅ https://certainty.co.th/faq/16...
2026-09-24 04:39:15 | INFO | ✓ 287/9000 | Queue: 15 | ✅ https://certainty.co.th/news-and-activities/-14...
2026-09-24 04:39:17 | INFO | ✓ 288/9000 | Queue: 15 | ✅ https://certainty.co.th/how_to_care_for_seniors/-1...
2026-09-24 04:39:19 | INFO | ✓ 289/9000 | Queue: 15 | ✅ https://certainty.co.th/how_to_care_for_seniors/17...
2026-09-24 04:39:22 | INFO | ✓ 290/9000 | Queue: 15 | ✅ https://certainty.co.th/blogs/-15...
2026-09-24 04:39:23 | INFO | ✓ 291/9000 | Queue: 15 | ✅ https://certainty.co.th/blogs/26...
2026-09-24 04:39:25 | INFO | ✓ 292/9000 | Queue: 15 | ✅ https://certainty.co.th/faq/-15...
2026-09-24 04:39:27 | INFO | ✓ 293/9000 | Queue: 15 | ✅ https://certainty.co.th/faq/17...
2026-09-24 04:39:29 | INFO | ✓ 294/9000 | Queue: 15 | ✅ https://certainty.co.th/news-and-activities/-15...
2026-09-24 04:39:31 | INFO | ✓ 295/9000 | Queue: 15 | ✅ https://certainty.co.th/how_to_care_for_seniors/-1...
2026-09-24 04:39:33 | INFO | ✓ 296/9000 | Queue: 15 | ✅ https://certainty.co.th/how_to_care_for_seniors/18...
2026-09-24 04:39:35 | INFO | ✓ 297/9000 | Queue: 15 | ✅ https://certainty.co.th/blogs/-16...
2026-09-24 04:39:37 | INFO | ✓ 298/9000 | Queue: 15 | ✅ https://certainty.co.th/blogs/27...
2026-09-24 04:39:39 | INFO | ✓ 299/9000 | Queue: 15 | ✅ https://certainty.co.th/faq/-16...
2026-09-24 04:39:41 | INFO | ✓ 300/9000 | Queue: 15 | ✅ https://certainty.co.th/faq/18...
2026-09-24 04:39:41 | INFO | Checkpoint saved: 300 visited, 15 queued
2026-09-24 04:39:43 | INFO | ✓ 301/9000 | Queue: 15 | ✅ https://certainty.co.th/news-and-activities/-16...
2026-09-24 04:39:44 | INFO | ✓ 302/9000 | Queue: 15 | ✅ https://certainty.co.th/how_to_care_for_seniors/-1...
2026-09-24 04:39:46 | INFO | ✓ 303/9000 | Queue: 15 | ✅ https://certainty.co.th/how_to_care_for_seniors/19...
2026-09-24 04:39:49 | INFO | ✓ 304/9000 | Queue: 15 | ✅ https://certainty.co.th/blogs/-17...
2026-09-24 04:39:51 | INFO | ✓ 305/9000 | Queue: 15 | ✅ https://certainty.co.th/blogs/28...
2026-09-24 04:39:52 | INFO | ✓ 306/9000 | Queue: 15 | ✅ https://certainty.co.th/faq/-17...
2026-09-24 04:39:54 | INFO | ✓ 307/9000 | Queue: 15 | ✅ https://certainty.co.th/faq/19...
2026-09-24 04:39:58 | INFO | ✓ 308/9000 | Queue: 15 | ✅ https://certainty.co.th/news-and-activities/-17...
2026-09-24 04:40:00 | INFO | ✓ 309/9000 | Queue: 15 | ✅ https://certainty.co.th/how_to_care_for_seniors/-1...
2026-09-24 04:40:02 | INFO | ✓ 310/9000 | Queue: 15 | ✅ https://certainty.co.th/how_to_care_for_seniors/20...
2026-09-24 04:40:04 | INFO | ✓ 311/9000 | Queue: 15 | ✅ https://certainty.co.th/blogs/-18...
2026-09-24 04:40:06 | INFO | ✓ 312/9000 | Queue: 15 | ✅ https://certainty.co.th/blogs/29...
2026-09-24 04:40:09 | INFO | ✓ 313/9000 | Queue: 15 | ✅ https://certainty.co.th/faq/-18...
2026-09-24 04:40:10 | INFO | ✓ 314/9000 | Queue: 15 | ✅ https://certainty.co.th/faq/20...
2026-09-24 04:40:12 | INFO | ✓ 315/9000 | Queue: 15 | ✅ https://certainty.co.th/news-and-activities/-18...
2026-09-24 04:40:14 | INFO | ✓ 316/9000 | Queue: 15 | ✅ https://certainty.co.th/how_to_care_for_seniors/-1...
2026-09-24 04:40:16 | INFO | ✓ 317/9000 | Queue: 15 | ✅ https://certainty.co.th/how_to_care_for_seniors/21...
2026-09-24 04:40:19 | INFO | ✓ 318/9000 | Queue: 15 | ✅ https://certainty.co.th/blogs/-19...
2026-09-24 04:40:20 | INFO | ✓ 319/9000 | Queue: 15 | ✅ https://certainty.co.th/blogs/30...
2026-09-24 04:40:22 | INFO | ✓ 320/9000 | Queue: 15 | ✅ https://certainty.co.th/faq/-19...
2026-09-24 04:40:24 | INFO | ✓ 321/9000 | Queue: 15 | ✅ https://certainty.co.th/faq/21...
2026-09-24 04:40:26 | INFO | ✓ 322/9000 | Queue: 15 | ✅ https://certainty.co.th/news-and-activities/-19...
2026-09-24 04:40:28 | INFO | ✓ 323/9000 | Queue: 15 | ✅ https://certainty.co.th/how_to_care_for_seniors/-2...
2026-09-24 04:40:30 | INFO | ✓ 324/9000 | Queue: 15 | ✅ https://certainty.co.th/how_to_care_for_seniors/22...
2026-09-24 04:40:32 | INFO | ✓ 325/9000 | Queue: 15 | ✅ https://certainty.co.th/blogs/-20...
2026-09-24 04:40:34 | INFO | ✓ 326/9000 | Queue: 15 | ✅ https://certainty.co.th/blogs/31...
2026-09-24 04:40:36 | INFO | ✓ 327/9000 | Queue: 15 | ✅ https://certainty.co.th/faq/-20...
2026-09-24 04:40:38 | INFO | ✓ 328/9000 | Queue: 15 | ✅ https://certainty.co.th/faq/22...
2026-09-24 04:40:40 | INFO | ✓ 329/9000 | Queue: 15 | ✅ https://certainty.co.th/news-and-activities/-20...
2026-09-24 04:40:42 | INFO | ✓ 330/9000 | Queue: 15 | ✅ https://certainty.co.th/how_to_care_for_seniors/-2...
2026-09-24 04:40:43 | INFO | ✓ 331/9000 | Queue: 15 | ✅ https://certainty.co.th/how_to_care_for_seniors/23...
2026-09-24 04:40:46 | INFO | ✓ 332/9000 | Queue: 15 | ✅ https://certainty.co.th/blogs/-21...
2026-09-24 04:40:48 | INFO | ✓ 333/9000 | Queue: 15 | ✅ https://certainty.co.th/blogs/32...
2026-09-24 04:40:50 | INFO | ✓ 334/9000 | Queue: 15 | ✅ https://certainty.co.th/faq/-21...
2026-09-24 04:40:52 | INFO | ✓ 335/9000 | Queue: 15 | ✅ https://certainty.co.th/faq/23...
2026-09-24 04:40:54 | INFO | ✓ 336/9000 | Queue: 15 | ✅ https://certainty.co.th/news-and-activities/-21...
2026-09-24 04:40:56 | INFO | ✓ 337/9000 | Queue: 15 | ✅ https://certainty.co.th/how_to_care_for_seniors/-2...
2026-09-24 04:40:57 | INFO | ✓ 338/9000 | Queue: 15 | ✅ https://certainty.co.th/how_to_care_for_seniors/24...
2026-09-24 04:41:00 | INFO | ✓ 339/9000 | Queue: 15 | ✅ https://certainty.co.th/blogs/-22...
2026-09-24 04:41:02 | INFO | ✓ 340/9000 | Queue: 15 | ✅ https://certainty.co.th/blogs/33...
2026-09-24 04:41:05 | INFO | ✓ 341/9000 | Queue: 15 | ✅ https://certainty.co.th/faq/-22...
2026-09-24 04:41:07 | INFO | ✓ 342/9000 | Queue: 15 | ✅ https://certainty.co.th/faq/24...
2026-09-24 04:41:08 | INFO | ✓ 343/9000 | Queue: 15 | ✅ https://certainty.co.th/news-and-activities/-22...
2026-09-24 04:41:10 | INFO | ✓ 344/9000 | Queue: 15 | ✅ https://certainty.co.th/how_to_care_for_seniors/-2...
2026-09-24 04:41:12 | INFO | ✓ 345/9000 | Queue: 15 | ✅ https://certainty.co.th/how_to_care_for_seniors/25...
2026-09-24 04:41:15 | INFO | ✓ 346/9000 | Queue: 15 | ✅ https://certainty.co.th/blogs/-23...
2026-09-24 04:41:17 | INFO | ✓ 347/9000 | Queue: 15 | ✅ https://certainty.co.th/blogs/34...
2026-09-24 04:41:19 | INFO | ✓ 348/9000 | Queue: 15 | ✅ https://certainty.co.th/faq/-23...
2026-09-24 04:41:20 | INFO | ✓ 349/9000 | Queue: 15 | ✅ https://certainty.co.th/faq/25...
2026-09-24 04:41:23 | INFO | ✓ 350/9000 | Queue: 15 | ✅ https://certainty.co.th/news-and-activities/-23...
2026-09-24 04:41:25 | INFO | ✓ 351/9000 | Queue: 15 | ✅ https://certainty.co.th/how_to_care_for_seniors/-2...
2026-09-24 04:41:27 | INFO | ✓ 352/9000 | Queue: 15 | ✅ https://certainty.co.th/how_to_care_for_seniors/26...
2026-09-24 04:41:29 | INFO | ✓ 353/9000 | Queue: 15 | ✅ https://certainty.co.th/blogs/-24...
2026-09-24 04:41:31 | INFO | ✓ 354/9000 | Queue: 15 | ✅ https://certainty.co.th/blogs/35...
2026-09-24 04:41:33 | INFO | ✓ 355/9000 | Queue: 15 | ✅ https://certainty.co.th/faq/-24...
2026-09-24 04:41:35 | INFO | ✓ 356/9000 | Queue: 15 | ✅ https://certainty.co.th/faq/26...
2026-09-24 04:41:37 | INFO | ✓ 357/9000 | Queue: 15 | ✅ https://certainty.co.th/news-and-activities/-24...
2026-09-24 04:41:39 | INFO | ✓ 358/9000 | Queue: 15 | ✅ https://certainty.co.th/how_to_care_for_seniors/-2...
2026-09-24 04:41:41 | INFO | ✓ 359/9000 | Queue: 15 | ✅ https://certainty.co.th/how_to_care_for_seniors/27...
2026-09-24 04:41:44 | INFO | ✓ 360/9000 | Queue: 15 | ✅ https://certainty.co.th/blogs/-25...
2026-09-24 04:41:46 | INFO | ✓ 361/9000 | Queue: 15 | ✅ https://certainty.co.th/blogs/36...
2026-09-24 04:41:48 | INFO | ✓ 362/9000 | Queue: 15 | ✅ https://certainty.co.th/faq/-25...
2026-09-24 04:41:50 | INFO | ✓ 363/9000 | Queue: 15 | ✅ https://certainty.co.th/faq/27...
2026-09-24 04:41:52 | INFO | ✓ 364/9000 | Queue: 15 | ✅ https://certainty.co.th/news-and-activities/-25...
2026-09-24 04:41:53 | INFO | ✓ 365/9000 | Queue: 15 | ✅ https://certainty.co.th/how_to_care_for_seniors/-2...
2026-09-24 04:41:55 | INFO | ✓ 366/9000 | Queue: 15 | ✅ https://certainty.co.th/how_to_care_for_seniors/28...
2026-09-24 04:41:58 | INFO | ✓ 367/9000 | Queue: 15 | ✅ https://certainty.co.th/blogs/-26...
2026-09-24 04:42:00 | INFO | ✓ 368/9000 | Queue: 15 | ✅ https://certainty.co.th/blogs/37...
2026-09-24 04:42:02 | INFO | ✓ 369/9000 | Queue: 15 | ✅ https://certainty.co.th/faq/-26...
2026-09-24 04:42:04 | INFO | ✓ 370/9000 | Queue: 15 | ✅ https://certainty.co.th/faq/28...
2026-09-24 04:42:06 | INFO | ✓ 371/9000 | Queue: 15 | ✅ https://certainty.co.th/news-and-activities/-26...
2026-09-24 04:42:08 | INFO | ✓ 372/9000 | Queue: 15 | ✅ https://certainty.co.th/how_to_care_for_seniors/-2...
2026-09-24 04:42:10 | INFO | ✓ 373/9000 | Queue: 15 | ✅ https://certainty.co.th/how_to_care_for_seniors/29...
2026-09-24 04:42:13 | INFO | ✓ 374/9000 | Queue: 15 | ✅ https://certainty.co.th/blogs/-27...
2026-09-24 04:42:15 | INFO | ✓ 375/9000 | Queue: 15 | ✅ https://certainty.co.th/blogs/38...
2026-09-24 04:42:17 | INFO | ✓ 376/9000 | Queue: 15 | ✅ https://certainty.co.th/faq/-27...
2026-09-24 04:42:19 | INFO | ✓ 377/9000 | Queue: 15 | ✅ https://certainty.co.th/faq/29...
2026-09-24 04:42:21 | INFO | ✓ 378/9000 | Queue: 15 | ✅ https://certainty.co.th/news-and-activities/-27...
2026-09-24 04:42:22 | INFO | ✓ 379/9000 | Queue: 15 | ✅ https://certainty.co.th/how_to_care_for_seniors/-2...
2026-09-24 04:42:24 | INFO | ✓ 380/9000 | Queue: 15 | ✅ https://certainty.co.th/how_to_care_for_seniors/30...
2026-09-24 04:42:27 | INFO | ✓ 381/9000 | Queue: 15 | ✅ https://certainty.co.th/blogs/-28...
2026-09-24 04:42:29 | INFO | ✓ 382/9000 | Queue: 15 | ✅ https://certainty.co.th/blogs/39...
2026-09-24 04:42:31 | INFO | ✓ 383/9000 | Queue: 15 | ✅ https://certainty.co.th/faq/-28...
2026-09-24 04:42:33 | INFO | ✓ 384/9000 | Queue: 15 | ✅ https://certainty.co.th/faq/30...
2026-09-24 04:42:35 | INFO | ✓ 385/9000 | Queue: 15 | ✅ https://certainty.co.th/news-and-activities/-28...
2026-09-24 04:42:37 | INFO | ✓ 386/9000 | Queue: 15 | ✅ https://certainty.co.th/how_to_care_for_seniors/-2...
2026-09-24 04:42:39 | INFO | ✓ 387/9000 | Queue: 15 | ✅ https://certainty.co.th/how_to_care_for_seniors/31...
2026-09-24 04:42:41 | INFO | ✓ 388/9000 | Queue: 15 | ✅ https://certainty.co.th/blogs/-29...
2026-09-24 04:42:43 | INFO | ✓ 389/9000 | Queue: 15 | ✅ https://certainty.co.th/blogs/40...
2026-09-24 04:42:44 | INFO | ✓ 390/9000 | Queue: 15 | ✅ https://certainty.co.th/faq/-29...
2026-09-24 04:42:46 | INFO | ✓ 391/9000 | Queue: 15 | ✅ https://certainty.co.th/faq/31...
2026-09-24 04:42:48 | INFO | ✓ 392/9000 | Queue: 15 | ✅ https://certainty.co.th/news-and-activities/-29...
2026-09-24 04:42:50 | INFO | ✓ 393/9000 | Queue: 15 | ✅ https://certainty.co.th/how_to_care_for_seniors/-3...
2026-09-24 04:42:52 | INFO | ✓ 394/9000 | Queue: 15 | ✅ https://certainty.co.th/how_to_care_for_seniors/32...
2026-09-24 04:42:55 | INFO | ✓ 395/9000 | Queue: 15 | ✅ https://certainty.co.th/blogs/-30...
2026-09-24 04:42:57 | INFO | ✓ 396/9000 | Queue: 15 | ✅ https://certainty.co.th/blogs/41...
2026-09-24 04:42:59 | INFO | ✓ 397/9000 | Queue: 15 | ✅ https://certainty.co.th/faq/-30...
2026-09-24 04:43:01 | INFO | ✓ 398/9000 | Queue: 15 | ✅ https://certainty.co.th/faq/32...
2026-09-24 04:43:03 | INFO | ✓ 399/9000 | Queue: 15 | ✅ https://certainty.co.th/news-and-activities/-30...
2026-09-24 04:43:05 | INFO | ✓ 400/9000 | Queue: 15 | ✅ https://certainty.co.th/how_to_care_for_seniors/-3...
2026-09-24 04:43:05 | INFO | Checkpoint saved: 400 visited, 15 queued
2026-09-24 04:43:06 | INFO | ✓ 401/9000 | Queue: 15 | ✅ https://certainty.co.th/how_to_care_for_seniors/33...
2026-09-24 04:43:09 | INFO | ✓ 402/9000 | Queue: 15 | ✅ https://certainty.co.th/blogs/-31...
2026-09-24 04:43:11 | INFO | ✓ 403/9000 | Queue: 15 | ✅ https://certainty.co.th/blogs/42...
2026-09-24 04:43:13 | INFO | ✓ 404/9000 | Queue: 15 | ✅ https://certainty.co.th/faq/-31...
2026-09-24 04:43:15 | INFO | ✓ 405/9000 | Queue: 15 | ✅ https://certainty.co.th/faq/33...
2026-09-24 04:43:17 | INFO | ✓ 406/9000 | Queue: 15 | ✅ https://certainty.co.th/news-and-activities/-31...
2026-09-24 04:43:19 | INFO | ✓ 407/9000 | Queue: 15 | ✅ https://certainty.co.th/how_to_care_for_seniors/-3...
2026-09-24 04:43:20 | INFO | ✓ 408/9000 | Queue: 15 | ✅ https://certainty.co.th/how_to_care_for_seniors/34...
2026-09-24 04:43:23 | INFO | ✓ 409/9000 | Queue: 15 | ✅ https://certainty.co.th/blogs/-32...
2026-09-24 04:43:25 | INFO | ✓ 410/9000 | Queue: 15 | ✅ https://certainty.co.th/blogs/43...
2026-09-24 04:43:26 | INFO | ✓ 411/9000 | Queue: 15 | ✅ https://certainty.co.th/faq/-32...
2026-09-24 04:43:28 | INFO | ✓ 412/9000 | Queue: 15 | ✅ https://certainty.co.th/faq/34...
2026-09-24 04:43:30 | INFO | ✓ 413/9000 | Queue: 15 | ✅ https://certainty.co.th/news-and-activities/-32...
2026-09-24 04:43:32 | INFO | ✓ 414/9000 | Queue: 15 | ✅ https://certainty.co.th/how_to_care_for_seniors/-3...
2026-09-24 04:43:34 | INFO | ✓ 415/9000 | Queue: 15 | ✅ https://certainty.co.th/how_to_care_for_seniors/35...
2026-09-24 04:43:36 | INFO | ✓ 416/9000 | Queue: 15 | ✅ https://certainty.co.th/blogs/-33...
2026-09-24 04:43:38 | INFO | ✓ 417/9000 | Queue: 15 | ✅ https://certainty.co.th/blogs/44...
2026-09-24 04:43:40 | INFO | ✓ 418/9000 | Queue: 15 | ✅ https://certainty.co.th/faq/-33...
2026-09-24 04:43:42 | INFO | ✓ 419/9000 | Queue: 15 | ✅ https://certainty.co.th/faq/35...
2026-09-24 04:43:43 | INFO | ✓ 420/9000 | Queue: 15 | ✅ https://certainty.co.th/news-and-activities/-33...
2026-09-24 04:43:45 | INFO | ✓ 421/9000 | Queue: 15 | ✅ https://certainty.co.th/how_to_care_for_seniors/-3...
2026-09-24 04:43:47 | INFO | ✓ 422/9000 | Queue: 15 | ✅ https://certainty.co.th/how_to_care_for_seniors/36...
2026-09-24 04:43:49 | INFO | ✓ 423/9000 | Queue: 15 | ✅ https://certainty.co.th/blogs/-34...
2026-09-24 04:43:51 | INFO | ✓ 424/9000 | Queue: 15 | ✅ https://certainty.co.th/blogs/45...
2026-09-24 04:43:53 | INFO | ✓ 425/9000 | Queue: 15 | ✅ https://certainty.co.th/faq/-34...
2026-09-24 04:43:55 | INFO | ✓ 426/9000 | Queue: 15 | ✅ https://certainty.co.th/faq/36...
2026-09-24 04:43:58 | INFO | ✓ 427/9000 | Queue: 15 | ✅ https://certainty.co.th/news-and-activities/-34...
2026-09-24 04:43:59 | INFO | ✓ 428/9000 | Queue: 15 | ✅ https://certainty.co.th/how_to_care_for_seniors/-3...
2026-09-24 04:44:01 | INFO | ✓ 429/9000 | Queue: 15 | ✅ https://certainty.co.th/how_to_care_for_seniors/37...
2026-09-24 04:44:04 | INFO | ✓ 430/9000 | Queue: 15 | ✅ https://certainty.co.th/blogs/-35...
2026-09-24 04:44:06 | INFO | ✓ 431/9000 | Queue: 15 | ✅ https://certainty.co.th/blogs/46...
2026-09-24 04:44:08 | INFO | ✓ 432/9000 | Queue: 15 | ✅ https://certainty.co.th/faq/-35...
2026-09-24 04:44:10 | INFO | ✓ 433/9000 | Queue: 15 | ✅ https://certainty.co.th/faq/37...
2026-09-24 04:44:12 | INFO | ✓ 434/9000 | Queue: 15 | ✅ https://certainty.co.th/news-and-activities/-35...
2026-09-24 04:44:14 | INFO | ✓ 435/9000 | Queue: 15 | ✅ https://certainty.co.th/how_to_care_for_seniors/-3...
2026-09-24 04:44:16 | INFO | ✓ 436/9000 | Queue: 15 | ✅ https://certainty.co.th/how_to_care_for_seniors/38...
2026-09-24 04:44:18 | INFO | ✓ 437/9000 | Queue: 15 | ✅ https://certainty.co.th/blogs/-36...
2026-09-24 04:44:20 | INFO | ✓ 438/9000 | Queue: 15 | ✅ https://certainty.co.th/blogs/47...
2026-09-24 04:44:22 | INFO | ✓ 439/9000 | Queue: 15 | ✅ https://certainty.co.th/faq/-36...
2026-09-24 04:44:24 | INFO | ✓ 440/9000 | Queue: 15 | ✅ https://certainty.co.th/faq/38...
2026-09-24 04:44:27 | INFO | ✓ 441/9000 | Queue: 15 | ✅ https://certainty.co.th/news-and-activities/-36...
2026-09-24 04:44:29 | INFO | ✓ 442/9000 | Queue: 15 | ✅ https://certainty.co.th/how_to_care_for_seniors/-3...
2026-09-24 04:44:31 | INFO | ✓ 443/9000 | Queue: 15 | ✅ https://certainty.co.th/how_to_care_for_seniors/39...
2026-09-24 04:44:33 | INFO | ✓ 444/9000 | Queue: 15 | ✅ https://certainty.co.th/blogs/-37...
2026-09-24 04:44:35 | INFO | ✓ 445/9000 | Queue: 15 | ✅ https://certainty.co.th/blogs/48...
2026-09-24 04:44:37 | INFO | ✓ 446/9000 | Queue: 15 | ✅ https://certainty.co.th/faq/-37...
2026-09-24 04:44:39 | INFO | ✓ 447/9000 | Queue: 15 | ✅ https://certainty.co.th/faq/39...
2026-09-24 04:44:40 | INFO | ✓ 448/9000 | Queue: 15 | ✅ https://certainty.co.th/news-and-activities/-37...
2026-09-24 04:44:42 | INFO | ✓ 449/9000 | Queue: 15 | ✅ https://certainty.co.th/how_to_care_for_seniors/-3...
2026-09-24 04:44:44 | INFO | ✓ 450/9000 | Queue: 15 | ✅ https://certainty.co.th/how_to_care_for_seniors/40...
2026-09-24 04:44:46 | INFO | ✓ 451/9000 | Queue: 15 | ✅ https://certainty.co.th/blogs/-38...
2026-09-24 04:44:48 | INFO | ✓ 452/9000 | Queue: 15 | ✅ https://certainty.co.th/blogs/49...
2026-09-24 04:44:50 | INFO | ✓ 453/9000 | Queue: 15 | ✅ https://certainty.co.th/faq/-38...
2026-09-24 04:44:52 | INFO | ✓ 454/9000 | Queue: 15 | ✅ https://certainty.co.th/faq/40...
2026-09-24 04:44:54 | INFO | ✓ 455/9000 | Queue: 15 | ✅ https://certainty.co.th/news-and-activities/-38...
2026-09-24 04:44:56 | INFO | ✓ 456/9000 | Queue: 15 | ✅ https://certainty.co.th/how_to_care_for_seniors/-3...
2026-09-24 04:44:58 | INFO | ✓ 457/9000 | Queue: 15 | ✅ https://certainty.co.th/how_to_care_for_seniors/41...
2026-09-24 04:45:00 | INFO | ✓ 458/9000 | Queue: 15 | ✅ https://certainty.co.th/blogs/-39...
2026-09-24 04:45:02 | INFO | ✓ 459/9000 | Queue: 15 | ✅ https://certainty.co.th/blogs/50...
2026-09-24 04:45:04 | INFO | ✓ 460/9000 | Queue: 15 | ✅ https://certainty.co.th/faq/-39...
2026-09-24 04:45:06 | INFO | ✓ 461/9000 | Queue: 15 | ✅ https://certainty.co.th/faq/41...
2026-09-24 04:45:07 | INFO | ✓ 462/9000 | Queue: 15 | ✅ https://certainty.co.th/news-and-activities/-39...
2026-09-24 04:45:09 | INFO | ✓ 463/9000 | Queue: 15 | ✅ https://certainty.co.th/how_to_care_for_seniors/-4...
2026-09-24 04:45:11 | INFO | ✓ 464/9000 | Queue: 15 | ✅ https://certainty.co.th/how_to_care_for_seniors/42...
2026-09-24 04:45:14 | INFO | ✓ 465/9000 | Queue: 15 | ✅ https://certainty.co.th/blogs/-40...
2026-09-24 04:45:16 | INFO | ✓ 466/9000 | Queue: 15 | ✅ https://certainty.co.th/blogs/51...
2026-09-24 04:45:18 | INFO | ✓ 467/9000 | Queue: 15 | ✅ https://certainty.co.th/faq/-40...
2026-09-24 04:45:19 | INFO | ✓ 468/9000 | Queue: 15 | ✅ https://certainty.co.th/faq/42...
2026-09-24 04:45:21 | INFO | ✓ 469/9000 | Queue: 15 | ✅ https://certainty.co.th/news-and-activities/-40...
2026-09-24 04:45:23 | INFO | ✓ 470/9000 | Queue: 15 | ✅ https://certainty.co.th/how_to_care_for_seniors/-4...
2026-09-24 04:45:25 | INFO | ✓ 471/9000 | Queue: 15 | ✅ https://certainty.co.th/how_to_care_for_seniors/43...
2026-09-24 04:45:28 | INFO | ✓ 472/9000 | Queue: 15 | ✅ https://certainty.co.th/blogs/-41...
2026-09-24 04:45:29 | INFO | ✓ 473/9000 | Queue: 15 | ✅ https://certainty.co.th/blogs/52...
2026-09-24 04:45:31 | INFO | ✓ 474/9000 | Queue: 15 | ✅ https://certainty.co.th/faq/-41...
2026-09-24 04:45:33 | INFO | ✓ 475/9000 | Queue: 15 | ✅ https://certainty.co.th/faq/43...
2026-09-24 04:45:35 | INFO | ✓ 476/9000 | Queue: 15 | ✅ https://certainty.co.th/news-and-activities/-41...
2026-09-24 04:45:37 | INFO | ✓ 477/9000 | Queue: 15 | ✅ https://certainty.co.th/how_to_care_for_seniors/-4...
2026-09-24 04:45:39 | INFO | ✓ 478/9000 | Queue: 15 | ✅ https://certainty.co.th/how_to_care_for_seniors/44...
2026-09-24 04:45:42 | INFO | ✓ 479/9000 | Queue: 15 | ✅ https://certainty.co.th/blogs/-42...
2026-09-24 04:45:43 | INFO | ✓ 480/9000 | Queue: 15 | ✅ https://certainty.co.th/blogs/53...
2026-09-24 04:45:45 | INFO | ✓ 481/9000 | Queue: 15 | ✅ https://certainty.co.th/faq/-42...
2026-09-24 04:45:47 | INFO | ✓ 482/9000 | Queue: 15 | ✅ https://certainty.co.th/faq/44...
2026-09-24 04:45:49 | INFO | ✓ 483/9000 | Queue: 15 | ✅ https://certainty.co.th/news-and-activities/-42...
2026-09-24 04:45:51 | INFO | ✓ 484/9000 | Queue: 15 | ✅ https://certainty.co.th/how_to_care_for_seniors/-4...
2026-09-24 04:45:53 | INFO | ✓ 485/9000 | Queue: 15 | ✅ https://certainty.co.th/how_to_care_for_seniors/45...
2026-09-24 04:45:55 | INFO | ✓ 486/9000 | Queue: 15 | ✅ https://certainty.co.th/blogs/-43...
2026-09-24 04:45:57 | INFO | ✓ 487/9000 | Queue: 15 | ✅ https://certainty.co.th/blogs/54...
2026-09-24 04:45:59 | INFO | ✓ 488/9000 | Queue: 15 | ✅ https://certainty.co.th/faq/-43...
2026-09-24 04:46:01 | INFO | ✓ 489/9000 | Queue: 15 | ✅ https://certainty.co.th/faq/45...
2026-09-24 04:46:04 | INFO | ✓ 490/9000 | Queue: 15 | ✅ https://certainty.co.th/news-and-activities/-43...
2026-09-24 04:46:06 | INFO | ✓ 491/9000 | Queue: 15 | ✅ https://certainty.co.th/how_to_care_for_seniors/-4...
2026-09-24 04:46:08 | INFO | ✓ 492/9000 | Queue: 15 | ✅ https://certainty.co.th/how_to_care_for_seniors/46...
2026-09-24 04:46:10 | INFO | ✓ 493/9000 | Queue: 15 | ✅ https://certainty.co.th/blogs/-44...
2026-09-24 04:46:13 | INFO | ✓ 494/9000 | Queue: 15 | ✅ https://certainty.co.th/blogs/55...
2026-09-24 04:46:14 | INFO | ✓ 495/9000 | Queue: 15 | ✅ https://certainty.co.th/faq/-44...
2026-09-24 04:46:17 | INFO | ✓ 496/9000 | Queue: 15 | ✅ https://certainty.co.th/faq/46...
2026-09-24 04:46:19 | INFO | ✓ 497/9000 | Queue: 15 | ✅ https://certainty.co.th/news-and-activities/-44...
2026-09-24 04:46:21 | INFO | ✓ 498/9000 | Queue: 15 | ✅ https://certainty.co.th/how_to_care_for_seniors/-4...
2026-09-24 04:46:23 | INFO | ✓ 499/9000 | Queue: 15 | ✅ https://certainty.co.th/how_to_care_for_seniors/47...
2026-09-24 04:46:25 | INFO | ✓ 500/9000 | Queue: 15 | ✅ https://certainty.co.th/blogs/-45...
2026-09-24 04:46:25 | INFO | Checkpoint saved: 500 visited, 15 queued
2026-09-24 04:46:26 | INFO | ✓ 501/9000 | Queue: 15 | ✅ https://certainty.co.th/blogs/56...
2026-09-24 04:46:29 | INFO | ✓ 502/9000 | Queue: 15 | ✅ https://certainty.co.th/faq/-45...
2026-09-24 04:46:30 | INFO | ✓ 503/9000 | Queue: 15 | ✅ https://certainty.co.th/faq/47...
2026-09-24 04:46:32 | INFO | ✓ 504/9000 | Queue: 15 | ✅ https://certainty.co.th/news-and-activities/-45...
2026-09-24 04:46:34 | INFO | ✓ 505/9000 | Queue: 15 | ✅ https://certainty.co.th/how_to_care_for_seniors/-4...
2026-09-24 04:46:36 | INFO | ✓ 506/9000 | Queue: 15 | ✅ https://certainty.co.th/how_to_care_for_seniors/48...
2026-09-24 04:46:38 | INFO | ✓ 507/9000 | Queue: 15 | ✅ https://certainty.co.th/blogs/-46...
2026-09-24 04:46:40 | INFO | ✓ 508/9000 | Queue: 15 | ✅ https://certainty.co.th/blogs/57...
2026-09-24 04:46:42 | INFO | ✓ 509/9000 | Queue: 15 | ✅ https://certainty.co.th/faq/-46...
2026-09-24 04:46:44 | INFO | ✓ 510/9000 | Queue: 15 | ✅ https://certainty.co.th/faq/48...
2026-09-24 04:46:46 | INFO | ✓ 511/9000 | Queue: 15 | ✅ https://certainty.co.th/news-and-activities/-46...
2026-09-24 04:46:48 | INFO | ✓ 512/9000 | Queue: 15 | ✅ https://certainty.co.th/how_to_care_for_seniors/-4...
2026-09-24 04:46:50 | INFO | ✓ 513/9000 | Queue: 15 | ✅ https://certainty.co.th/how_to_care_for_seniors/49...
2026-09-24 04:46:53 | INFO | ✓ 514/9000 | Queue: 15 | ✅ https://certainty.co.th/blogs/-47...
2026-09-24 04:46:55 | INFO | ✓ 515/9000 | Queue: 15 | ✅ https://certainty.co.th/blogs/58...
2026-09-24 04:46:57 | INFO | ✓ 516/9000 | Queue: 15 | ✅ https://certainty.co.th/faq/-47...
2026-09-24 04:46:58 | INFO | ✓ 517/9000 | Queue: 15 | ✅ https://certainty.co.th/faq/49...
2026-09-24 04:47:00 | INFO | ✓ 518/9000 | Queue: 15 | ✅ https://certainty.co.th/news-and-activities/-47...
2026-09-24 04:47:02 | INFO | ✓ 519/9000 | Queue: 15 | ✅ https://certainty.co.th/how_to_care_for_seniors/-4...
2026-09-24 04:47:04 | INFO | ✓ 520/9000 | Queue: 15 | ✅ https://certainty.co.th/how_to_care_for_seniors/50...
2026-09-24 04:47:06 | INFO | ✓ 521/9000 | Queue: 15 | ✅ https://certainty.co.th/blogs/-48...
2026-09-24 04:47:08 | INFO | ✓ 522/9000 | Queue: 15 | ✅ https://certainty.co.th/blogs/59...
2026-09-24 04:47:10 | INFO | ✓ 523/9000 | Queue: 15 | ✅ https://certainty.co.th/faq/-48...
2026-09-24 04:47:12 | INFO | ✓ 524/9000 | Queue: 15 | ✅ https://certainty.co.th/faq/50...
2026-09-24 04:47:14 | INFO | ✓ 525/9000 | Queue: 15 | ✅ https://certainty.co.th/news-and-activities/-48...
2026-09-24 04:47:16 | INFO | ✓ 526/9000 | Queue: 15 | ✅ https://certainty.co.th/how_to_care_for_seniors/-4...
2026-09-24 04:47:17 | INFO | ✓ 527/9000 | Queue: 15 | ✅ https://certainty.co.th/how_to_care_for_seniors/51...
2026-09-24 04:47:20 | INFO | ✓ 528/9000 | Queue: 15 | ✅ https://certainty.co.th/blogs/-49...
2026-09-24 04:47:22 | INFO | ✓ 529/9000 | Queue: 15 | ✅ https://certainty.co.th/blogs/60...
2026-09-24 04:47:24 | INFO | ✓ 530/9000 | Queue: 15 | ✅ https://certainty.co.th/faq/-49...
2026-09-24 04:47:25 | INFO | ✓ 531/9000 | Queue: 15 | ✅ https://certainty.co.th/faq/51...
2026-09-24 04:47:28 | INFO | ✓ 532/9000 | Queue: 15 | ✅ https://certainty.co.th/news-and-activities/-49...
2026-09-24 04:47:29 | INFO | ✓ 533/9000 | Queue: 15 | ✅ https://certainty.co.th/how_to_care_for_seniors/-5...
2026-09-24 04:47:31 | INFO | ✓ 534/9000 | Queue: 15 | ✅ https://certainty.co.th/how_to_care_for_seniors/52...
2026-09-24 04:47:34 | INFO | ✓ 535/9000 | Queue: 15 | ✅ https://certainty.co.th/blogs/-50...
2026-09-24 04:47:35 | INFO | ✓ 536/9000 | Queue: 15 | ✅ https://certainty.co.th/blogs/61...
2026-09-24 04:47:37 | INFO | ✓ 537/9000 | Queue: 15 | ✅ https://certainty.co.th/faq/-50...
2026-09-24 04:47:39 | INFO | ✓ 538/9000 | Queue: 15 | ✅ https://certainty.co.th/faq/52...
2026-09-24 04:47:41 | INFO | ✓ 539/9000 | Queue: 15 | ✅ https://certainty.co.th/news-and-activities/-50...
2026-09-24 04:47:43 | INFO | ✓ 540/9000 | Queue: 15 | ✅ https://certainty.co.th/how_to_care_for_seniors/-5...
2026-09-24 04:47:45 | INFO | ✓ 541/9000 | Queue: 15 | ✅ https://certainty.co.th/how_to_care_for_seniors/53...
2026-09-24 04:47:48 | INFO | ✓ 542/9000 | Queue: 15 | ✅ https://certainty.co.th/blogs/-51...
2026-09-24 04:47:49 | INFO | ✓ 543/9000 | Queue: 15 | ✅ https://certainty.co.th/blogs/62...
2026-09-24 04:47:51 | INFO | ✓ 544/9000 | Queue: 15 | ✅ https://certainty.co.th/faq/-51...
2026-09-24 04:47:53 | INFO | ✓ 545/9000 | Queue: 15 | ✅ https://certainty.co.th/faq/53...
2026-09-24 04:47:55 | INFO | ✓ 546/9000 | Queue: 15 | ✅ https://certainty.co.th/news-and-activities/-51...
2026-09-24 04:47:57 | INFO | ✓ 547/9000 | Queue: 15 | ✅ https://certainty.co.th/how_to_care_for_seniors/-5...
2026-09-24 04:47:59 | INFO | ✓ 548/9000 | Queue: 15 | ✅ https://certainty.co.th/how_to_care_for_seniors/54...
2026-09-24 04:48:01 | INFO | ✓ 549/9000 | Queue: 15 | ✅ https://certainty.co.th/blogs/-52...
2026-09-24 04:48:03 | INFO | ✓ 550/9000 | Queue: 15 | ✅ https://certainty.co.th/blogs/63...
2026-09-24 04:48:05 | INFO | ✓ 551/9000 | Queue: 15 | ✅ https://certainty.co.th/faq/-52...
2026-09-24 04:48:07 | INFO | ✓ 552/9000 | Queue: 15 | ✅ https://certainty.co.th/faq/54...
2026-09-24 04:48:09 | INFO | ✓ 553/9000 | Queue: 15 | ✅ https://certainty.co.th/news-and-activities/-52...
2026-09-24 04:48:11 | INFO | ✓ 554/9000 | Queue: 15 | ✅ https://certainty.co.th/how_to_care_for_seniors/-5...
2026-09-24 04:48:12 | INFO | ✓ 555/9000 | Queue: 15 | ✅ https://certainty.co.th/how_to_care_for_seniors/55...
2026-09-24 04:48:15 | INFO | ✓ 556/9000 | Queue: 15 | ✅ https://certainty.co.th/blogs/-53...
2026-09-24 04:48:17 | INFO | ✓ 557/9000 | Queue: 15 | ✅ https://certainty.co.th/blogs/64...
2026-09-24 04:48:18 | INFO | ✓ 558/9000 | Queue: 15 | ✅ https://certainty.co.th/faq/-53...
2026-09-24 04:48:21 | INFO | ✓ 559/9000 | Queue: 15 | ✅ https://certainty.co.th/faq/55...
2026-09-24 04:48:22 | INFO | ✓ 560/9000 | Queue: 15 | ✅ https://certainty.co.th/news-and-activities/-53...
2026-09-24 04:48:24 | INFO | ✓ 561/9000 | Queue: 15 | ✅ https://certainty.co.th/how_to_care_for_seniors/-5...
2026-09-24 04:48:26 | INFO | ✓ 562/9000 | Queue: 15 | ✅ https://certainty.co.th/how_to_care_for_seniors/56...
2026-09-24 04:48:28 | INFO | ✓ 563/9000 | Queue: 15 | ✅ https://certainty.co.th/blogs/-54...
2026-09-24 04:48:30 | INFO | ✓ 564/9000 | Queue: 15 | ✅ https://certainty.co.th/blogs/65...
2026-09-24 04:48:32 | INFO | ✓ 565/9000 | Queue: 15 | ✅ https://certainty.co.th/faq/-54...
2026-09-24 04:48:34 | INFO | ✓ 566/9000 | Queue: 15 | ✅ https://certainty.co.th/faq/56...
2026-09-24 04:48:36 | INFO | ✓ 567/9000 | Queue: 15 | ✅ https://certainty.co.th/news-and-activities/-54...
2026-09-24 04:48:37 | INFO | ✓ 568/9000 | Queue: 15 | ✅ https://certainty.co.th/how_to_care_for_seniors/-5...
2026-09-24 04:48:39 | INFO | ✓ 569/9000 | Queue: 15 | ✅ https://certainty.co.th/how_to_care_for_seniors/57...
2026-09-24 04:48:42 | INFO | ✓ 570/9000 | Queue: 15 | ✅ https://certainty.co.th/blogs/-55...
2026-09-24 04:48:44 | INFO | ✓ 571/9000 | Queue: 15 | ✅ https://certainty.co.th/blogs/66...
2026-09-24 04:48:46 | INFO | ✓ 572/9000 | Queue: 15 | ✅ https://certainty.co.th/faq/-55...
2026-09-24 04:48:48 | INFO | ✓ 573/9000 | Queue: 15 | ✅ https://certainty.co.th/faq/57...
2026-09-24 04:48:50 | INFO | ✓ 574/9000 | Queue: 15 | ✅ https://certainty.co.th/news-and-activities/-55...
2026-09-24 04:48:52 | INFO | ✓ 575/9000 | Queue: 15 | ✅ https://certainty.co.th/how_to_care_for_seniors/-5...
2026-09-24 04:48:53 | INFO | ✓ 576/9000 | Queue: 15 | ✅ https://certainty.co.th/how_to_care_for_seniors/58...
2026-09-24 04:48:56 | INFO | ✓ 577/9000 | Queue: 15 | ✅ https://certainty.co.th/blogs/-56...
2026-09-24 04:48:58 | INFO | ✓ 578/9000 | Queue: 15 | ✅ https://certainty.co.th/blogs/67...
2026-09-24 04:49:02 | INFO | ✓ 579/9000 | Queue: 15 | ✅ https://certainty.co.th/faq/-56...
2026-09-24 04:49:03 | INFO | ✓ 580/9000 | Queue: 15 | ✅ https://certainty.co.th/faq/58...
2026-09-24 04:49:06 | INFO | ✓ 581/9000 | Queue: 15 | ✅ https://certainty.co.th/news-and-activities/-56...
2026-09-24 04:49:07 | INFO | ✓ 582/9000 | Queue: 15 | ✅ https://certainty.co.th/how_to_care_for_seniors/-5...
2026-09-24 04:49:09 | INFO | ✓ 583/9000 | Queue: 15 | ✅ https://certainty.co.th/how_to_care_for_seniors/59...
2026-09-24 04:49:11 | INFO | ✓ 584/9000 | Queue: 15 | ✅ https://certainty.co.th/blogs/-57...
2026-09-24 04:49:13 | INFO | ✓ 585/9000 | Queue: 15 | ✅ https://certainty.co.th/blogs/68...
2026-09-24 04:49:15 | INFO | ✓ 586/9000 | Queue: 15 | ✅ https://certainty.co.th/faq/-57...
2026-09-24 04:49:17 | INFO | ✓ 587/9000 | Queue: 15 | ✅ https://certainty.co.th/faq/59...
2026-09-24 04:49:19 | INFO | ✓ 588/9000 | Queue: 15 | ✅ https://certainty.co.th/news-and-activities/-57...
2026-09-24 04:49:21 | INFO | ✓ 589/9000 | Queue: 15 | ✅ https://certainty.co.th/how_to_care_for_seniors/-5...
2026-09-24 04:49:22 | INFO | ✓ 590/9000 | Queue: 15 | ✅ https://certainty.co.th/how_to_care_for_seniors/60...
2026-09-24 04:49:25 | INFO | ✓ 591/9000 | Queue: 15 | ✅ https://certainty.co.th/blogs/-58...
2026-09-24 04:49:27 | INFO | ✓ 592/9000 | Queue: 15 | ✅ https://certainty.co.th/blogs/69...
2026-09-24 04:49:29 | INFO | ✓ 593/9000 | Queue: 15 | ✅ https://certainty.co.th/faq/-58...
2026-09-24 04:49:31 | INFO | ✓ 594/9000 | Queue: 15 | ✅ https://certainty.co.th/faq/60...
2026-09-24 04:49:33 | INFO | ✓ 595/9000 | Queue: 15 | ✅ https://certainty.co.th/news-and-activities/-58...
2026-09-24 04:49:35 | INFO | ✓ 596/9000 | Queue: 15 | ✅ https://certainty.co.th/how_to_care_for_seniors/-5...
2026-09-24 04:49:36 | INFO | ✓ 597/9000 | Queue: 15 | ✅ https://certainty.co.th/how_to_care_for_seniors/61...
2026-09-24 04:49:39 | INFO | ✓ 598/9000 | Queue: 15 | ✅ https://certainty.co.th/blogs/-59...
2026-09-24 04:49:40 | INFO | ✓ 599/9000 | Queue: 15 | ✅ https://certainty.co.th/blogs/70...
2026-09-24 04:49:42 | INFO | ✓ 600/9000 | Queue: 15 | ✅ https://certainty.co.th/faq/-59...
2026-09-24 04:49:42 | INFO | Checkpoint saved: 600 visited, 15 queued
2026-09-24 04:49:44 | INFO | ✓ 601/9000 | Queue: 15 | ✅ https://certainty.co.th/faq/61...
2026-09-24 04:49:46 | INFO | ✓ 602/9000 | Queue: 15 | ✅ https://certainty.co.th/news-and-activities/-59...
2026-09-24 04:49:48 | INFO | ✓ 603/9000 | Queue: 15 | ✅ https://certainty.co.th/how_to_care_for_seniors/-6...
2026-09-24 04:49:50 | INFO | ✓ 604/9000 | Queue: 15 | ✅ https://certainty.co.th/how_to_care_for_seniors/62...
2026-09-24 04:49:53 | INFO | ✓ 605/9000 | Queue: 15 | ✅ https://certainty.co.th/blogs/-60...
2026-09-24 04:49:55 | INFO | ✓ 606/9000 | Queue: 15 | ✅ https://certainty.co.th/blogs/71...
2026-09-24 04:49:56 | INFO | ✓ 607/9000 | Queue: 15 | ✅ https://certainty.co.th/faq/-60...
2026-09-24 04:49:58 | INFO | ✓ 608/9000 | Queue: 15 | ✅ https://certainty.co.th/faq/62...
2026-09-24 04:50:01 | INFO | ✓ 609/9000 | Queue: 15 | ✅ https://certainty.co.th/news-and-activities/-60...
2026-09-24 04:50:02 | INFO | ✓ 610/9000 | Queue: 15 | ✅ https://certainty.co.th/how_to_care_for_seniors/-6...
2026-09-24 04:50:04 | INFO | ✓ 611/9000 | Queue: 15 | ✅ https://certainty.co.th/how_to_care_for_seniors/63...
2026-09-24 04:50:07 | INFO | ✓ 612/9000 | Queue: 15 | ✅ https://certainty.co.th/blogs/-61...
2026-09-24 04:50:08 | INFO | ✓ 613/9000 | Queue: 15 | ✅ https://certainty.co.th/blogs/72...
2026-09-24 04:50:11 | INFO | ✓ 614/9000 | Queue: 15 | ✅ https://certainty.co.th/faq/-61...
2026-09-24 04:50:13 | INFO | ✓ 615/9000 | Queue: 15 | ✅ https://certainty.co.th/faq/63...
2026-09-24 04:50:15 | INFO | ✓ 616/9000 | Queue: 15 | ✅ https://certainty.co.th/news-and-activities/-61...
2026-09-24 04:50:17 | INFO | ✓ 617/9000 | Queue: 15 | ✅ https://certainty.co.th/how_to_care_for_seniors/-6...
2026-09-24 04:50:18 | INFO | ✓ 618/9000 | Queue: 15 | ✅ https://certainty.co.th/how_to_care_for_seniors/64...
2026-09-24 04:50:21 | INFO | ✓ 619/9000 | Queue: 15 | ✅ https://certainty.co.th/blogs/-62...
2026-09-24 04:50:23 | INFO | ✓ 620/9000 | Queue: 15 | ✅ https://certainty.co.th/blogs/73...
2026-09-24 04:50:25 | INFO | ✓ 621/9000 | Queue: 15 | ✅ https://certainty.co.th/faq/-62...
2026-09-24 04:50:26 | INFO | ✓ 622/9000 | Queue: 15 | ✅ https://certainty.co.th/faq/64...
2026-09-24 04:50:28 | INFO | ✓ 623/9000 | Queue: 15 | ✅ https://certainty.co.th/news-and-activities/-62...
2026-09-24 04:50:30 | INFO | ✓ 624/9000 | Queue: 15 | ✅ https://certainty.co.th/how_to_care_for_seniors/-6...
2026-09-24 04:50:32 | INFO | ✓ 625/9000 | Queue: 15 | ✅ https://certainty.co.th/how_to_care_for_seniors/65...
2026-09-24 04:50:34 | INFO | ✓ 626/9000 | Queue: 15 | ✅ https://certainty.co.th/blogs/-63...
2026-09-24 04:50:36 | INFO | ✓ 627/9000 | Queue: 15 | ✅ https://certainty.co.th/blogs/74...
2026-09-24 04:50:38 | INFO | ✓ 628/9000 | Queue: 15 | ✅ https://certainty.co.th/faq/-63...
2026-09-24 04:50:40 | INFO | ✓ 629/9000 | Queue: 15 | ✅ https://certainty.co.th/faq/65...
2026-09-24 04:50:42 | INFO | ✓ 630/9000 | Queue: 15 | ✅ https://certainty.co.th/news-and-activities/-63...
2026-09-24 04:50:44 | INFO | ✓ 631/9000 | Queue: 15 | ✅ https://certainty.co.th/how_to_care_for_seniors/-6...
2026-09-24 04:50:46 | INFO | ✓ 632/9000 | Queue: 15 | ✅ https://certainty.co.th/how_to_care_for_seniors/66...
2026-09-24 04:50:48 | INFO | ✓ 633/9000 | Queue: 15 | ✅ https://certainty.co.th/blogs/-64...
2026-09-24 04:50:50 | INFO | ✓ 634/9000 | Queue: 15 | ✅ https://certainty.co.th/blogs/75...
2026-09-24 04:50:52 | INFO | ✓ 635/9000 | Queue: 15 | ✅ https://certainty.co.th/faq/-64...
2026-09-24 04:50:54 | INFO | ✓ 636/9000 | Queue: 15 | ✅ https://certainty.co.th/faq/66...
2026-09-24 04:50:57 | INFO | ✓ 637/9000 | Queue: 15 | ✅ https://certainty.co.th/news-and-activities/-64...
2026-09-24 04:50:58 | INFO | ✓ 638/9000 | Queue: 15 | ✅ https://certainty.co.th/how_to_care_for_seniors/-6...
2026-09-24 04:51:00 | INFO | ✓ 639/9000 | Queue: 15 | ✅ https://certainty.co.th/how_to_care_for_seniors/67...
2026-09-24 04:51:02 | INFO | ✓ 640/9000 | Queue: 15 | ✅ https://certainty.co.th/blogs/-65...
2026-09-24 04:51:05 | INFO | ✓ 641/9000 | Queue: 15 | ✅ https://certainty.co.th/blogs/76...
2026-09-24 04:51:07 | INFO | ✓ 642/9000 | Queue: 15 | ✅ https://certainty.co.th/faq/-65...
2026-09-24 04:51:09 | INFO | ✓ 643/9000 | Queue: 15 | ✅ https://certainty.co.th/faq/67...
2026-09-24 04:51:11 | INFO | ✓ 644/9000 | Queue: 15 | ✅ https://certainty.co.th/news-and-activities/-65...
2026-09-24 04:51:13 | INFO | ✓ 645/9000 | Queue: 15 | ✅ https://certainty.co.th/how_to_care_for_seniors/-6...
2026-09-24 04:51:15 | INFO | ✓ 646/9000 | Queue: 15 | ✅ https://certainty.co.th/how_to_care_for_seniors/68...
2026-09-24 04:51:17 | INFO | ✓ 647/9000 | Queue: 15 | ✅ https://certainty.co.th/blogs/-66...
2026-09-24 04:51:19 | INFO | ✓ 648/9000 | Queue: 15 | ✅ https://certainty.co.th/blogs/77...
2026-09-24 04:51:21 | INFO | ✓ 649/9000 | Queue: 15 | ✅ https://certainty.co.th/faq/-66...
2026-09-24 04:51:23 | INFO | ✓ 650/9000 | Queue: 15 | ✅ https://certainty.co.th/faq/68...
2026-09-24 04:51:25 | INFO | ✓ 651/9000 | Queue: 15 | ✅ https://certainty.co.th/news-and-activities/-66...
2026-09-24 04:51:27 | INFO | ✓ 652/9000 | Queue: 15 | ✅ https://certainty.co.th/how_to_care_for_seniors/-6...
2026-09-24 04:51:29 | INFO | ✓ 653/9000 | Queue: 15 | ✅ https://certainty.co.th/how_to_care_for_seniors/69...
2026-09-24 04:51:32 | INFO | ✓ 654/9000 | Queue: 15 | ✅ https://certainty.co.th/blogs/-67...
2026-09-24 04:51:34 | INFO | ✓ 655/9000 | Queue: 15 | ✅ https://certainty.co.th/blogs/78...
2026-09-24 04:51:35 | INFO | ✓ 656/9000 | Queue: 15 | ✅ https://certainty.co.th/faq/-67...
2026-09-24 04:51:38 | INFO | ✓ 657/9000 | Queue: 15 | ✅ https://certainty.co.th/faq/69...
2026-09-24 04:51:40 | INFO | ✓ 658/9000 | Queue: 15 | ✅ https://certainty.co.th/news-and-activities/-67...
2026-09-24 04:51:41 | INFO | ✓ 659/9000 | Queue: 15 | ✅ https://certainty.co.th/how_to_care_for_seniors/-6...
2026-09-24 04:51:43 | INFO | ✓ 660/9000 | Queue: 15 | ✅ https://certainty.co.th/how_to_care_for_seniors/70...
2026-09-24 04:51:46 | INFO | ✓ 661/9000 | Queue: 15 | ✅ https://certainty.co.th/blogs/-68...
2026-09-24 04:51:48 | INFO | ✓ 662/9000 | Queue: 15 | ✅ https://certainty.co.th/blogs/79...
2026-09-24 04:51:50 | INFO | ✓ 663/9000 | Queue: 15 | ✅ https://certainty.co.th/faq/-68...
2026-09-24 04:51:52 | INFO | ✓ 664/9000 | Queue: 15 | ✅ https://certainty.co.th/faq/70...
2026-09-24 04:51:54 | INFO | ✓ 665/9000 | Queue: 15 | ✅ https://certainty.co.th/news-and-activities/-68...
2026-09-24 04:51:55 | INFO | ✓ 666/9000 | Queue: 15 | ✅ https://certainty.co.th/how_to_care_for_seniors/-6...
2026-09-24 04:51:57 | INFO | ✓ 667/9000 | Queue: 15 | ✅ https://certainty.co.th/how_to_care_for_seniors/71...
2026-09-24 04:52:00 | INFO | ✓ 668/9000 | Queue: 15 | ✅ https://certainty.co.th/blogs/-69...
2026-09-24 04:52:01 | INFO | ✓ 669/9000 | Queue: 15 | ✅ https://certainty.co.th/blogs/80...
2026-09-24 04:52:03 | INFO | ✓ 670/9000 | Queue: 15 | ✅ https://certainty.co.th/faq/-69...
2026-09-24 04:52:05 | INFO | ✓ 671/9000 | Queue: 15 | ✅ https://certainty.co.th/faq/71...
2026-09-24 04:52:07 | INFO | ✓ 672/9000 | Queue: 15 | ✅ https://certainty.co.th/news-and-activities/-69...
2026-09-24 04:52:09 | INFO | ✓ 673/9000 | Queue: 15 | ✅ https://certainty.co.th/how_to_care_for_seniors/-7...
2026-09-24 04:52:11 | INFO | ✓ 674/9000 | Queue: 15 | ✅ https://certainty.co.th/how_to_care_for_seniors/72...
2026-09-24 04:52:13 | INFO | ✓ 675/9000 | Queue: 15 | ✅ https://certainty.co.th/blogs/-70...
2026-09-24 04:52:15 | INFO | ✓ 676/9000 | Queue: 15 | ✅ https://certainty.co.th/blogs/81...
2026-09-24 04:52:17 | INFO | ✓ 677/9000 | Queue: 15 | ✅ https://certainty.co.th/faq/-70...
2026-09-24 04:52:19 | INFO | ✓ 678/9000 | Queue: 15 | ✅ https://certainty.co.th/faq/72...
2026-09-24 04:52:21 | INFO | ✓ 679/9000 | Queue: 15 | ✅ https://certainty.co.th/news-and-activities/-70...
2026-09-24 04:52:23 | INFO | ✓ 680/9000 | Queue: 15 | ✅ https://certainty.co.th/how_to_care_for_seniors/-7...
2026-09-24 04:52:25 | INFO | ✓ 681/9000 | Queue: 15 | ✅ https://certainty.co.th/how_to_care_for_seniors/73...
2026-09-24 04:52:28 | INFO | ✓ 682/9000 | Queue: 15 | ✅ https://certainty.co.th/blogs/-71...
2026-09-24 04:52:30 | INFO | ✓ 683/9000 | Queue: 15 | ✅ https://certainty.co.th/blogs/82...
2026-09-24 04:52:31 | INFO | ✓ 684/9000 | Queue: 15 | ✅ https://certainty.co.th/faq/-71...
2026-09-24 04:52:33 | INFO | ✓ 685/9000 | Queue: 15 | ✅ https://certainty.co.th/faq/73...
2026-09-24 04:52:35 | INFO | ✓ 686/9000 | Queue: 15 | ✅ https://certainty.co.th/news-and-activities/-71...
2026-09-24 04:52:37 | INFO | ✓ 687/9000 | Queue: 15 | ✅ https://certainty.co.th/how_to_care_for_seniors/-7...
2026-09-24 04:52:39 | INFO | ✓ 688/9000 | Queue: 15 | ✅ https://certainty.co.th/how_to_care_for_seniors/74...
2026-09-24 04:52:42 | INFO | ✓ 689/9000 | Queue: 15 | ✅ https://certainty.co.th/blogs/-72...
2026-09-24 04:52:44 | INFO | ✓ 690/9000 | Queue: 15 | ✅ https://certainty.co.th/blogs/83...
2026-09-24 04:52:46 | INFO | ✓ 691/9000 | Queue: 15 | ✅ https://certainty.co.th/faq/-72...
2026-09-24 04:52:47 | INFO | ✓ 692/9000 | Queue: 15 | ✅ https://certainty.co.th/faq/74...
2026-09-24 04:52:49 | INFO | ✓ 693/9000 | Queue: 15 | ✅ https://certainty.co.th/news-and-activities/-72...
